Archive member included because of file (symbol)

/usr/lib/gcc/avr/4.3.5/avr5/libgcc.a(_mulsi3.o)
                              original_hww/controller.o (__mulsi3)
/usr/lib/gcc/avr/4.3.5/avr5/libgcc.a(_udivmodqi4.o)
                              original_hww/com.o (__udivmodqi4)
/usr/lib/gcc/avr/4.3.5/avr5/libgcc.a(_divmodqi4.o)
                              original_hww/menu.o (__divmodqi4)
/usr/lib/gcc/avr/4.3.5/avr5/libgcc.a(_udivmodhi4.o)
                              original_hww/motor.o (__udivmodhi4)
/usr/lib/gcc/avr/4.3.5/avr5/libgcc.a(_divmodhi4.o)
                              original_hww/motor.o (__divmodhi4)
/usr/lib/gcc/avr/4.3.5/avr5/libgcc.a(_udivmodsi4.o)
                              original_hww/adc.o (__udivmodsi4)
/usr/lib/gcc/avr/4.3.5/avr5/libgcc.a(_divmodsi4.o)
                              original_hww/adc.o (__divmodsi4)
/usr/lib/gcc/avr/4.3.5/avr5/libgcc.a(_prologue.o)
                              original_hww/rtc.o (__prologue_saves__)
/usr/lib/gcc/avr/4.3.5/avr5/libgcc.a(_epilogue.o)
                              original_hww/rtc.o (__epilogue_restores__)
/usr/lib/gcc/avr/4.3.5/avr5/libgcc.a(_exit.o)
                              /usr/lib/gcc/avr/4.3.5/../../../avr/lib/avr5/crtm169p.o (exit)
/usr/lib/gcc/avr/4.3.5/avr5/libgcc.a(_tablejump.o)
                              original_hww/com.o (__tablejump2__)
/usr/lib/gcc/avr/4.3.5/avr5/libgcc.a(_copy_data.o)
                              original_hww/motor.o (__do_copy_data)
/usr/lib/gcc/avr/4.3.5/avr5/libgcc.a(_clear_bss.o)
                              original_hww/motor.o (__do_clear_bss)

Allocating common symbols
Common symbol       size              file

MOTOR_counter       0x4               original_hww/motor.o
hourbar_buff        0x4               original_hww/menu.o
RTC_DS              0x1               original_hww/rtc.o
menu_state          0x1               original_hww/menu.o
ring_buf_temp_avgs_pos
                    0x1               original_hww/adc.o
MOTOR_Dir           0x1               original_hww/motor.o
state_wheel_prev    0x1               original_hww/keyboard.o
LCD_Data            0x12              original_hww/lcd.o
ring_buf_temp_avgs  0x40              original_hww/adc.o
timmers_patch_data  0x2               original_hww/eeprom.o
config              0x27              original_hww/eeprom.o

Memory Configuration

Name             Origin             Length             Attributes
text             0x0000000000000000 0x0000000000020000 xr
data             0x0000000000800060 0x000000000000ffa0 rw !x
eeprom           0x0000000000810000 0x0000000000010000 rw !x
fuse             0x0000000000820000 0x0000000000000400 rw !x
lock             0x0000000000830000 0x0000000000000400 rw !x
signature        0x0000000000840000 0x0000000000000400 rw !x
*default*        0x0000000000000000 0xffffffffffffffff

Linker script and memory map

Address of section .data set to 0x800100
LOAD /usr/lib/gcc/avr/4.3.5/../../../avr/lib/avr5/crtm169p.o
LOAD original_hww/motor.o
LOAD original_hww/controller.o
LOAD original_hww/rs232_485_hw.o
LOAD original_hww/watch.o
LOAD original_hww/com.o
LOAD original_hww/wireless.o
LOAD original_hww/rfm.o
LOAD original_hww/cmac.o
LOAD original_hww/xtea-asm.o
LOAD original_hww/rtc.o
LOAD original_hww/main.o
LOAD original_hww/keyboard.o
LOAD original_hww/adc.o
LOAD original_hww/eeprom.o
LOAD original_hww/menu.o
LOAD original_hww/lcd.o
LOAD /usr/lib/gcc/avr/4.3.5/../../../avr/lib/avr5/libm.a
LOAD /usr/lib/gcc/avr/4.3.5/avr5/libgcc.a
LOAD /usr/lib/gcc/avr/4.3.5/../../../avr/lib/avr5/libc.a
LOAD /usr/lib/gcc/avr/4.3.5/avr5/libgcc.a

.hash
 *(.hash)

.dynsym
 *(.dynsym)

.dynstr
 *(.dynstr)

.gnu.version
 *(.gnu.version)

.gnu.version_d
 *(.gnu.version_d)

.gnu.version_r
 *(.gnu.version_r)

.rel.init
 *(.rel.init)

.rela.init
 *(.rela.init)

.rel.text
 *(.rel.text)
 *(.rel.text.*)
 *(.rel.gnu.linkonce.t*)

.rela.text
 *(.rela.text)
 *(.rela.text.*)
 *(.rela.gnu.linkonce.t*)

.rel.fini
 *(.rel.fini)

.rela.fini
 *(.rela.fini)

.rel.rodata
 *(.rel.rodata)
 *(.rel.rodata.*)
 *(.rel.gnu.linkonce.r*)

.rela.rodata
 *(.rela.rodata)
 *(.rela.rodata.*)
 *(.rela.gnu.linkonce.r*)

.rel.data
 *(.rel.data)
 *(.rel.data.*)
 *(.rel.gnu.linkonce.d*)

.rela.data
 *(.rela.data)
 *(.rela.data.*)
 *(.rela.gnu.linkonce.d*)

.rel.ctors
 *(.rel.ctors)

.rela.ctors
 *(.rela.ctors)

.rel.dtors
 *(.rel.dtors)

.rela.dtors
 *(.rela.dtors)

.rel.got
 *(.rel.got)

.rela.got
 *(.rela.got)

.rel.bss
 *(.rel.bss)

.rela.bss
 *(.rela.bss)

.rel.plt
 *(.rel.plt)

.rela.plt
 *(.rela.plt)

.text           0x0000000000000000     0x2fe0
 *(.vectors)
 .vectors       0x0000000000000000       0x5c /usr/lib/gcc/avr/4.3.5/../../../avr/lib/avr5/crtm169p.o
                0x0000000000000000                __vectors
                0x0000000000000000                __vector_default
 *(.vectors)
 *(.progmem.gcc*)
 .progmem.gcc_sw_table
                0x000000000000005c       0x32 original_hww/com.o
 .progmem.gcc_sw_table
                0x000000000000008e       0x5c original_hww/menu.o
 *(.progmem*)
 .progmem.data  0x00000000000000ea       0x1c original_hww/watch.o
 .progmem.data  0x0000000000000106       0x59 original_hww/com.o
 .progmem.data  0x000000000000015f       0x24 original_hww/rtc.o
                0x000000000000015f                RTC_DayOfMonthTablePrgMem
 .progmem.data  0x0000000000000183       0x9b original_hww/lcd.o
                0x0000000000000183                LCD_CharTablePrgMem
                0x00000000000001ab                LCD_StringTable
                0x00000000000001fb                LCD_FieldOffsetTablePrgMem
                0x00000000000001ff                LCD_SegOffsetTablePrgMem
                0x0000000000000206                LCD_SegHourBarOffsetTablePrgMem
                0x000000000000021e                . = ALIGN (0x2)
                0x000000000000021e                __trampolines_start = .
 *(.trampolines)
 .trampolines   0x000000000000021e        0x0 linker stubs
 *(.trampolines*)
                0x000000000000021e                __trampolines_end = .
 *(.jumptables)
 *(.jumptables*)
 *(.lowtext)
 *(.lowtext*)
                0x000000000000021e                __ctors_start = .
 *(.ctors)
                0x000000000000021e                __ctors_end = .
                0x000000000000021e                __dtors_start = .
 *(.dtors)
                0x000000000000021e                __dtors_end = .
 SORT(*)(.ctors)
 SORT(*)(.dtors)
 *(.init0)
 .init0         0x000000000000021e        0x0 /usr/lib/gcc/avr/4.3.5/../../../avr/lib/avr5/crtm169p.o
                0x000000000000021e                __init
 *(.init0)
 *(.init1)
 *(.init1)
 *(.init2)
 .init2         0x000000000000021e        0xc /usr/lib/gcc/avr/4.3.5/../../../avr/lib/avr5/crtm169p.o
 *(.init2)
 *(.init3)
 *(.init3)
 *(.init4)
 .init4         0x000000000000022a       0x16 /usr/lib/gcc/avr/4.3.5/avr5/libgcc.a(_copy_data.o)
                0x000000000000022a                __do_copy_data
 .init4         0x0000000000000240       0x10 /usr/lib/gcc/avr/4.3.5/avr5/libgcc.a(_clear_bss.o)
                0x0000000000000240                __do_clear_bss
 *(.init4)
 *(.init5)
 *(.init5)
 *(.init6)
 *(.init6)
 *(.init7)
 *(.init7)
 *(.init8)
 *(.init8)
 *(.init9)
 .init9         0x0000000000000250        0x8 /usr/lib/gcc/avr/4.3.5/../../../avr/lib/avr5/crtm169p.o
 *(.init9)
 *(.text)
 .text          0x0000000000000258        0x2 /usr/lib/gcc/avr/4.3.5/../../../avr/lib/avr5/crtm169p.o
                0x0000000000000258                __vector_1
                0x0000000000000258                __vector_12
                0x0000000000000258                __bad_interrupt
                0x0000000000000258                __vector_6
                0x0000000000000258                __vector_17
                0x0000000000000258                __vector_7
                0x0000000000000258                __vector_9
                0x0000000000000258                __vector_21
                0x0000000000000258                __vector_8
                0x0000000000000258                __vector_10
                0x0000000000000258                __vector_16
                0x0000000000000258                __vector_18
                0x0000000000000258                __vector_20
 .text          0x000000000000025a      0x668 original_hww/motor.o
                0x000000000000025a                MOTOR_GetPosPercent
                0x00000000000003ae                MOTOR_Goto
                0x0000000000000446                MOTOR_timer_pulse
                0x00000000000004e0                __vector_2
                0x0000000000000662                __vector_11
                0x00000000000006f8                MOTOR_timer_stop
                0x0000000000000824                MOTOR_updateCalibration
 .text          0x00000000000008c2      0x42c original_hww/controller.o
                0x00000000000008c2                CTL_temp_change_inc
                0x00000000000008ea                CTL_change_mode
                0x0000000000000948                CTL_update
 .text          0x0000000000000cee      0x144 original_hww/rs232_485_hw.o
                0x0000000000000cee                __vector_15
                0x0000000000000d18                RS_Init
                0x0000000000000d3a                RS_startSend
                0x0000000000000d66                __vector_14
                0x0000000000000dd4                __vector_13
 .text          0x0000000000000e32       0x30 original_hww/watch.o
                0x0000000000000e32                watch
 .text          0x0000000000000e62      0x514 original_hww/com.o
                0x0000000000000e62                COM_putchar
                0x0000000000000e96                COM_tx_char_isr
                0x0000000000000eba                COM_rx_char_isr
                0x0000000000001080                COM_flush
                0x0000000000001090                COM_print_debug
                0x000000000000119c                COM_commad_parse
                0x000000000000136e                COM_init
 .text          0x0000000000001376        0x0 original_hww/wireless.o
 .text          0x0000000000001376        0x0 original_hww/rfm.o
 .text          0x0000000000001376        0x0 original_hww/cmac.o
 .text          0x0000000000001376       0xfc original_hww/xtea-asm.o
                0x0000000000001376                xtea_enc
 .text          0x0000000000001472      0x548 original_hww/rtc.o
                0x0000000000001472                RTC_SetHour
                0x0000000000001480                RTC_SetMinute
                0x000000000000148e                RTC_SetSecond
                0x000000000000149c                RTC_timer_set
                0x00000000000014f0                __vector_5
                0x000000000000150a                __vector_4
                0x0000000000001616                RTC_ActualTimerTemperature
                0x000000000000168c                RTC_DowTimerGetHourBar
                0x0000000000001720                RTC_AddOneSecond
                0x00000000000018da                RTC_SetYear
                0x00000000000018e0                RTC_SetMonth
                0x00000000000018f0                RTC_SetDay
                0x0000000000001926                RTC_Init
                0x000000000000195c                RTC_DowTimerGet
                0x0000000000001982                RTC_DowTimerSet
 .text          0x00000000000019ba      0x22c original_hww/main.o
                0x00000000000019ba                main
 .text          0x0000000000001be6      0x23c original_hww/keyboard.o
                0x0000000000001be6                task_keyboard_long_press_detect
                0x0000000000001c9e                mont_contact_pooling
                0x0000000000001ce4                __vector_3
                0x0000000000001d12                task_keyboard
 .text          0x0000000000001e22      0x28e original_hww/adc.o
                0x0000000000001efa                start_task_ADC
                0x0000000000001f1c                task_ADC
                0x00000000000020ac                __vector_19
 .text          0x00000000000020b0      0x182 original_hww/eeprom.o
                0x00000000000020b0                EEPROM_read
                0x00000000000020be                config_read
                0x0000000000002106                eeprom_config_save
                0x0000000000002166                eeprom_config_init
                0x00000000000021ba                eeprom_timers_read_raw
                0x0000000000002206                eeprom_timers_write_raw
 .text          0x0000000000002232      0x7d4 original_hww/menu.o
                0x0000000000002278                menu_view
                0x000000000000257c                menu_controller
 .text          0x0000000000002a06      0x424 original_hww/lcd.o
                0x0000000000002a06                LCD_AllSegments
                0x0000000000002a3a                LCD_Init
                0x0000000000002a68                LCD_HourBarBitmap
                0x0000000000002a9e                LCD_SetSeg
                0x0000000000002b2e                LCD_SetHourBarSeg
                0x0000000000002b3c                LCD_PrintChar
                0x0000000000002b98                LCD_PrintDec
                0x0000000000002bcc                LCD_PrintDecW
                0x0000000000002c08                LCD_PrintDec3
                0x0000000000002c52                LCD_PrintTempInt
                0x0000000000002cb0                LCD_PrintHex
                0x0000000000002cda                LCD_PrintHexW
                0x0000000000002cf8                LCD_PrintStringID
                0x0000000000002d36                LCD_PrintTemp
                0x0000000000002d92                task_lcd_update
                0x0000000000002e26                __vector_22
 .text          0x0000000000002e2a        0x0 /usr/lib/gcc/avr/4.3.5/avr5/libgcc.a(_mulsi3.o)
 .text          0x0000000000002e2a        0x0 /usr/lib/gcc/avr/4.3.5/avr5/libgcc.a(_udivmodqi4.o)
 .text          0x0000000000002e2a        0x0 /usr/lib/gcc/avr/4.3.5/avr5/libgcc.a(_divmodqi4.o)
 .text          0x0000000000002e2a        0x0 /usr/lib/gcc/avr/4.3.5/avr5/libgcc.a(_udivmodhi4.o)
 .text          0x0000000000002e2a        0x0 /usr/lib/gcc/avr/4.3.5/avr5/libgcc.a(_divmodhi4.o)
 .text          0x0000000000002e2a        0x0 /usr/lib/gcc/avr/4.3.5/avr5/libgcc.a(_udivmodsi4.o)
 .text          0x0000000000002e2a        0x0 /usr/lib/gcc/avr/4.3.5/avr5/libgcc.a(_divmodsi4.o)
 .text          0x0000000000002e2a        0x0 /usr/lib/gcc/avr/4.3.5/avr5/libgcc.a(_prologue.o)
 .text          0x0000000000002e2a        0x0 /usr/lib/gcc/avr/4.3.5/avr5/libgcc.a(_epilogue.o)
 .text          0x0000000000002e2a        0x0 /usr/lib/gcc/avr/4.3.5/avr5/libgcc.a(_exit.o)
 .text          0x0000000000002e2a        0x0 /usr/lib/gcc/avr/4.3.5/avr5/libgcc.a(_tablejump.o)
 .text          0x0000000000002e2a        0x0 /usr/lib/gcc/avr/4.3.5/avr5/libgcc.a(_copy_data.o)
 .text          0x0000000000002e2a        0x0 /usr/lib/gcc/avr/4.3.5/avr5/libgcc.a(_clear_bss.o)
                0x0000000000002e2a                . = ALIGN (0x2)
 *(.text.*)
 .text.libgcc   0x0000000000002e2a       0x3e /usr/lib/gcc/avr/4.3.5/avr5/libgcc.a(_mulsi3.o)
                0x0000000000002e2a                __mulsi3
 .text.libgcc   0x0000000000002e68       0x18 /usr/lib/gcc/avr/4.3.5/avr5/libgcc.a(_udivmodqi4.o)
                0x0000000000002e68                __udivmodqi4
 .text.libgcc   0x0000000000002e80       0x1a /usr/lib/gcc/avr/4.3.5/avr5/libgcc.a(_divmodqi4.o)
                0x0000000000002e80                __divmodqi4
 .text.libgcc   0x0000000000002e9a       0x28 /usr/lib/gcc/avr/4.3.5/avr5/libgcc.a(_udivmodhi4.o)
                0x0000000000002e9a                __udivmodhi4
 .text.libgcc   0x0000000000002ec2       0x26 /usr/lib/gcc/avr/4.3.5/avr5/libgcc.a(_divmodhi4.o)
                0x0000000000002ec2                __divmodhi4
                0x0000000000002ec2                _div
 .text.libgcc   0x0000000000002ee8       0x44 /usr/lib/gcc/avr/4.3.5/avr5/libgcc.a(_udivmodsi4.o)
                0x0000000000002ee8                __udivmodsi4
 .text.libgcc   0x0000000000002f2c       0x36 /usr/lib/gcc/avr/4.3.5/avr5/libgcc.a(_divmodsi4.o)
                0x0000000000002f2c                __divmodsi4
 .text.libgcc   0x0000000000002f62       0x38 /usr/lib/gcc/avr/4.3.5/avr5/libgcc.a(_prologue.o)
                0x0000000000002f62                __prologue_saves__
 .text.libgcc   0x0000000000002f9a       0x36 /usr/lib/gcc/avr/4.3.5/avr5/libgcc.a(_epilogue.o)
                0x0000000000002f9a                __epilogue_restores__
 .text.libgcc   0x0000000000002fd0        0x0 /usr/lib/gcc/avr/4.3.5/avr5/libgcc.a(_exit.o)
 .text.libgcc   0x0000000000002fd0        0xc /usr/lib/gcc/avr/4.3.5/avr5/libgcc.a(_tablejump.o)
                0x0000000000002fd0                __tablejump2__
                0x0000000000002fd4                __tablejump__
 .text.libgcc   0x0000000000002fdc        0x0 /usr/lib/gcc/avr/4.3.5/avr5/libgcc.a(_copy_data.o)
 .text.libgcc   0x0000000000002fdc        0x0 /usr/lib/gcc/avr/4.3.5/avr5/libgcc.a(_clear_bss.o)
                0x0000000000002fdc                . = ALIGN (0x2)
 *(.fini9)
 .fini9         0x0000000000002fdc        0x0 /usr/lib/gcc/avr/4.3.5/avr5/libgcc.a(_exit.o)
                0x0000000000002fdc                exit
                0x0000000000002fdc                _exit
 *(.fini9)
 *(.fini8)
 *(.fini8)
 *(.fini7)
 *(.fini7)
 *(.fini6)
 *(.fini6)
 *(.fini5)
 *(.fini5)
 *(.fini4)
 *(.fini4)
 *(.fini3)
 *(.fini3)
 *(.fini2)
 *(.fini2)
 *(.fini1)
 *(.fini1)
 *(.fini0)
 .fini0         0x0000000000002fdc        0x4 /usr/lib/gcc/avr/4.3.5/avr5/libgcc.a(_exit.o)
 *(.fini0)
                0x0000000000002fe0                _etext = .

.data           0x0000000000800100       0x16 load address 0x0000000000002fe0
                0x0000000000800100                PROVIDE (__data_start, .)
 *(.data)
 .data          0x0000000000800100        0x0 /usr/lib/gcc/avr/4.3.5/../../../avr/lib/avr5/crtm169p.o
 .data          0x0000000000800100        0x0 original_hww/motor.o
 .data          0x0000000000800100        0x0 original_hww/controller.o
 .data          0x0000000000800100        0x0 original_hww/rs232_485_hw.o
 .data          0x0000000000800100        0x0 original_hww/watch.o
 .data          0x0000000000800100        0x0 original_hww/com.o
 .data          0x0000000000800100        0x0 original_hww/wireless.o
 .data          0x0000000000800100        0x0 original_hww/rfm.o
 .data          0x0000000000800100        0x0 original_hww/cmac.o
 .data          0x0000000000800100        0x0 original_hww/xtea-asm.o
 .data          0x0000000000800100        0x0 original_hww/rtc.o
 .data          0x0000000000800100        0x0 original_hww/main.o
 .data          0x0000000000800100        0x0 original_hww/keyboard.o
 .data          0x0000000000800100        0x0 original_hww/adc.o
 .data          0x0000000000800100        0x0 original_hww/eeprom.o
 .data          0x0000000000800100        0x0 original_hww/menu.o
 .data          0x0000000000800100        0x0 original_hww/lcd.o
 .data          0x0000000000800100        0x0 /usr/lib/gcc/avr/4.3.5/avr5/libgcc.a(_mulsi3.o)
 .data          0x0000000000800100        0x0 /usr/lib/gcc/avr/4.3.5/avr5/libgcc.a(_udivmodqi4.o)
 .data          0x0000000000800100        0x0 /usr/lib/gcc/avr/4.3.5/avr5/libgcc.a(_divmodqi4.o)
 .data          0x0000000000800100        0x0 /usr/lib/gcc/avr/4.3.5/avr5/libgcc.a(_udivmodhi4.o)
 .data          0x0000000000800100        0x0 /usr/lib/gcc/avr/4.3.5/avr5/libgcc.a(_divmodhi4.o)
 .data          0x0000000000800100        0x0 /usr/lib/gcc/avr/4.3.5/avr5/libgcc.a(_udivmodsi4.o)
 .data          0x0000000000800100        0x0 /usr/lib/gcc/avr/4.3.5/avr5/libgcc.a(_divmodsi4.o)
 .data          0x0000000000800100        0x0 /usr/lib/gcc/avr/4.3.5/avr5/libgcc.a(_prologue.o)
 .data          0x0000000000800100        0x0 /usr/lib/gcc/avr/4.3.5/avr5/libgcc.a(_epilogue.o)
 .data          0x0000000000800100        0x0 /usr/lib/gcc/avr/4.3.5/avr5/libgcc.a(_exit.o)
 .data          0x0000000000800100        0x0 /usr/lib/gcc/avr/4.3.5/avr5/libgcc.a(_tablejump.o)
 .data          0x0000000000800100        0x0 /usr/lib/gcc/avr/4.3.5/avr5/libgcc.a(_copy_data.o)
 .data          0x0000000000800100        0x0 /usr/lib/gcc/avr/4.3.5/avr5/libgcc.a(_clear_bss.o)
 *(.data*)
 .data.MOTOR_calibration_step
                0x0000000000800100        0x1 original_hww/motor.o
                0x0000000000800100                MOTOR_calibration_step
 .data.motor_diag_ignore
                0x0000000000800101        0x1 original_hww/motor.o
 .data.MOTOR_wait_for_new_calibration
                0x0000000000800102        0x1 original_hww/motor.o
 .data.CTL_temp_wanted_last
                0x0000000000800103        0x1 original_hww/controller.o
                0x0000000000800103                CTL_temp_wanted_last
 .data.CTL_mode_auto
                0x0000000000800104        0x1 original_hww/controller.o
                0x0000000000800104                CTL_mode_auto
 .data.PID_force_update
                0x0000000000800105        0x1 original_hww/controller.o
                0x0000000000800105                PID_force_update
 .data.PID_update_timeout
                0x0000000000800106        0x2 original_hww/controller.o
 .data.window_timer
                0x0000000000800108        0x1 original_hww/controller.o
 .data.RTC      0x0000000000800109        0x7 original_hww/rtc.o
                0x0000000000800109                RTC
 .data.kb_timeout
                0x0000000000800110        0x1 original_hww/keyboard.o
                0x0000000000800110                kb_timeout
 .data.ring_used
                0x0000000000800111        0x1 original_hww/adc.o
 .data.timmers_patch_offset
                0x0000000000800112        0x1 original_hww/eeprom.o
                0x0000000000800112                timmers_patch_offset
 .data.menu_auto_update_timeout
                0x0000000000800113        0x1 original_hww/menu.o
                0x0000000000800113                menu_auto_update_timeout
 .data.service_idx
                0x0000000000800114        0x1 original_hww/menu.o
 .data.LCD_used_bitplanes
                0x0000000000800115        0x1 original_hww/lcd.o
                0x0000000000800115                LCD_used_bitplanes
 *(.rodata)
 *(.rodata*)
 *(.gnu.linkonce.d*)
                0x0000000000800116                . = ALIGN (0x2)
                0x0000000000800116                _edata = .
                0x0000000000800116                PROVIDE (__data_end, .)

.bss            0x0000000000800116      0x1b0
                0x0000000000800116                PROVIDE (__bss_start, .)
 *(.bss)
 .bss           0x0000000000800116        0x0 /usr/lib/gcc/avr/4.3.5/../../../avr/lib/avr5/crtm169p.o
 .bss           0x0000000000800116        0x0 original_hww/motor.o
 .bss           0x0000000000800116        0x0 original_hww/controller.o
 .bss           0x0000000000800116        0x0 original_hww/rs232_485_hw.o
 .bss           0x0000000000800116        0x0 original_hww/watch.o
 .bss           0x0000000000800116        0x0 original_hww/com.o
 .bss           0x0000000000800116        0x0 original_hww/wireless.o
 .bss           0x0000000000800116        0x0 original_hww/rfm.o
 .bss           0x0000000000800116        0x0 original_hww/cmac.o
 .bss           0x0000000000800116        0x0 original_hww/xtea-asm.o
 .bss           0x0000000000800116        0x0 original_hww/rtc.o
 .bss           0x0000000000800116        0x0 original_hww/main.o
 .bss           0x0000000000800116        0x0 original_hww/keyboard.o
 .bss           0x0000000000800116        0x0 original_hww/adc.o
 .bss           0x0000000000800116        0x0 original_hww/eeprom.o
 .bss           0x0000000000800116        0x0 original_hww/menu.o
 .bss           0x0000000000800116        0x0 original_hww/lcd.o
 .bss           0x0000000000800116        0x0 /usr/lib/gcc/avr/4.3.5/avr5/libgcc.a(_mulsi3.o)
 .bss           0x0000000000800116        0x0 /usr/lib/gcc/avr/4.3.5/avr5/libgcc.a(_udivmodqi4.o)
 .bss           0x0000000000800116        0x0 /usr/lib/gcc/avr/4.3.5/avr5/libgcc.a(_divmodqi4.o)
 .bss           0x0000000000800116        0x0 /usr/lib/gcc/avr/4.3.5/avr5/libgcc.a(_udivmodhi4.o)
 .bss           0x0000000000800116        0x0 /usr/lib/gcc/avr/4.3.5/avr5/libgcc.a(_divmodhi4.o)
 .bss           0x0000000000800116        0x0 /usr/lib/gcc/avr/4.3.5/avr5/libgcc.a(_udivmodsi4.o)
 .bss           0x0000000000800116        0x0 /usr/lib/gcc/avr/4.3.5/avr5/libgcc.a(_divmodsi4.o)
 .bss           0x0000000000800116        0x0 /usr/lib/gcc/avr/4.3.5/avr5/libgcc.a(_prologue.o)
 .bss           0x0000000000800116        0x0 /usr/lib/gcc/avr/4.3.5/avr5/libgcc.a(_epilogue.o)
 .bss           0x0000000000800116        0x0 /usr/lib/gcc/avr/4.3.5/avr5/libgcc.a(_exit.o)
 .bss           0x0000000000800116        0x0 /usr/lib/gcc/avr/4.3.5/avr5/libgcc.a(_tablejump.o)
 .bss           0x0000000000800116        0x0 /usr/lib/gcc/avr/4.3.5/avr5/libgcc.a(_copy_data.o)
 .bss           0x0000000000800116        0x0 /usr/lib/gcc/avr/4.3.5/avr5/libgcc.a(_clear_bss.o)
 *(.bss*)
 .bss.MOTOR_PosAct
                0x0000000000800116        0x2 original_hww/motor.o
                0x0000000000800116                MOTOR_PosAct
 .bss.MOTOR_PosMax
                0x0000000000800118        0x2 original_hww/motor.o
                0x0000000000800118                MOTOR_PosMax
 .bss.motor_diag
                0x000000000080011a        0x2 original_hww/motor.o
                0x000000000080011a                motor_diag
 .bss.MOTOR_PosOvershoot
                0x000000000080011c        0x1 original_hww/motor.o
                0x000000000080011c                MOTOR_PosOvershoot
 .bss.motor_diag_cnt
                0x000000000080011d        0x2 original_hww/motor.o
 .bss.motor_timer
                0x000000000080011f        0x2 original_hww/motor.o
 .bss.pine_last
                0x0000000000800121        0x1 original_hww/motor.o
 .bss.last_eye_change
                0x0000000000800122        0x2 original_hww/motor.o
 .bss.longest_low_eye
                0x0000000000800124        0x2 original_hww/motor.o
 .bss.MOTOR_PosStop
                0x0000000000800126        0x2 original_hww/motor.o
 .bss.MOTOR_Dir_Counter
                0x0000000000800128        0x1 original_hww/motor.o
 .bss.motor_max_time_for_impulse
                0x0000000000800129        0x2 original_hww/motor.o
 .bss.CTL_temp_wanted
                0x000000000080012b        0x1 original_hww/controller.o
                0x000000000080012b                CTL_temp_wanted
 .bss.CTL_temp_auto
                0x000000000080012c        0x1 original_hww/controller.o
                0x000000000080012c                CTL_temp_auto
 .bss.CTL_mode_window
                0x000000000080012d        0x1 original_hww/controller.o
                0x000000000080012d                CTL_mode_window
 .bss.CTL_error
                0x000000000080012e        0x1 original_hww/controller.o
                0x000000000080012e                CTL_error
 .bss.sumError  0x000000000080012f        0x2 original_hww/controller.o
                0x000000000080012f                sumError
 .bss.lastProcessValue
                0x0000000000800131        0x2 original_hww/controller.o
 .bss.menu_temp_rewoke
                0x0000000000800133        0x1 original_hww/controller.o
 .bss.rx_buff_in
                0x0000000000800134        0x1 original_hww/com.o
 .bss.rx_buff_out
                0x0000000000800135        0x1 original_hww/com.o
 .bss.tx_buff_in
                0x0000000000800136        0x1 original_hww/com.o
 .bss.tx_buff_out
                0x0000000000800137        0x1 original_hww/com.o
 .bss.tx_buff   0x0000000000800138       0x80 original_hww/com.o
 .bss.rx_buff   0x00000000008001b8       0x20 original_hww/com.o
 .bss.COM_requests
                0x00000000008001d8        0x1 original_hww/com.o
 .bss.com_hex   0x00000000008001d9        0x3 original_hww/com.o
 .bss.RTC_timer_todo
                0x00000000008001dc        0x1 original_hww/rtc.o
                0x00000000008001dc                RTC_timer_todo
 .bss.RTC_timer_done
                0x00000000008001dd        0x1 original_hww/rtc.o
                0x00000000008001dd                RTC_timer_done
 .bss.RTC_timer_time
                0x00000000008001de        0x1 original_hww/rtc.o
 .bss.valve_wanted
                0x00000000008001df        0x1 original_hww/main.o
                0x00000000008001df                valve_wanted
 .bss.kb_events
                0x00000000008001e0        0x2 original_hww/keyboard.o
                0x00000000008001e0                kb_events
 .bss.keys      0x00000000008001e2        0x1 original_hww/keyboard.o
 .bss.allow_rewoke
                0x00000000008001e3        0x1 original_hww/keyboard.o
 .bss.state_front_prev
                0x00000000008001e4        0x1 original_hww/keyboard.o
 .bss.long_press
                0x00000000008001e5        0x1 original_hww/keyboard.o
 .bss.long_quiet
                0x00000000008001e6        0x1 original_hww/keyboard.o
 .bss.sleep_with_ADC
                0x00000000008001e7        0x1 original_hww/adc.o
                0x00000000008001e7                sleep_with_ADC
 .bss.ring_average
                0x00000000008001e8        0x4 original_hww/adc.o
                0x00000000008001e8                ring_average
 .bss.dummy_adc
                0x00000000008001ec        0x2 original_hww/adc.o
 .bss.ring_sum  0x00000000008001ee        0x8 original_hww/adc.o
 .bss.ring_pos  0x00000000008001f6        0x1 original_hww/adc.o
 .bss.state_ADC
                0x00000000008001f7        0x1 original_hww/adc.o
 .bss.ring_buf  0x00000000008001f8       0x3c original_hww/adc.o
 .bss.service_watch_n
                0x0000000000800234        0x1 original_hww/menu.o
 .bss.locked    0x0000000000800235        0x1 original_hww/menu.o
 .bss.menu_set_dow
                0x0000000000800236        0x1 original_hww/menu.o
 .bss.menu_set_time
                0x0000000000800237        0x2 original_hww/menu.o
 .bss.menu_set_mode
                0x0000000000800239        0x1 original_hww/menu.o
 .bss.menu_set_slot
                0x000000000080023a        0x1 original_hww/menu.o
 .bss.LCD_force_update
                0x000000000080023b        0x1 original_hww/lcd.o
                0x000000000080023b                LCD_force_update
 .bss.LCD_BlinkCounter
                0x000000000080023c        0x1 original_hww/lcd.o
 .bss.LCD_Bitplane
                0x000000000080023d        0x1 original_hww/lcd.o
 *(COMMON)
 COMMON         0x000000000080023e        0x5 original_hww/motor.o
                0x000000000080023e                MOTOR_counter
                0x0000000000800242                MOTOR_Dir
 COMMON         0x0000000000800243        0x1 original_hww/rtc.o
                0x0000000000800243                RTC_DS
 COMMON         0x0000000000800244        0x1 original_hww/keyboard.o
                0x0000000000800244                state_wheel_prev
 COMMON         0x0000000000800245       0x41 original_hww/adc.o
                0x0000000000800245                ring_buf_temp_avgs_pos
                0x0000000000800246                ring_buf_temp_avgs
 COMMON         0x0000000000800286       0x29 original_hww/eeprom.o
                0x0000000000800286                timmers_patch_data
                0x0000000000800288                config
 COMMON         0x00000000008002af        0x5 original_hww/menu.o
                0x00000000008002af                hourbar_buff
                0x00000000008002b3                menu_state
 COMMON         0x00000000008002b4       0x12 original_hww/lcd.o
                0x00000000008002b4                LCD_Data
                0x00000000008002c6                PROVIDE (__bss_end, .)
                0x0000000000002fe0                __data_load_start = LOADADDR (.data)
                0x0000000000002ff6                __data_load_end = (__data_load_start + SIZEOF (.data))

.noinit         0x00000000008002c6        0x0
                0x00000000008002c6                PROVIDE (__noinit_start, .)
 *(.noinit*)
                0x00000000008002c6                PROVIDE (__noinit_end, .)
                0x00000000008002c6                _end = .
                0x00000000008002c6                PROVIDE (__heap_start, .)

.eeprom         0x0000000000810000      0x15c
 *(.eeprom*)
 .eeprom        0x0000000000810000      0x15c original_hww/eeprom.o
                0x0000000000810000                ee_reserved1
                0x0000000000810001                ee_reserved2
                0x0000000000810002                ee_reserved3
                0x0000000000810003                ee_layout
                0x0000000000810004                ee_timers
                0x0000000000810084                ee_reserved2_60
                0x00000000008100c0                ee_config
                0x000000000081015c                __eeprom_end = .

.fuse           0x0000000000820000        0x3
 *(.fuse)
 .fuse          0x0000000000820000        0x3 original_hww/main.o
                0x0000000000820000                __fuse
 *(.lfuse)
 *(.hfuse)
 *(.efuse)

.lock
 *(.lock*)

.signature
 *(.signature*)

.stab           0x0000000000000000      0xcb4
 *(.stab)
 .stab          0x0000000000000000      0x6b4 /usr/lib/gcc/avr/4.3.5/../../../avr/lib/avr5/crtm169p.o
 .stab          0x00000000000006b4      0x600 original_hww/xtea-asm.o
                                        0x60c (size before relaxing)

.stabstr        0x0000000000000000       0x79
 *(.stabstr)
 .stabstr       0x0000000000000000       0x79 /usr/lib/gcc/avr/4.3.5/../../../avr/lib/avr5/crtm169p.o

.stab.excl
 *(.stab.excl)

.stab.exclstr
 *(.stab.exclstr)

.stab.index
 *(.stab.index)

.stab.indexstr
 *(.stab.indexstr)

.comment
 *(.comment)

.debug
 *(.debug)

.line
 *(.line)

.debug_srcinfo
 *(.debug_srcinfo)

.debug_sfnames
 *(.debug_sfnames)

.debug_aranges  0x0000000000000000      0x180
 *(.debug_aranges)
 .debug_aranges
                0x0000000000000000       0x20 original_hww/motor.o
 .debug_aranges
                0x0000000000000020       0x20 original_hww/controller.o
 .debug_aranges
                0x0000000000000040       0x20 original_hww/rs232_485_hw.o
 .debug_aranges
                0x0000000000000060       0x20 original_hww/watch.o
 .debug_aranges
                0x0000000000000080       0x20 original_hww/com.o
 .debug_aranges
                0x00000000000000a0       0x20 original_hww/rtc.o
 .debug_aranges
                0x00000000000000c0       0x20 original_hww/main.o
 .debug_aranges
                0x00000000000000e0       0x20 original_hww/keyboard.o
 .debug_aranges
                0x0000000000000100       0x20 original_hww/adc.o
 .debug_aranges
                0x0000000000000120       0x20 original_hww/eeprom.o
 .debug_aranges
                0x0000000000000140       0x20 original_hww/menu.o
 .debug_aranges
                0x0000000000000160       0x20 original_hww/lcd.o

.debug_pubnames
                0x0000000000000000      0x9c2
 *(.debug_pubnames)
 .debug_pubnames
                0x0000000000000000      0x122 original_hww/motor.o
 .debug_pubnames
                0x0000000000000122       0xe2 original_hww/controller.o
 .debug_pubnames
                0x0000000000000204       0x5f original_hww/rs232_485_hw.o
 .debug_pubnames
                0x0000000000000263       0x2d original_hww/watch.o
 .debug_pubnames
                0x0000000000000290       0x8e original_hww/com.o
 .debug_pubnames
                0x000000000000031e      0x181 original_hww/rtc.o
 .debug_pubnames
                0x000000000000049f       0x37 original_hww/main.o
 .debug_pubnames
                0x00000000000004d6       0xa2 original_hww/keyboard.o
 .debug_pubnames
                0x0000000000000578       0x98 original_hww/adc.o
 .debug_pubnames
                0x0000000000000610      0x143 original_hww/eeprom.o
 .debug_pubnames
                0x0000000000000753       0x71 original_hww/menu.o
 .debug_pubnames
                0x00000000000007c4      0x1fe original_hww/lcd.o

.debug_info     0x0000000000000000     0x47ff
 *(.debug_info)
 .debug_info    0x0000000000000000      0x699 original_hww/motor.o
 .debug_info    0x0000000000000699      0x5f4 original_hww/controller.o
 .debug_info    0x0000000000000c8d       0xf9 original_hww/rs232_485_hw.o
 .debug_info    0x0000000000000d86      0x1d4 original_hww/watch.o
 .debug_info    0x0000000000000f5a      0x974 original_hww/com.o
 .debug_info    0x00000000000018ce       0x61 original_hww/wireless.o
 .debug_info    0x000000000000192f       0x61 original_hww/rfm.o
 .debug_info    0x0000000000001990       0x61 original_hww/cmac.o
 .debug_info    0x00000000000019f1      0xafe original_hww/rtc.o
 .debug_info    0x00000000000024ef      0x515 original_hww/main.o
 .debug_info    0x0000000000002a04      0x1f0 original_hww/keyboard.o
 .debug_info    0x0000000000002bf4      0x525 original_hww/adc.o
 .debug_info    0x0000000000003119      0x58c original_hww/eeprom.o
 .debug_info    0x00000000000036a5      0x7ed original_hww/menu.o
 .debug_info    0x0000000000003e92      0x96d original_hww/lcd.o
 *(.gnu.linkonce.wi.*)

.debug_abbrev   0x0000000000000000     0x149c
 *(.debug_abbrev)
 .debug_abbrev  0x0000000000000000      0x1c9 original_hww/motor.o
 .debug_abbrev  0x00000000000001c9      0x1d2 original_hww/controller.o
 .debug_abbrev  0x000000000000039b       0x88 original_hww/rs232_485_hw.o
 .debug_abbrev  0x0000000000000423       0xd4 original_hww/watch.o
 .debug_abbrev  0x00000000000004f7      0x23c original_hww/com.o
 .debug_abbrev  0x0000000000000733       0x33 original_hww/wireless.o
 .debug_abbrev  0x0000000000000766       0x33 original_hww/rfm.o
 .debug_abbrev  0x0000000000000799       0x33 original_hww/cmac.o
 .debug_abbrev  0x00000000000007cc      0x336 original_hww/rtc.o
 .debug_abbrev  0x0000000000000b02      0x13c original_hww/main.o
 .debug_abbrev  0x0000000000000c3e      0x103 original_hww/keyboard.o
 .debug_abbrev  0x0000000000000d41      0x19e original_hww/adc.o
 .debug_abbrev  0x0000000000000edf      0x194 original_hww/eeprom.o
 .debug_abbrev  0x0000000000001073      0x251 original_hww/menu.o
 .debug_abbrev  0x00000000000012c4      0x1d8 original_hww/lcd.o

.debug_line     0x0000000000000000     0x2fc1
 *(.debug_line)
 .debug_line    0x0000000000000000      0x5c0 original_hww/motor.o
 .debug_line    0x00000000000005c0      0x390 original_hww/controller.o
 .debug_line    0x0000000000000950      0x187 original_hww/rs232_485_hw.o
 .debug_line    0x0000000000000ad7       0xdd original_hww/watch.o
 .debug_line    0x0000000000000bb4      0x66e original_hww/com.o
 .debug_line    0x0000000000001222       0x3e original_hww/wireless.o
 .debug_line    0x0000000000001260       0x3e original_hww/rfm.o
 .debug_line    0x000000000000129e       0x3e original_hww/cmac.o
 .debug_line    0x00000000000012dc      0x5a3 original_hww/rtc.o
 .debug_line    0x000000000000187f      0x416 original_hww/main.o
 .debug_line    0x0000000000001c95      0x2bb original_hww/keyboard.o
 .debug_line    0x0000000000001f50      0x1f1 original_hww/adc.o
 .debug_line    0x0000000000002141      0x284 original_hww/eeprom.o
 .debug_line    0x00000000000023c5      0x76c original_hww/menu.o
 .debug_line    0x0000000000002b31      0x490 original_hww/lcd.o

.debug_frame    0x0000000000000000      0x620
 *(.debug_frame)
 .debug_frame   0x0000000000000000       0x90 original_hww/motor.o
 .debug_frame   0x0000000000000090       0x40 original_hww/controller.o
 .debug_frame   0x00000000000000d0       0x60 original_hww/rs232_485_hw.o
 .debug_frame   0x0000000000000130       0x20 original_hww/watch.o
 .debug_frame   0x0000000000000150      0x110 original_hww/com.o
 .debug_frame   0x0000000000000260      0x120 original_hww/rtc.o
 .debug_frame   0x0000000000000380       0x20 original_hww/main.o
 .debug_frame   0x00000000000003a0       0x50 original_hww/keyboard.o
 .debug_frame   0x00000000000003f0       0x50 original_hww/adc.o
 .debug_frame   0x0000000000000440       0x80 original_hww/eeprom.o
 .debug_frame   0x00000000000004c0       0x50 original_hww/menu.o
 .debug_frame   0x0000000000000510      0x110 original_hww/lcd.o

.debug_str      0x0000000000000000     0x1290
 *(.debug_str)
 .debug_str     0x0000000000000000      0x544 original_hww/motor.o
                                        0x5a7 (size before relaxing)
 .debug_str     0x0000000000000544      0x184 original_hww/controller.o
                                        0x504 (size before relaxing)
 .debug_str     0x00000000000006c8       0x51 original_hww/rs232_485_hw.o
                                        0x111 (size before relaxing)
 .debug_str     0x0000000000000719       0x24 original_hww/watch.o
                                        0x1b0 (size before relaxing)
 .debug_str     0x000000000000073d      0x141 original_hww/com.o
                                        0x551 (size before relaxing)
 .debug_str     0x000000000000087e        0xb original_hww/wireless.o
                                         0xbd (size before relaxing)
 .debug_str     0x0000000000000889        0x6 original_hww/rfm.o
                                         0xb8 (size before relaxing)
 .debug_str     0x000000000000088f        0x7 original_hww/cmac.o
                                         0xb9 (size before relaxing)
 .debug_str     0x0000000000000896      0x27a original_hww/rtc.o
                                        0x647 (size before relaxing)
 .debug_str     0x0000000000000b10       0x83 original_hww/main.o
                                        0x48a (size before relaxing)
 .debug_str     0x0000000000000b93       0xab original_hww/keyboard.o
                                        0x1bf (size before relaxing)
 .debug_str     0x0000000000000c3e       0xdb original_hww/adc.o
                                        0x470 (size before relaxing)
 .debug_str     0x0000000000000d19      0x12d original_hww/eeprom.o
                                        0x4b3 (size before relaxing)
 .debug_str     0x0000000000000e46      0x27c original_hww/menu.o
                                        0x6f5 (size before relaxing)
 .debug_str     0x00000000000010c2      0x1ce original_hww/lcd.o
                                        0x57b (size before relaxing)

.debug_loc      0x0000000000000000     0x18f5
 *(.debug_loc)
 .debug_loc     0x0000000000000000      0x1c9 original_hww/motor.o
 .debug_loc     0x00000000000001c9      0x38a original_hww/controller.o
 .debug_loc     0x0000000000000553       0x1e original_hww/rs232_485_hw.o
 .debug_loc     0x0000000000000571       0x1e original_hww/watch.o
 .debug_loc     0x000000000000058f      0x437 original_hww/com.o
 .debug_loc     0x00000000000009c6      0x3e1 original_hww/rtc.o
 .debug_loc     0x0000000000000da7       0x52 original_hww/main.o
 .debug_loc     0x0000000000000df9       0x26 original_hww/keyboard.o
 .debug_loc     0x0000000000000e1f       0xb9 original_hww/adc.o
 .debug_loc     0x0000000000000ed8      0x156 original_hww/eeprom.o
 .debug_loc     0x000000000000102e      0x3f2 original_hww/menu.o
 .debug_loc     0x0000000000001420      0x4d5 original_hww/lcd.o

.debug_macinfo
 *(.debug_macinfo)
OUTPUT(../bin/original_hww/hr20.elf elf32-avr)
LOAD linker stubs

.debug_ranges   0x0000000000000000       0x30
 .debug_ranges  0x0000000000000000       0x18 original_hww/eeprom.o
 .debug_ranges  0x0000000000000018       0x18 original_hww/menu.o

Cross Reference Table

Symbol                                            File
COM_commad_parse                                  original_hww/com.o
                                                  original_hww/main.o
COM_flush                                         original_hww/com.o
COM_init                                          original_hww/com.o
                                                  original_hww/main.o
COM_print_debug                                   original_hww/com.o
                                                  original_hww/controller.o
COM_putchar                                       original_hww/com.o
COM_rx_char_isr                                   original_hww/com.o
                                                  original_hww/rs232_485_hw.o
COM_tx_char_isr                                   original_hww/com.o
                                                  original_hww/rs232_485_hw.o
CTL_change_mode                                   original_hww/controller.o
                                                  original_hww/menu.o
                                                  original_hww/com.o
CTL_error                                         original_hww/controller.o
                                                  original_hww/menu.o
                                                  original_hww/keyboard.o
                                                  original_hww/main.o
                                                  original_hww/com.o
                                                  original_hww/motor.o
CTL_mode_auto                                     original_hww/controller.o
                                                  original_hww/menu.o
                                                  original_hww/com.o
                                                  original_hww/watch.o
CTL_mode_window                                   original_hww/controller.o
                                                  original_hww/menu.o
                                                  original_hww/com.o
                                                  original_hww/watch.o
CTL_temp_auto                                     original_hww/controller.o
                                                  original_hww/menu.o
                                                  original_hww/com.o
                                                  original_hww/watch.o
CTL_temp_change_inc                               original_hww/controller.o
                                                  original_hww/menu.o
CTL_temp_wanted                                   original_hww/controller.o
                                                  original_hww/menu.o
                                                  original_hww/com.o
                                                  original_hww/watch.o
CTL_temp_wanted_last                              original_hww/controller.o
                                                  original_hww/com.o
                                                  original_hww/watch.o
CTL_update                                        original_hww/controller.o
                                                  original_hww/main.o
EEPROM_read                                       original_hww/eeprom.o
                                                  original_hww/main.o
LCD_AllSegments                                   original_hww/lcd.o
                                                  original_hww/menu.o
LCD_CharTablePrgMem                               original_hww/lcd.o
LCD_Data                                          original_hww/lcd.o
LCD_FieldOffsetTablePrgMem                        original_hww/lcd.o
LCD_HourBarBitmap                                 original_hww/lcd.o
                                                  original_hww/menu.o
LCD_Init                                          original_hww/lcd.o
                                                  original_hww/menu.o
                                                  original_hww/main.o
LCD_PrintChar                                     original_hww/lcd.o
                                                  original_hww/menu.o
LCD_PrintDec                                      original_hww/lcd.o
                                                  original_hww/menu.o
LCD_PrintDec3                                     original_hww/lcd.o
                                                  original_hww/menu.o
LCD_PrintDecW                                     original_hww/lcd.o
                                                  original_hww/menu.o
LCD_PrintHex                                      original_hww/lcd.o
                                                  original_hww/menu.o
LCD_PrintHexW                                     original_hww/lcd.o
                                                  original_hww/menu.o
LCD_PrintStringID                                 original_hww/lcd.o
                                                  original_hww/menu.o
                                                  original_hww/main.o
LCD_PrintTemp                                     original_hww/lcd.o
                                                  original_hww/menu.o
LCD_PrintTempInt                                  original_hww/lcd.o
                                                  original_hww/menu.o
LCD_SegHourBarOffsetTablePrgMem                   original_hww/lcd.o
LCD_SegOffsetTablePrgMem                          original_hww/lcd.o
LCD_SetHourBarSeg                                 original_hww/lcd.o
                                                  original_hww/menu.o
LCD_SetSeg                                        original_hww/lcd.o
                                                  original_hww/menu.o
LCD_StringTable                                   original_hww/lcd.o
LCD_force_update                                  original_hww/lcd.o
                                                  original_hww/main.o
LCD_used_bitplanes                                original_hww/lcd.o
MOTOR_Dir                                         original_hww/main.o
                                                  original_hww/motor.o
MOTOR_GetPosPercent                               original_hww/motor.o
                                                  original_hww/menu.o
MOTOR_Goto                                        original_hww/motor.o
                                                  original_hww/main.o
MOTOR_PosAct                                      original_hww/motor.o
                                                  original_hww/watch.o
MOTOR_PosMax                                      original_hww/motor.o
                                                  original_hww/watch.o
MOTOR_PosOvershoot                                original_hww/motor.o
                                                  original_hww/watch.o
MOTOR_calibration_step                            original_hww/motor.o
                                                  original_hww/menu.o
MOTOR_counter                                     original_hww/watch.o
                                                  original_hww/motor.o
MOTOR_timer_pulse                                 original_hww/motor.o
                                                  original_hww/main.o
MOTOR_timer_stop                                  original_hww/motor.o
                                                  original_hww/main.o
MOTOR_updateCalibration                           original_hww/motor.o
                                                  original_hww/main.o
PID_force_update                                  original_hww/controller.o
                                                  original_hww/com.o
RS_Init                                           original_hww/rs232_485_hw.o
                                                  original_hww/com.o
RS_startSend                                      original_hww/rs232_485_hw.o
                                                  original_hww/com.o
RTC                                               original_hww/rtc.o
                                                  original_hww/menu.o
                                                  original_hww/main.o
                                                  original_hww/com.o
RTC_ActualTimerTemperature                        original_hww/rtc.o
                                                  original_hww/controller.o
RTC_AddOneSecond                                  original_hww/rtc.o
                                                  original_hww/main.o
RTC_DS                                            original_hww/rtc.o
RTC_DayOfMonthTablePrgMem                         original_hww/rtc.o
RTC_DowTimerGet                                   original_hww/rtc.o
                                                  original_hww/menu.o
RTC_DowTimerGetHourBar                            original_hww/rtc.o
                                                  original_hww/menu.o
RTC_DowTimerSet                                   original_hww/rtc.o
                                                  original_hww/menu.o
                                                  original_hww/com.o
RTC_Init                                          original_hww/rtc.o
                                                  original_hww/main.o
RTC_SetDay                                        original_hww/rtc.o
                                                  original_hww/menu.o
                                                  original_hww/com.o
RTC_SetHour                                       original_hww/rtc.o
                                                  original_hww/menu.o
                                                  original_hww/com.o
RTC_SetMinute                                     original_hww/rtc.o
                                                  original_hww/menu.o
                                                  original_hww/com.o
RTC_SetMonth                                      original_hww/rtc.o
                                                  original_hww/menu.o
                                                  original_hww/com.o
RTC_SetSecond                                     original_hww/rtc.o
                                                  original_hww/menu.o
                                                  original_hww/com.o
RTC_SetYear                                       original_hww/rtc.o
                                                  original_hww/menu.o
                                                  original_hww/com.o
RTC_timer_done                                    original_hww/rtc.o
                                                  original_hww/main.o
RTC_timer_set                                     original_hww/rtc.o
                                                  original_hww/keyboard.o
RTC_timer_todo                                    original_hww/rtc.o
__bad_interrupt                                   /usr/lib/gcc/avr/4.3.5/../../../avr/lib/avr5/crtm169p.o
__bss_end                                         /usr/lib/gcc/avr/4.3.5/avr5/libgcc.a(_clear_bss.o)
__bss_start                                       /usr/lib/gcc/avr/4.3.5/avr5/libgcc.a(_clear_bss.o)
__data_end                                        /usr/lib/gcc/avr/4.3.5/avr5/libgcc.a(_copy_data.o)
__data_load_start                                 /usr/lib/gcc/avr/4.3.5/avr5/libgcc.a(_copy_data.o)
__data_start                                      /usr/lib/gcc/avr/4.3.5/avr5/libgcc.a(_copy_data.o)
__divmodhi4                                       /usr/lib/gcc/avr/4.3.5/avr5/libgcc.a(_divmodhi4.o)
                                                  original_hww/lcd.o
                                                  original_hww/menu.o
                                                  original_hww/adc.o
                                                  original_hww/rtc.o
                                                  original_hww/controller.o
                                                  original_hww/motor.o
__divmodqi4                                       /usr/lib/gcc/avr/4.3.5/avr5/libgcc.a(_divmodqi4.o)
                                                  original_hww/menu.o
__divmodsi4                                       /usr/lib/gcc/avr/4.3.5/avr5/libgcc.a(_divmodsi4.o)
                                                  original_hww/adc.o
__do_clear_bss                                    /usr/lib/gcc/avr/4.3.5/avr5/libgcc.a(_clear_bss.o)
                                                  original_hww/lcd.o
                                                  original_hww/menu.o
                                                  original_hww/eeprom.o
                                                  original_hww/adc.o
                                                  original_hww/keyboard.o
                                                  original_hww/main.o
                                                  original_hww/rtc.o
                                                  original_hww/com.o
                                                  original_hww/watch.o
                                                  original_hww/controller.o
                                                  original_hww/motor.o
__do_copy_data                                    /usr/lib/gcc/avr/4.3.5/avr5/libgcc.a(_copy_data.o)
                                                  original_hww/lcd.o
                                                  original_hww/menu.o
                                                  original_hww/eeprom.o
                                                  original_hww/adc.o
                                                  original_hww/keyboard.o
                                                  original_hww/rtc.o
                                                  original_hww/com.o
                                                  original_hww/controller.o
                                                  original_hww/motor.o
__epilogue_restores__                             /usr/lib/gcc/avr/4.3.5/avr5/libgcc.a(_epilogue.o)
                                                  original_hww/lcd.o
                                                  original_hww/eeprom.o
                                                  original_hww/adc.o
                                                  original_hww/rtc.o
__fuse                                            original_hww/main.o
__heap_end                                        /usr/lib/gcc/avr/4.3.5/../../../avr/lib/avr5/crtm169p.o
__init                                            /usr/lib/gcc/avr/4.3.5/../../../avr/lib/avr5/crtm169p.o
__mulsi3                                          /usr/lib/gcc/avr/4.3.5/avr5/libgcc.a(_mulsi3.o)
                                                  original_hww/adc.o
                                                  original_hww/controller.o
__prologue_saves__                                /usr/lib/gcc/avr/4.3.5/avr5/libgcc.a(_prologue.o)
                                                  original_hww/adc.o
                                                  original_hww/rtc.o
__stack                                           /usr/lib/gcc/avr/4.3.5/../../../avr/lib/avr5/crtm169p.o
__tablejump2__                                    /usr/lib/gcc/avr/4.3.5/avr5/libgcc.a(_tablejump.o)
                                                  original_hww/menu.o
                                                  original_hww/com.o
__tablejump__                                     /usr/lib/gcc/avr/4.3.5/avr5/libgcc.a(_tablejump.o)
__udivmodhi4                                      /usr/lib/gcc/avr/4.3.5/avr5/libgcc.a(_udivmodhi4.o)
                                                  /usr/lib/gcc/avr/4.3.5/avr5/libgcc.a(_divmodhi4.o)
                                                  original_hww/lcd.o
                                                  original_hww/menu.o
                                                  original_hww/rtc.o
                                                  original_hww/com.o
                                                  original_hww/motor.o
__udivmodqi4                                      /usr/lib/gcc/avr/4.3.5/avr5/libgcc.a(_udivmodqi4.o)
                                                  /usr/lib/gcc/avr/4.3.5/avr5/libgcc.a(_divmodqi4.o)
                                                  original_hww/lcd.o
                                                  original_hww/menu.o
                                                  original_hww/rtc.o
                                                  original_hww/com.o
__udivmodsi4                                      /usr/lib/gcc/avr/4.3.5/avr5/libgcc.a(_udivmodsi4.o)
                                                  /usr/lib/gcc/avr/4.3.5/avr5/libgcc.a(_divmodsi4.o)
                                                  original_hww/adc.o
__vector_1                                        /usr/lib/gcc/avr/4.3.5/../../../avr/lib/avr5/crtm169p.o
__vector_10                                       /usr/lib/gcc/avr/4.3.5/../../../avr/lib/avr5/crtm169p.o
__vector_11                                       original_hww/motor.o
                                                  /usr/lib/gcc/avr/4.3.5/../../../avr/lib/avr5/crtm169p.o
__vector_12                                       /usr/lib/gcc/avr/4.3.5/../../../avr/lib/avr5/crtm169p.o
__vector_13                                       original_hww/rs232_485_hw.o
                                                  /usr/lib/gcc/avr/4.3.5/../../../avr/lib/avr5/crtm169p.o
__vector_14                                       original_hww/rs232_485_hw.o
                                                  /usr/lib/gcc/avr/4.3.5/../../../avr/lib/avr5/crtm169p.o
__vector_15                                       original_hww/rs232_485_hw.o
                                                  /usr/lib/gcc/avr/4.3.5/../../../avr/lib/avr5/crtm169p.o
__vector_16                                       /usr/lib/gcc/avr/4.3.5/../../../avr/lib/avr5/crtm169p.o
__vector_17                                       /usr/lib/gcc/avr/4.3.5/../../../avr/lib/avr5/crtm169p.o
__vector_18                                       /usr/lib/gcc/avr/4.3.5/../../../avr/lib/avr5/crtm169p.o
__vector_19                                       original_hww/adc.o
                                                  /usr/lib/gcc/avr/4.3.5/../../../avr/lib/avr5/crtm169p.o
__vector_2                                        original_hww/motor.o
                                                  /usr/lib/gcc/avr/4.3.5/../../../avr/lib/avr5/crtm169p.o
__vector_20                                       /usr/lib/gcc/avr/4.3.5/../../../avr/lib/avr5/crtm169p.o
__vector_21                                       /usr/lib/gcc/avr/4.3.5/../../../avr/lib/avr5/crtm169p.o
__vector_22                                       original_hww/lcd.o
                                                  /usr/lib/gcc/avr/4.3.5/../../../avr/lib/avr5/crtm169p.o
__vector_3                                        original_hww/keyboard.o
                                                  /usr/lib/gcc/avr/4.3.5/../../../avr/lib/avr5/crtm169p.o
__vector_4                                        original_hww/rtc.o
                                                  /usr/lib/gcc/avr/4.3.5/../../../avr/lib/avr5/crtm169p.o
__vector_5                                        original_hww/rtc.o
                                                  /usr/lib/gcc/avr/4.3.5/../../../avr/lib/avr5/crtm169p.o
__vector_6                                        /usr/lib/gcc/avr/4.3.5/../../../avr/lib/avr5/crtm169p.o
__vector_7                                        /usr/lib/gcc/avr/4.3.5/../../../avr/lib/avr5/crtm169p.o
__vector_8                                        /usr/lib/gcc/avr/4.3.5/../../../avr/lib/avr5/crtm169p.o
__vector_9                                        /usr/lib/gcc/avr/4.3.5/../../../avr/lib/avr5/crtm169p.o
__vector_default                                  /usr/lib/gcc/avr/4.3.5/../../../avr/lib/avr5/crtm169p.o
__vectors                                         /usr/lib/gcc/avr/4.3.5/../../../avr/lib/avr5/crtm169p.o
_div                                              /usr/lib/gcc/avr/4.3.5/avr5/libgcc.a(_divmodhi4.o)
_exit                                             /usr/lib/gcc/avr/4.3.5/avr5/libgcc.a(_exit.o)
config                                            original_hww/lcd.o
                                                  original_hww/menu.o
                                                  original_hww/eeprom.o
                                                  original_hww/adc.o
                                                  original_hww/main.o
                                                  original_hww/rtc.o
                                                  original_hww/com.o
                                                  original_hww/controller.o
                                                  original_hww/motor.o
config_read                                       original_hww/eeprom.o
                                                  original_hww/menu.o
ee_config                                         original_hww/eeprom.o
ee_layout                                         original_hww/eeprom.o
                                                  original_hww/main.o
ee_reserved1                                      original_hww/eeprom.o
ee_reserved2                                      original_hww/eeprom.o
ee_reserved2_60                                   original_hww/eeprom.o
ee_reserved3                                      original_hww/eeprom.o
ee_timers                                         original_hww/eeprom.o
eeprom_config_init                                original_hww/eeprom.o
                                                  original_hww/main.o
eeprom_config_save                                original_hww/eeprom.o
                                                  original_hww/menu.o
                                                  original_hww/com.o
                                                  original_hww/motor.o
eeprom_timers_read_raw                            original_hww/eeprom.o
                                                  original_hww/rtc.o
                                                  original_hww/com.o
eeprom_timers_write_raw                           original_hww/eeprom.o
                                                  original_hww/rtc.o
exit                                              /usr/lib/gcc/avr/4.3.5/avr5/libgcc.a(_exit.o)
                                                  /usr/lib/gcc/avr/4.3.5/../../../avr/lib/avr5/crtm169p.o
hourbar_buff                                      original_hww/menu.o
                                                  original_hww/rtc.o
kb_events                                         original_hww/keyboard.o
                                                  original_hww/menu.o
                                                  original_hww/main.o
kb_timeout                                        original_hww/keyboard.o
                                                  original_hww/rtc.o
main                                              original_hww/main.o
                                                  /usr/lib/gcc/avr/4.3.5/../../../avr/lib/avr5/crtm169p.o
menu_auto_update_timeout                          original_hww/menu.o
                                                  original_hww/main.o
menu_controller                                   original_hww/menu.o
                                                  original_hww/main.o
menu_state                                        original_hww/menu.o
menu_view                                         original_hww/menu.o
                                                  original_hww/main.o
mont_contact_pooling                              original_hww/keyboard.o
                                                  original_hww/main.o
motor_diag                                        original_hww/motor.o
                                                  original_hww/watch.o
ring_average                                      original_hww/adc.o
                                                  original_hww/menu.o
                                                  original_hww/main.o
                                                  original_hww/com.o
                                                  original_hww/watch.o
                                                  original_hww/controller.o
                                                  original_hww/motor.o
ring_buf_temp_avgs                                original_hww/adc.o
ring_buf_temp_avgs_pos                            original_hww/adc.o
sleep_with_ADC                                    original_hww/adc.o
                                                  original_hww/main.o
start_task_ADC                                    original_hww/adc.o
                                                  original_hww/main.o
state_wheel_prev                                  original_hww/keyboard.o
                                                  original_hww/main.o
sumError                                          original_hww/controller.o
                                                  original_hww/keyboard.o
                                                  original_hww/main.o
                                                  original_hww/com.o
                                                  original_hww/watch.o
task_ADC                                          original_hww/adc.o
                                                  original_hww/main.o
task_keyboard                                     original_hww/keyboard.o
                                                  original_hww/main.o
task_keyboard_long_press_detect                   original_hww/keyboard.o
                                                  original_hww/main.o
task_lcd_update                                   original_hww/lcd.o
                                                  original_hww/main.o
timmers_patch_data                                original_hww/menu.o
                                                  original_hww/eeprom.o
timmers_patch_offset                              original_hww/eeprom.o
                                                  original_hww/menu.o
valve_wanted                                      original_hww/main.o
                                                  original_hww/com.o
watch                                             original_hww/watch.o
                                                  original_hww/menu.o
                                                  original_hww/com.o
xtea_enc                                          original_hww/xtea-asm.o
