Archive member included to satisfy reference by file (symbol)

c:/program files (x86)/atmel/studio/7.0/toolchain/avr8/avr8-gnu-toolchain/bin/../lib/gcc/avr/5.4.0/avr5\libgcc.a(_mulsi3.o)
                              adc.o (__mulsi3)
c:/program files (x86)/atmel/studio/7.0/toolchain/avr8/avr8-gnu-toolchain/bin/../lib/gcc/avr/5.4.0/avr5\libgcc.a(_udivmodhi4.o)
                              motor.o (__udivmodhi4)
c:/program files (x86)/atmel/studio/7.0/toolchain/avr8/avr8-gnu-toolchain/bin/../lib/gcc/avr/5.4.0/avr5\libgcc.a(_divmodhi4.o)
                              controller.o (__divmodhi4)
c:/program files (x86)/atmel/studio/7.0/toolchain/avr8/avr8-gnu-toolchain/bin/../lib/gcc/avr/5.4.0/avr5\libgcc.a(_udivmodsi4.o)
                              adc.o (__udivmodsi4)
c:/program files (x86)/atmel/studio/7.0/toolchain/avr8/avr8-gnu-toolchain/bin/../lib/gcc/avr/5.4.0/avr5\libgcc.a(_divmodsi4.o)
                              adc.o (__divmodsi4)
c:/program files (x86)/atmel/studio/7.0/toolchain/avr8/avr8-gnu-toolchain/bin/../lib/gcc/avr/5.4.0/avr5\libgcc.a(_negsi2.o)
                              c:/program files (x86)/atmel/studio/7.0/toolchain/avr8/avr8-gnu-toolchain/bin/../lib/gcc/avr/5.4.0/avr5\libgcc.a(_divmodsi4.o) (__negsi2)
c:/program files (x86)/atmel/studio/7.0/toolchain/avr8/avr8-gnu-toolchain/bin/../lib/gcc/avr/5.4.0/avr5\libgcc.a(_exit.o)
                              C:/Program Files (x86)/Atmel/Studio/7.0/Packs/atmel/ATmega_DFP/1.2.209/gcc/dev/atmega169p/avr5/crtatmega169p.o (exit)
c:/program files (x86)/atmel/studio/7.0/toolchain/avr8/avr8-gnu-toolchain/bin/../lib/gcc/avr/5.4.0/avr5\libgcc.a(_copy_data.o)
                              adc.o (__do_copy_data)
c:/program files (x86)/atmel/studio/7.0/toolchain/avr8/avr8-gnu-toolchain/bin/../lib/gcc/avr/5.4.0/avr5\libgcc.a(_clear_bss.o)
                              adc.o (__do_clear_bss)
c:/program files (x86)/atmel/studio/7.0/toolchain/avr8/avr8-gnu-toolchain/bin/../lib/gcc/avr/5.4.0/avr5\libgcc.a(_umulhisi3.o)
                              lcd.o (__umulhisi3)
c:/program files (x86)/atmel/studio/7.0/toolchain/avr8/avr8-gnu-toolchain/bin/../lib/gcc/avr/5.4.0/avr5\libgcc.a(_muluhisi3.o)
                              c:/program files (x86)/atmel/studio/7.0/toolchain/avr8/avr8-gnu-toolchain/bin/../lib/gcc/avr/5.4.0/avr5\libgcc.a(_mulsi3.o) (__muluhisi3)
c:/program files (x86)/atmel/studio/7.0/toolchain/avr8/avr8-gnu-toolchain/bin/../lib/gcc/avr/5.4.0/avr5\libgcc.a(_udivdi3.o)
                              adc.o (__udivdi3)
c:/program files (x86)/atmel/studio/7.0/toolchain/avr8/avr8-gnu-toolchain/bin/../lib/gcc/avr/5.4.0/avr5\libgcc.a(_udivmod64.o)
                              c:/program files (x86)/atmel/studio/7.0/toolchain/avr8/avr8-gnu-toolchain/bin/../lib/gcc/avr/5.4.0/avr5\libgcc.a(_udivdi3.o) (__udivmod64)
c:/program files (x86)/atmel/studio/7.0/toolchain/avr8/avr8-gnu-toolchain/bin/../lib/gcc/avr/5.4.0/avr5\libgcc.a(_adddi3.o)
                              adc.o (__adddi3)

Allocating common symbols
Common symbol       size              file

m_reftemp           0x1               main.o
MOTOR_Mounted       0x1               motor.o
m_key_action        0x1               main.o
m_state_wheel       0x1               main.o
m_state_keys_prev   0x1               main.o
LCD_BlinkCounter    0x1               lcd.o
ADC_Val_Temp        0x2               adc.o
MOTOR_PosMax        0x2               motor.o
m_speed             0x1               main.o
RTC_mm              0x1               rtc.o
m_automatic_mode    0x1               main.o
m_state_wheel_prev  0x1               main.o
MOTOR_PosAct        0x2               motor.o
m_wheel_action      0x1               main.o
ring_average        0x2               adc.o
CTL_interatorCredit
                    0x1               controller.o
LCD_Bitplane        0x1               lcd.o
CTL_creditExpiration
                    0x1               controller.o
average_temp_16s    0x20              adc.o
RTC_DS              0x1               rtc.o
m_state_keys        0x1               main.o
RTC_DOW             0x1               rtc.o
RTC_Ticks           0x4               rtc.o
CTL_open_window_timeout
                    0x2               controller.o
m_reftemp_mem       0x2               main.o
MOTOR_Dir           0x1               motor.o
LCD_UpdateRequired  0x1               lcd.o
RTC_hh              0x1               rtc.o
RTC                 0x7               controller.o
MOTOR_PosStop       0x2               motor.o
serialNumber        0x2               main.o
RTC_DD              0x1               rtc.o
RTC_Dow_Timer       0x1c              rtc.o
LCD_Data            0x12              lcd.o
RTC_DowTimerCallbackFunc
                    0x2               rtc.o
RTC_ss              0x1               rtc.o
RTC_MM              0x1               rtc.o
ADC_Val_Ub          0x2               adc.o
RTC_YY              0x1               rtc.o
valveHistory        0x1               controller.o
m_wheel             0x1               main.o
MOTOR_PosLast       0x2               motor.o
CTL_integratorBlock
                    0x1               controller.o
st                  0x8               engine.o
timmers_patch_data  0x2               eeprom.o
config              0x2b              eeprom.o

Discarded input sections

 .data          0x00000000        0x0 C:/Program Files (x86)/Atmel/Studio/7.0/Packs/atmel/ATmega_DFP/1.2.209/gcc/dev/atmega169p/avr5/crtatmega169p.o
 .bss           0x00000000        0x0 C:/Program Files (x86)/Atmel/Studio/7.0/Packs/atmel/ATmega_DFP/1.2.209/gcc/dev/atmega169p/avr5/crtatmega169p.o
 .text          0x00000000        0x0 adc.o
 .data          0x00000000        0x0 adc.o
 .bss           0x00000000        0x0 adc.o
 .text.ADC_Init
                0x00000000       0x2c adc.o
 .text.ADC_Get_Bat_isOk
                0x00000000       0x1e adc.o
 .text          0x00000000        0x0 controller.o
 .data          0x00000000        0x0 controller.o
 .bss           0x00000000        0x0 controller.o
 .bss.CTL_error
                0x00000000        0x1 controller.o
 .bss.menu_temp_rewoke
                0x00000000        0x1 controller.o
 .text.CTL_change_mode
                0x00000000       0x96 controller.o
 .text          0x00000000        0x0 eeprom.o
 .data          0x00000000        0x0 eeprom.o
 .bss           0x00000000        0x0 eeprom.o
 .text.config_read
                0x00000000       0x74 eeprom.o
 .text.EEPROM_write
                0x00000000       0x92 eeprom.o
 .text.eeprom_config_init
                0x00000000       0xbe eeprom.o
 .text.eeprom_config_save
                0x00000000       0xb8 eeprom.o
 .text.eeprom_timers_write_raw
                0x00000000       0x68 eeprom.o
 .text          0x00000000        0x0 engine.o
 .data          0x00000000        0x0 engine.o
 .bss           0x00000000        0x0 engine.o
 .text          0x00000000        0x0 lcd.o
 .data          0x00000000        0x0 lcd.o
 .bss           0x00000000        0x0 lcd.o
 .progmem.data.LCD_WeekdayTablePrgMem
                0x00000000       0x1c lcd.o
 .text.LCD_PrintDayOfWeek
                0x00000000       0xb8 lcd.o
 .text.LCD_SetHourBarBar
                0x00000000       0x52 lcd.o
 .text.LCD_ClearAll
                0x00000000       0x16 lcd.o
 .text.LCD_ClearHourBar
                0x00000000       0x1e lcd.o
 .text.LCD_ClearSymbols
                0x00000000       0x46 lcd.o
 .text          0x00000000        0x0 main.o
 .data          0x00000000        0x0 main.o
 .bss           0x00000000        0x0 main.o
 .text          0x00000000        0x0 motor.o
 .data          0x00000000        0x0 motor.o
 .bss           0x00000000        0x0 motor.o
 .text.MOTOR_GetPosPercent
                0x00000000       0x64 motor.o
 .text.MOTOR_IsCalibrated
                0x00000000       0x20 motor.o
 .text.MOTOR_Do_Calibrate
                0x00000000       0x1c motor.o
 .text.MOTOR_Stop
                0x00000000       0x18 motor.o
 .text          0x00000000        0x0 rtc.o
 .data          0x00000000        0x0 rtc.o
 .bss           0x00000000        0x0 rtc.o
 .text.RTC_GetTicks
                0x00000000       0x42 rtc.o
 .text.RTC_DowTimerGet
                0x00000000       0x38 rtc.o
 .text.RTC_SetDate
                0x00000000       0x72 rtc.o
 .text          0x00000000        0x0 c:/program files (x86)/atmel/studio/7.0/toolchain/avr8/avr8-gnu-toolchain/bin/../lib/gcc/avr/5.4.0/avr5\libgcc.a(_mulsi3.o)
 .data          0x00000000        0x0 c:/program files (x86)/atmel/studio/7.0/toolchain/avr8/avr8-gnu-toolchain/bin/../lib/gcc/avr/5.4.0/avr5\libgcc.a(_mulsi3.o)
 .bss           0x00000000        0x0 c:/program files (x86)/atmel/studio/7.0/toolchain/avr8/avr8-gnu-toolchain/bin/../lib/gcc/avr/5.4.0/avr5\libgcc.a(_mulsi3.o)
 .text.libgcc.div
                0x00000000        0x0 c:/program files (x86)/atmel/studio/7.0/toolchain/avr8/avr8-gnu-toolchain/bin/../lib/gcc/avr/5.4.0/avr5\libgcc.a(_mulsi3.o)
 .text.libgcc   0x00000000        0x0 c:/program files (x86)/atmel/studio/7.0/toolchain/avr8/avr8-gnu-toolchain/bin/../lib/gcc/avr/5.4.0/avr5\libgcc.a(_mulsi3.o)
 .text.libgcc.prologue
                0x00000000        0x0 c:/program files (x86)/atmel/studio/7.0/toolchain/avr8/avr8-gnu-toolchain/bin/../lib/gcc/avr/5.4.0/avr5\libgcc.a(_mulsi3.o)
 .text.libgcc.builtins
                0x00000000        0x0 c:/program files (x86)/atmel/studio/7.0/toolchain/avr8/avr8-gnu-toolchain/bin/../lib/gcc/avr/5.4.0/avr5\libgcc.a(_mulsi3.o)
 .text.libgcc.fmul
                0x00000000        0x0 c:/program files (x86)/atmel/studio/7.0/toolchain/avr8/avr8-gnu-toolchain/bin/../lib/gcc/avr/5.4.0/avr5\libgcc.a(_mulsi3.o)
 .text.libgcc.fixed
                0x00000000        0x0 c:/program files (x86)/atmel/studio/7.0/toolchain/avr8/avr8-gnu-toolchain/bin/../lib/gcc/avr/5.4.0/avr5\libgcc.a(_mulsi3.o)
 .text          0x00000000        0x0 c:/program files (x86)/atmel/studio/7.0/toolchain/avr8/avr8-gnu-toolchain/bin/../lib/gcc/avr/5.4.0/avr5\libgcc.a(_udivmodhi4.o)
 .data          0x00000000        0x0 c:/program files (x86)/atmel/studio/7.0/toolchain/avr8/avr8-gnu-toolchain/bin/../lib/gcc/avr/5.4.0/avr5\libgcc.a(_udivmodhi4.o)
 .bss           0x00000000        0x0 c:/program files (x86)/atmel/studio/7.0/toolchain/avr8/avr8-gnu-toolchain/bin/../lib/gcc/avr/5.4.0/avr5\libgcc.a(_udivmodhi4.o)
 .text.libgcc.mul
                0x00000000        0x0 c:/program files (x86)/atmel/studio/7.0/toolchain/avr8/avr8-gnu-toolchain/bin/../lib/gcc/avr/5.4.0/avr5\libgcc.a(_udivmodhi4.o)
 .text.libgcc   0x00000000        0x0 c:/program files (x86)/atmel/studio/7.0/toolchain/avr8/avr8-gnu-toolchain/bin/../lib/gcc/avr/5.4.0/avr5\libgcc.a(_udivmodhi4.o)
 .text.libgcc.prologue
                0x00000000        0x0 c:/program files (x86)/atmel/studio/7.0/toolchain/avr8/avr8-gnu-toolchain/bin/../lib/gcc/avr/5.4.0/avr5\libgcc.a(_udivmodhi4.o)
 .text.libgcc.builtins
                0x00000000        0x0 c:/program files (x86)/atmel/studio/7.0/toolchain/avr8/avr8-gnu-toolchain/bin/../lib/gcc/avr/5.4.0/avr5\libgcc.a(_udivmodhi4.o)
 .text.libgcc.fmul
                0x00000000        0x0 c:/program files (x86)/atmel/studio/7.0/toolchain/avr8/avr8-gnu-toolchain/bin/../lib/gcc/avr/5.4.0/avr5\libgcc.a(_udivmodhi4.o)
 .text.libgcc.fixed
                0x00000000        0x0 c:/program files (x86)/atmel/studio/7.0/toolchain/avr8/avr8-gnu-toolchain/bin/../lib/gcc/avr/5.4.0/avr5\libgcc.a(_udivmodhi4.o)
 .text          0x00000000        0x0 c:/program files (x86)/atmel/studio/7.0/toolchain/avr8/avr8-gnu-toolchain/bin/../lib/gcc/avr/5.4.0/avr5\libgcc.a(_divmodhi4.o)
 .data          0x00000000        0x0 c:/program files (x86)/atmel/studio/7.0/toolchain/avr8/avr8-gnu-toolchain/bin/../lib/gcc/avr/5.4.0/avr5\libgcc.a(_divmodhi4.o)
 .bss           0x00000000        0x0 c:/program files (x86)/atmel/studio/7.0/toolchain/avr8/avr8-gnu-toolchain/bin/../lib/gcc/avr/5.4.0/avr5\libgcc.a(_divmodhi4.o)
 .text.libgcc.mul
                0x00000000        0x0 c:/program files (x86)/atmel/studio/7.0/toolchain/avr8/avr8-gnu-toolchain/bin/../lib/gcc/avr/5.4.0/avr5\libgcc.a(_divmodhi4.o)
 .text.libgcc   0x00000000        0x0 c:/program files (x86)/atmel/studio/7.0/toolchain/avr8/avr8-gnu-toolchain/bin/../lib/gcc/avr/5.4.0/avr5\libgcc.a(_divmodhi4.o)
 .text.libgcc.prologue
                0x00000000        0x0 c:/program files (x86)/atmel/studio/7.0/toolchain/avr8/avr8-gnu-toolchain/bin/../lib/gcc/avr/5.4.0/avr5\libgcc.a(_divmodhi4.o)
 .text.libgcc.builtins
                0x00000000        0x0 c:/program files (x86)/atmel/studio/7.0/toolchain/avr8/avr8-gnu-toolchain/bin/../lib/gcc/avr/5.4.0/avr5\libgcc.a(_divmodhi4.o)
 .text.libgcc.fmul
                0x00000000        0x0 c:/program files (x86)/atmel/studio/7.0/toolchain/avr8/avr8-gnu-toolchain/bin/../lib/gcc/avr/5.4.0/avr5\libgcc.a(_divmodhi4.o)
 .text.libgcc.fixed
                0x00000000        0x0 c:/program files (x86)/atmel/studio/7.0/toolchain/avr8/avr8-gnu-toolchain/bin/../lib/gcc/avr/5.4.0/avr5\libgcc.a(_divmodhi4.o)
 .text          0x00000000        0x0 c:/program files (x86)/atmel/studio/7.0/toolchain/avr8/avr8-gnu-toolchain/bin/../lib/gcc/avr/5.4.0/avr5\libgcc.a(_udivmodsi4.o)
 .data          0x00000000        0x0 c:/program files (x86)/atmel/studio/7.0/toolchain/avr8/avr8-gnu-toolchain/bin/../lib/gcc/avr/5.4.0/avr5\libgcc.a(_udivmodsi4.o)
 .bss           0x00000000        0x0 c:/program files (x86)/atmel/studio/7.0/toolchain/avr8/avr8-gnu-toolchain/bin/../lib/gcc/avr/5.4.0/avr5\libgcc.a(_udivmodsi4.o)
 .text.libgcc.mul
                0x00000000        0x0 c:/program files (x86)/atmel/studio/7.0/toolchain/avr8/avr8-gnu-toolchain/bin/../lib/gcc/avr/5.4.0/avr5\libgcc.a(_udivmodsi4.o)
 .text.libgcc   0x00000000        0x0 c:/program files (x86)/atmel/studio/7.0/toolchain/avr8/avr8-gnu-toolchain/bin/../lib/gcc/avr/5.4.0/avr5\libgcc.a(_udivmodsi4.o)
 .text.libgcc.prologue
                0x00000000        0x0 c:/program files (x86)/atmel/studio/7.0/toolchain/avr8/avr8-gnu-toolchain/bin/../lib/gcc/avr/5.4.0/avr5\libgcc.a(_udivmodsi4.o)
 .text.libgcc.builtins
                0x00000000        0x0 c:/program files (x86)/atmel/studio/7.0/toolchain/avr8/avr8-gnu-toolchain/bin/../lib/gcc/avr/5.4.0/avr5\libgcc.a(_udivmodsi4.o)
 .text.libgcc.fmul
                0x00000000        0x0 c:/program files (x86)/atmel/studio/7.0/toolchain/avr8/avr8-gnu-toolchain/bin/../lib/gcc/avr/5.4.0/avr5\libgcc.a(_udivmodsi4.o)
 .text.libgcc.fixed
                0x00000000        0x0 c:/program files (x86)/atmel/studio/7.0/toolchain/avr8/avr8-gnu-toolchain/bin/../lib/gcc/avr/5.4.0/avr5\libgcc.a(_udivmodsi4.o)
 .text          0x00000000        0x0 c:/program files (x86)/atmel/studio/7.0/toolchain/avr8/avr8-gnu-toolchain/bin/../lib/gcc/avr/5.4.0/avr5\libgcc.a(_divmodsi4.o)
 .data          0x00000000        0x0 c:/program files (x86)/atmel/studio/7.0/toolchain/avr8/avr8-gnu-toolchain/bin/../lib/gcc/avr/5.4.0/avr5\libgcc.a(_divmodsi4.o)
 .bss           0x00000000        0x0 c:/program files (x86)/atmel/studio/7.0/toolchain/avr8/avr8-gnu-toolchain/bin/../lib/gcc/avr/5.4.0/avr5\libgcc.a(_divmodsi4.o)
 .text.libgcc.mul
                0x00000000        0x0 c:/program files (x86)/atmel/studio/7.0/toolchain/avr8/avr8-gnu-toolchain/bin/../lib/gcc/avr/5.4.0/avr5\libgcc.a(_divmodsi4.o)
 .text.libgcc   0x00000000        0x0 c:/program files (x86)/atmel/studio/7.0/toolchain/avr8/avr8-gnu-toolchain/bin/../lib/gcc/avr/5.4.0/avr5\libgcc.a(_divmodsi4.o)
 .text.libgcc.prologue
                0x00000000        0x0 c:/program files (x86)/atmel/studio/7.0/toolchain/avr8/avr8-gnu-toolchain/bin/../lib/gcc/avr/5.4.0/avr5\libgcc.a(_divmodsi4.o)
 .text.libgcc.builtins
                0x00000000        0x0 c:/program files (x86)/atmel/studio/7.0/toolchain/avr8/avr8-gnu-toolchain/bin/../lib/gcc/avr/5.4.0/avr5\libgcc.a(_divmodsi4.o)
 .text.libgcc.fmul
                0x00000000        0x0 c:/program files (x86)/atmel/studio/7.0/toolchain/avr8/avr8-gnu-toolchain/bin/../lib/gcc/avr/5.4.0/avr5\libgcc.a(_divmodsi4.o)
 .text.libgcc.fixed
                0x00000000        0x0 c:/program files (x86)/atmel/studio/7.0/toolchain/avr8/avr8-gnu-toolchain/bin/../lib/gcc/avr/5.4.0/avr5\libgcc.a(_divmodsi4.o)
 .text          0x00000000        0x0 c:/program files (x86)/atmel/studio/7.0/toolchain/avr8/avr8-gnu-toolchain/bin/../lib/gcc/avr/5.4.0/avr5\libgcc.a(_negsi2.o)
 .data          0x00000000        0x0 c:/program files (x86)/atmel/studio/7.0/toolchain/avr8/avr8-gnu-toolchain/bin/../lib/gcc/avr/5.4.0/avr5\libgcc.a(_negsi2.o)
 .bss           0x00000000        0x0 c:/program files (x86)/atmel/studio/7.0/toolchain/avr8/avr8-gnu-toolchain/bin/../lib/gcc/avr/5.4.0/avr5\libgcc.a(_negsi2.o)
 .text.libgcc.mul
                0x00000000        0x0 c:/program files (x86)/atmel/studio/7.0/toolchain/avr8/avr8-gnu-toolchain/bin/../lib/gcc/avr/5.4.0/avr5\libgcc.a(_negsi2.o)
 .text.libgcc   0x00000000        0x0 c:/program files (x86)/atmel/studio/7.0/toolchain/avr8/avr8-gnu-toolchain/bin/../lib/gcc/avr/5.4.0/avr5\libgcc.a(_negsi2.o)
 .text.libgcc.prologue
                0x00000000        0x0 c:/program files (x86)/atmel/studio/7.0/toolchain/avr8/avr8-gnu-toolchain/bin/../lib/gcc/avr/5.4.0/avr5\libgcc.a(_negsi2.o)
 .text.libgcc.builtins
                0x00000000        0x0 c:/program files (x86)/atmel/studio/7.0/toolchain/avr8/avr8-gnu-toolchain/bin/../lib/gcc/avr/5.4.0/avr5\libgcc.a(_negsi2.o)
 .text.libgcc.fmul
                0x00000000        0x0 c:/program files (x86)/atmel/studio/7.0/toolchain/avr8/avr8-gnu-toolchain/bin/../lib/gcc/avr/5.4.0/avr5\libgcc.a(_negsi2.o)
 .text.libgcc.fixed
                0x00000000        0x0 c:/program files (x86)/atmel/studio/7.0/toolchain/avr8/avr8-gnu-toolchain/bin/../lib/gcc/avr/5.4.0/avr5\libgcc.a(_negsi2.o)
 .text          0x00000000        0x0 c:/program files (x86)/atmel/studio/7.0/toolchain/avr8/avr8-gnu-toolchain/bin/../lib/gcc/avr/5.4.0/avr5\libgcc.a(_exit.o)
 .data          0x00000000        0x0 c:/program files (x86)/atmel/studio/7.0/toolchain/avr8/avr8-gnu-toolchain/bin/../lib/gcc/avr/5.4.0/avr5\libgcc.a(_exit.o)
 .bss           0x00000000        0x0 c:/program files (x86)/atmel/studio/7.0/toolchain/avr8/avr8-gnu-toolchain/bin/../lib/gcc/avr/5.4.0/avr5\libgcc.a(_exit.o)
 .text.libgcc.mul
                0x00000000        0x0 c:/program files (x86)/atmel/studio/7.0/toolchain/avr8/avr8-gnu-toolchain/bin/../lib/gcc/avr/5.4.0/avr5\libgcc.a(_exit.o)
 .text.libgcc.div
                0x00000000        0x0 c:/program files (x86)/atmel/studio/7.0/toolchain/avr8/avr8-gnu-toolchain/bin/../lib/gcc/avr/5.4.0/avr5\libgcc.a(_exit.o)
 .text.libgcc   0x00000000        0x0 c:/program files (x86)/atmel/studio/7.0/toolchain/avr8/avr8-gnu-toolchain/bin/../lib/gcc/avr/5.4.0/avr5\libgcc.a(_exit.o)
 .text.libgcc.prologue
                0x00000000        0x0 c:/program files (x86)/atmel/studio/7.0/toolchain/avr8/avr8-gnu-toolchain/bin/../lib/gcc/avr/5.4.0/avr5\libgcc.a(_exit.o)
 .text.libgcc.builtins
                0x00000000        0x0 c:/program files (x86)/atmel/studio/7.0/toolchain/avr8/avr8-gnu-toolchain/bin/../lib/gcc/avr/5.4.0/avr5\libgcc.a(_exit.o)
 .text.libgcc.fmul
                0x00000000        0x0 c:/program files (x86)/atmel/studio/7.0/toolchain/avr8/avr8-gnu-toolchain/bin/../lib/gcc/avr/5.4.0/avr5\libgcc.a(_exit.o)
 .text.libgcc.fixed
                0x00000000        0x0 c:/program files (x86)/atmel/studio/7.0/toolchain/avr8/avr8-gnu-toolchain/bin/../lib/gcc/avr/5.4.0/avr5\libgcc.a(_exit.o)
 .text          0x00000000        0x0 c:/program files (x86)/atmel/studio/7.0/toolchain/avr8/avr8-gnu-toolchain/bin/../lib/gcc/avr/5.4.0/avr5\libgcc.a(_copy_data.o)
 .data          0x00000000        0x0 c:/program files (x86)/atmel/studio/7.0/toolchain/avr8/avr8-gnu-toolchain/bin/../lib/gcc/avr/5.4.0/avr5\libgcc.a(_copy_data.o)
 .bss           0x00000000        0x0 c:/program files (x86)/atmel/studio/7.0/toolchain/avr8/avr8-gnu-toolchain/bin/../lib/gcc/avr/5.4.0/avr5\libgcc.a(_copy_data.o)
 .text.libgcc.mul
                0x00000000        0x0 c:/program files (x86)/atmel/studio/7.0/toolchain/avr8/avr8-gnu-toolchain/bin/../lib/gcc/avr/5.4.0/avr5\libgcc.a(_copy_data.o)
 .text.libgcc.div
                0x00000000        0x0 c:/program files (x86)/atmel/studio/7.0/toolchain/avr8/avr8-gnu-toolchain/bin/../lib/gcc/avr/5.4.0/avr5\libgcc.a(_copy_data.o)
 .text.libgcc   0x00000000        0x0 c:/program files (x86)/atmel/studio/7.0/toolchain/avr8/avr8-gnu-toolchain/bin/../lib/gcc/avr/5.4.0/avr5\libgcc.a(_copy_data.o)
 .text.libgcc.prologue
                0x00000000        0x0 c:/program files (x86)/atmel/studio/7.0/toolchain/avr8/avr8-gnu-toolchain/bin/../lib/gcc/avr/5.4.0/avr5\libgcc.a(_copy_data.o)
 .text.libgcc.builtins
                0x00000000        0x0 c:/program files (x86)/atmel/studio/7.0/toolchain/avr8/avr8-gnu-toolchain/bin/../lib/gcc/avr/5.4.0/avr5\libgcc.a(_copy_data.o)
 .text.libgcc.fmul
                0x00000000        0x0 c:/program files (x86)/atmel/studio/7.0/toolchain/avr8/avr8-gnu-toolchain/bin/../lib/gcc/avr/5.4.0/avr5\libgcc.a(_copy_data.o)
 .text.libgcc.fixed
                0x00000000        0x0 c:/program files (x86)/atmel/studio/7.0/toolchain/avr8/avr8-gnu-toolchain/bin/../lib/gcc/avr/5.4.0/avr5\libgcc.a(_copy_data.o)
 .text          0x00000000        0x0 c:/program files (x86)/atmel/studio/7.0/toolchain/avr8/avr8-gnu-toolchain/bin/../lib/gcc/avr/5.4.0/avr5\libgcc.a(_clear_bss.o)
 .data          0x00000000        0x0 c:/program files (x86)/atmel/studio/7.0/toolchain/avr8/avr8-gnu-toolchain/bin/../lib/gcc/avr/5.4.0/avr5\libgcc.a(_clear_bss.o)
 .bss           0x00000000        0x0 c:/program files (x86)/atmel/studio/7.0/toolchain/avr8/avr8-gnu-toolchain/bin/../lib/gcc/avr/5.4.0/avr5\libgcc.a(_clear_bss.o)
 .text.libgcc.mul
                0x00000000        0x0 c:/program files (x86)/atmel/studio/7.0/toolchain/avr8/avr8-gnu-toolchain/bin/../lib/gcc/avr/5.4.0/avr5\libgcc.a(_clear_bss.o)
 .text.libgcc.div
                0x00000000        0x0 c:/program files (x86)/atmel/studio/7.0/toolchain/avr8/avr8-gnu-toolchain/bin/../lib/gcc/avr/5.4.0/avr5\libgcc.a(_clear_bss.o)
 .text.libgcc   0x00000000        0x0 c:/program files (x86)/atmel/studio/7.0/toolchain/avr8/avr8-gnu-toolchain/bin/../lib/gcc/avr/5.4.0/avr5\libgcc.a(_clear_bss.o)
 .text.libgcc.prologue
                0x00000000        0x0 c:/program files (x86)/atmel/studio/7.0/toolchain/avr8/avr8-gnu-toolchain/bin/../lib/gcc/avr/5.4.0/avr5\libgcc.a(_clear_bss.o)
 .text.libgcc.builtins
                0x00000000        0x0 c:/program files (x86)/atmel/studio/7.0/toolchain/avr8/avr8-gnu-toolchain/bin/../lib/gcc/avr/5.4.0/avr5\libgcc.a(_clear_bss.o)
 .text.libgcc.fmul
                0x00000000        0x0 c:/program files (x86)/atmel/studio/7.0/toolchain/avr8/avr8-gnu-toolchain/bin/../lib/gcc/avr/5.4.0/avr5\libgcc.a(_clear_bss.o)
 .text.libgcc.fixed
                0x00000000        0x0 c:/program files (x86)/atmel/studio/7.0/toolchain/avr8/avr8-gnu-toolchain/bin/../lib/gcc/avr/5.4.0/avr5\libgcc.a(_clear_bss.o)
 .text          0x00000000        0x0 c:/program files (x86)/atmel/studio/7.0/toolchain/avr8/avr8-gnu-toolchain/bin/../lib/gcc/avr/5.4.0/avr5\libgcc.a(_umulhisi3.o)
 .data          0x00000000        0x0 c:/program files (x86)/atmel/studio/7.0/toolchain/avr8/avr8-gnu-toolchain/bin/../lib/gcc/avr/5.4.0/avr5\libgcc.a(_umulhisi3.o)
 .bss           0x00000000        0x0 c:/program files (x86)/atmel/studio/7.0/toolchain/avr8/avr8-gnu-toolchain/bin/../lib/gcc/avr/5.4.0/avr5\libgcc.a(_umulhisi3.o)
 .text.libgcc.div
                0x00000000        0x0 c:/program files (x86)/atmel/studio/7.0/toolchain/avr8/avr8-gnu-toolchain/bin/../lib/gcc/avr/5.4.0/avr5\libgcc.a(_umulhisi3.o)
 .text.libgcc   0x00000000        0x0 c:/program files (x86)/atmel/studio/7.0/toolchain/avr8/avr8-gnu-toolchain/bin/../lib/gcc/avr/5.4.0/avr5\libgcc.a(_umulhisi3.o)
 .text.libgcc.prologue
                0x00000000        0x0 c:/program files (x86)/atmel/studio/7.0/toolchain/avr8/avr8-gnu-toolchain/bin/../lib/gcc/avr/5.4.0/avr5\libgcc.a(_umulhisi3.o)
 .text.libgcc.builtins
                0x00000000        0x0 c:/program files (x86)/atmel/studio/7.0/toolchain/avr8/avr8-gnu-toolchain/bin/../lib/gcc/avr/5.4.0/avr5\libgcc.a(_umulhisi3.o)
 .text.libgcc.fmul
                0x00000000        0x0 c:/program files (x86)/atmel/studio/7.0/toolchain/avr8/avr8-gnu-toolchain/bin/../lib/gcc/avr/5.4.0/avr5\libgcc.a(_umulhisi3.o)
 .text.libgcc.fixed
                0x00000000        0x0 c:/program files (x86)/atmel/studio/7.0/toolchain/avr8/avr8-gnu-toolchain/bin/../lib/gcc/avr/5.4.0/avr5\libgcc.a(_umulhisi3.o)
 .text          0x00000000        0x0 c:/program files (x86)/atmel/studio/7.0/toolchain/avr8/avr8-gnu-toolchain/bin/../lib/gcc/avr/5.4.0/avr5\libgcc.a(_muluhisi3.o)
 .data          0x00000000        0x0 c:/program files (x86)/atmel/studio/7.0/toolchain/avr8/avr8-gnu-toolchain/bin/../lib/gcc/avr/5.4.0/avr5\libgcc.a(_muluhisi3.o)
 .bss           0x00000000        0x0 c:/program files (x86)/atmel/studio/7.0/toolchain/avr8/avr8-gnu-toolchain/bin/../lib/gcc/avr/5.4.0/avr5\libgcc.a(_muluhisi3.o)
 .text.libgcc.div
                0x00000000        0x0 c:/program files (x86)/atmel/studio/7.0/toolchain/avr8/avr8-gnu-toolchain/bin/../lib/gcc/avr/5.4.0/avr5\libgcc.a(_muluhisi3.o)
 .text.libgcc   0x00000000        0x0 c:/program files (x86)/atmel/studio/7.0/toolchain/avr8/avr8-gnu-toolchain/bin/../lib/gcc/avr/5.4.0/avr5\libgcc.a(_muluhisi3.o)
 .text.libgcc.prologue
                0x00000000        0x0 c:/program files (x86)/atmel/studio/7.0/toolchain/avr8/avr8-gnu-toolchain/bin/../lib/gcc/avr/5.4.0/avr5\libgcc.a(_muluhisi3.o)
 .text.libgcc.builtins
                0x00000000        0x0 c:/program files (x86)/atmel/studio/7.0/toolchain/avr8/avr8-gnu-toolchain/bin/../lib/gcc/avr/5.4.0/avr5\libgcc.a(_muluhisi3.o)
 .text.libgcc.fmul
                0x00000000        0x0 c:/program files (x86)/atmel/studio/7.0/toolchain/avr8/avr8-gnu-toolchain/bin/../lib/gcc/avr/5.4.0/avr5\libgcc.a(_muluhisi3.o)
 .text.libgcc.fixed
                0x00000000        0x0 c:/program files (x86)/atmel/studio/7.0/toolchain/avr8/avr8-gnu-toolchain/bin/../lib/gcc/avr/5.4.0/avr5\libgcc.a(_muluhisi3.o)
 .text          0x00000000        0x0 c:/program files (x86)/atmel/studio/7.0/toolchain/avr8/avr8-gnu-toolchain/bin/../lib/gcc/avr/5.4.0/avr5\libgcc.a(_udivdi3.o)
 .data          0x00000000        0x0 c:/program files (x86)/atmel/studio/7.0/toolchain/avr8/avr8-gnu-toolchain/bin/../lib/gcc/avr/5.4.0/avr5\libgcc.a(_udivdi3.o)
 .bss           0x00000000        0x0 c:/program files (x86)/atmel/studio/7.0/toolchain/avr8/avr8-gnu-toolchain/bin/../lib/gcc/avr/5.4.0/avr5\libgcc.a(_udivdi3.o)
 .text.libgcc.mul
                0x00000000        0x0 c:/program files (x86)/atmel/studio/7.0/toolchain/avr8/avr8-gnu-toolchain/bin/../lib/gcc/avr/5.4.0/avr5\libgcc.a(_udivdi3.o)
 .text.libgcc   0x00000000        0x0 c:/program files (x86)/atmel/studio/7.0/toolchain/avr8/avr8-gnu-toolchain/bin/../lib/gcc/avr/5.4.0/avr5\libgcc.a(_udivdi3.o)
 .text.libgcc.prologue
                0x00000000        0x0 c:/program files (x86)/atmel/studio/7.0/toolchain/avr8/avr8-gnu-toolchain/bin/../lib/gcc/avr/5.4.0/avr5\libgcc.a(_udivdi3.o)
 .text.libgcc.builtins
                0x00000000        0x0 c:/program files (x86)/atmel/studio/7.0/toolchain/avr8/avr8-gnu-toolchain/bin/../lib/gcc/avr/5.4.0/avr5\libgcc.a(_udivdi3.o)
 .text.libgcc.fmul
                0x00000000        0x0 c:/program files (x86)/atmel/studio/7.0/toolchain/avr8/avr8-gnu-toolchain/bin/../lib/gcc/avr/5.4.0/avr5\libgcc.a(_udivdi3.o)
 .text.libgcc.fixed
                0x00000000        0x0 c:/program files (x86)/atmel/studio/7.0/toolchain/avr8/avr8-gnu-toolchain/bin/../lib/gcc/avr/5.4.0/avr5\libgcc.a(_udivdi3.o)
 .text          0x00000000        0x0 c:/program files (x86)/atmel/studio/7.0/toolchain/avr8/avr8-gnu-toolchain/bin/../lib/gcc/avr/5.4.0/avr5\libgcc.a(_udivmod64.o)
 .data          0x00000000        0x0 c:/program files (x86)/atmel/studio/7.0/toolchain/avr8/avr8-gnu-toolchain/bin/../lib/gcc/avr/5.4.0/avr5\libgcc.a(_udivmod64.o)
 .bss           0x00000000        0x0 c:/program files (x86)/atmel/studio/7.0/toolchain/avr8/avr8-gnu-toolchain/bin/../lib/gcc/avr/5.4.0/avr5\libgcc.a(_udivmod64.o)
 .text.libgcc.mul
                0x00000000        0x0 c:/program files (x86)/atmel/studio/7.0/toolchain/avr8/avr8-gnu-toolchain/bin/../lib/gcc/avr/5.4.0/avr5\libgcc.a(_udivmod64.o)
 .text.libgcc   0x00000000        0x0 c:/program files (x86)/atmel/studio/7.0/toolchain/avr8/avr8-gnu-toolchain/bin/../lib/gcc/avr/5.4.0/avr5\libgcc.a(_udivmod64.o)
 .text.libgcc.prologue
                0x00000000        0x0 c:/program files (x86)/atmel/studio/7.0/toolchain/avr8/avr8-gnu-toolchain/bin/../lib/gcc/avr/5.4.0/avr5\libgcc.a(_udivmod64.o)
 .text.libgcc.builtins
                0x00000000        0x0 c:/program files (x86)/atmel/studio/7.0/toolchain/avr8/avr8-gnu-toolchain/bin/../lib/gcc/avr/5.4.0/avr5\libgcc.a(_udivmod64.o)
 .text.libgcc.fmul
                0x00000000        0x0 c:/program files (x86)/atmel/studio/7.0/toolchain/avr8/avr8-gnu-toolchain/bin/../lib/gcc/avr/5.4.0/avr5\libgcc.a(_udivmod64.o)
 .text.libgcc.fixed
                0x00000000        0x0 c:/program files (x86)/atmel/studio/7.0/toolchain/avr8/avr8-gnu-toolchain/bin/../lib/gcc/avr/5.4.0/avr5\libgcc.a(_udivmod64.o)
 .text          0x00000000        0x0 c:/program files (x86)/atmel/studio/7.0/toolchain/avr8/avr8-gnu-toolchain/bin/../lib/gcc/avr/5.4.0/avr5\libgcc.a(_adddi3.o)
 .data          0x00000000        0x0 c:/program files (x86)/atmel/studio/7.0/toolchain/avr8/avr8-gnu-toolchain/bin/../lib/gcc/avr/5.4.0/avr5\libgcc.a(_adddi3.o)
 .bss           0x00000000        0x0 c:/program files (x86)/atmel/studio/7.0/toolchain/avr8/avr8-gnu-toolchain/bin/../lib/gcc/avr/5.4.0/avr5\libgcc.a(_adddi3.o)
 .text.libgcc.mul
                0x00000000        0x0 c:/program files (x86)/atmel/studio/7.0/toolchain/avr8/avr8-gnu-toolchain/bin/../lib/gcc/avr/5.4.0/avr5\libgcc.a(_adddi3.o)
 .text.libgcc.div
                0x00000000        0x0 c:/program files (x86)/atmel/studio/7.0/toolchain/avr8/avr8-gnu-toolchain/bin/../lib/gcc/avr/5.4.0/avr5\libgcc.a(_adddi3.o)
 .text.libgcc.prologue
                0x00000000        0x0 c:/program files (x86)/atmel/studio/7.0/toolchain/avr8/avr8-gnu-toolchain/bin/../lib/gcc/avr/5.4.0/avr5\libgcc.a(_adddi3.o)
 .text.libgcc.builtins
                0x00000000        0x0 c:/program files (x86)/atmel/studio/7.0/toolchain/avr8/avr8-gnu-toolchain/bin/../lib/gcc/avr/5.4.0/avr5\libgcc.a(_adddi3.o)
 .text.libgcc.fmul
                0x00000000        0x0 c:/program files (x86)/atmel/studio/7.0/toolchain/avr8/avr8-gnu-toolchain/bin/../lib/gcc/avr/5.4.0/avr5\libgcc.a(_adddi3.o)
 .text.libgcc.fixed
                0x00000000        0x0 c:/program files (x86)/atmel/studio/7.0/toolchain/avr8/avr8-gnu-toolchain/bin/../lib/gcc/avr/5.4.0/avr5\libgcc.a(_adddi3.o)

Memory Configuration

Name             Origin             Length             Attributes
text             0x00000000         0x00020000         xr
data             0x00800060         0x0000ffa0         rw !x
eeprom           0x00810000         0x00010000         rw !x
fuse             0x00820000         0x00000003         rw !x
lock             0x00830000         0x00000400         rw !x
signature        0x00840000         0x00000400         rw !x
user_signatures  0x00850000         0x00000400         rw !x
*default*        0x00000000         0xffffffff

Linker script and memory map

Address of section .data set to 0x800100
LOAD C:/Program Files (x86)/Atmel/Studio/7.0/Packs/atmel/ATmega_DFP/1.2.209/gcc/dev/atmega169p/avr5/crtatmega169p.o
LOAD adc.o
LOAD controller.o
LOAD eeprom.o
LOAD engine.o
LOAD lcd.o
LOAD main.o
LOAD motor.o
LOAD rtc.o
START GROUP
LOAD c:/program files (x86)/atmel/studio/7.0/toolchain/avr8/avr8-gnu-toolchain/bin/../lib/gcc/avr/5.4.0/../../../../avr/lib/avr5\libm.a
END GROUP
START GROUP
LOAD c:/program files (x86)/atmel/studio/7.0/toolchain/avr8/avr8-gnu-toolchain/bin/../lib/gcc/avr/5.4.0/avr5\libgcc.a
LOAD c:/program files (x86)/atmel/studio/7.0/toolchain/avr8/avr8-gnu-toolchain/bin/../lib/gcc/avr/5.4.0/../../../../avr/lib/avr5\libm.a
LOAD c:/program files (x86)/atmel/studio/7.0/toolchain/avr8/avr8-gnu-toolchain/bin/../lib/gcc/avr/5.4.0/../../../../avr/lib/avr5\libc.a
LOAD C:/Program Files (x86)/Atmel/Studio/7.0/Packs/atmel/ATmega_DFP/1.2.209/gcc/dev/atmega169p/avr5\libatmega169p.a
END GROUP
                0x00020000                __TEXT_REGION_LENGTH__ = DEFINED (__TEXT_REGION_LENGTH__)?__TEXT_REGION_LENGTH__:0x20000
                0x0000ffa0                __DATA_REGION_LENGTH__ = DEFINED (__DATA_REGION_LENGTH__)?__DATA_REGION_LENGTH__:0xffa0
                0x00010000                __EEPROM_REGION_LENGTH__ = DEFINED (__EEPROM_REGION_LENGTH__)?__EEPROM_REGION_LENGTH__:0x10000
                [0x00000003]                __FUSE_REGION_LENGTH__ = DEFINED (__FUSE_REGION_LENGTH__)?__FUSE_REGION_LENGTH__:0x400
                0x00000400                __LOCK_REGION_LENGTH__ = DEFINED (__LOCK_REGION_LENGTH__)?__LOCK_REGION_LENGTH__:0x400
                0x00000400                __SIGNATURE_REGION_LENGTH__ = DEFINED (__SIGNATURE_REGION_LENGTH__)?__SIGNATURE_REGION_LENGTH__:0x400
                0x00000400                __USER_SIGNATURE_REGION_LENGTH__ = DEFINED (__USER_SIGNATURE_REGION_LENGTH__)?__USER_SIGNATURE_REGION_LENGTH__:0x400

.hash
 *(.hash)

.dynsym
 *(.dynsym)

.dynstr
 *(.dynstr)

.gnu.version
 *(.gnu.version)

.gnu.version_d
 *(.gnu.version_d)

.gnu.version_r
 *(.gnu.version_r)

.rel.init
 *(.rel.init)

.rela.init
 *(.rela.init)

.rel.text
 *(.rel.text)
 *(.rel.text.*)
 *(.rel.gnu.linkonce.t*)

.rela.text
 *(.rela.text)
 *(.rela.text.*)
 *(.rela.gnu.linkonce.t*)

.rel.fini
 *(.rel.fini)

.rela.fini
 *(.rela.fini)

.rel.rodata
 *(.rel.rodata)
 *(.rel.rodata.*)
 *(.rel.gnu.linkonce.r*)

.rela.rodata
 *(.rela.rodata)
 *(.rela.rodata.*)
 *(.rela.gnu.linkonce.r*)

.rel.data
 *(.rel.data)
 *(.rel.data.*)
 *(.rel.gnu.linkonce.d*)

.rela.data
 *(.rela.data)
 *(.rela.data.*)
 *(.rela.gnu.linkonce.d*)

.rel.ctors
 *(.rel.ctors)

.rela.ctors
 *(.rela.ctors)

.rel.dtors
 *(.rel.dtors)

.rela.dtors
 *(.rela.dtors)

.rel.got
 *(.rel.got)

.rela.got
 *(.rela.got)

.rel.bss
 *(.rel.bss)

.rela.bss
 *(.rela.bss)

.rel.plt
 *(.rel.plt)

.rela.plt
 *(.rela.plt)

.text           0x00000000     0x32e6
 *(.vectors)
 .vectors       0x00000000       0x5c C:/Program Files (x86)/Atmel/Studio/7.0/Packs/atmel/ATmega_DFP/1.2.209/gcc/dev/atmega169p/avr5/crtatmega169p.o
                0x00000000                __vector_default
                0x00000000                __vectors
 *(.vectors)
 *(.progmem.gcc*)
                0x0000005c                . = ALIGN (0x2)
                0x0000005c                __trampolines_start = .
 *(.trampolines)
 .trampolines   0x0000005c        0x0 linker stubs
 *(.trampolines*)
                0x0000005c                __trampolines_end = .
 *libprintf_flt.a:*(.progmem.data)
 *libc.a:*(.progmem.data)
 *(.progmem*)
 .progmem.data.LCD_CharTablePrgMem
                0x0000005c       0x24 lcd.o
                0x0000005c                LCD_CharTablePrgMem
 .progmem.data.LCD_FieldOffsetTablePrgMem
                0x00000080        0x4 lcd.o
                0x00000080                LCD_FieldOffsetTablePrgMem
 .progmem.data.LCD_SegOffsetTablePrgMem
                0x00000084        0x7 lcd.o
                0x00000084                LCD_SegOffsetTablePrgMem
 .progmem.data.LCD_SegHourBarOffsetTablePrgMem
                0x0000008b       0x18 lcd.o
                0x0000008b                LCD_SegHourBarOffsetTablePrgMem
 .progmem.data.RTC_DayOfMonthTablePrgMem
                0x000000a3        0xc rtc.o
                0x000000a3                RTC_DayOfMonthTablePrgMem
 .progmem.data.daysInYear
                0x000000af       0x18 rtc.o
                0x000000c8                . = ALIGN (0x2)
 *fill*         0x000000c7        0x1 
 *(.jumptables)
 *(.jumptables*)
 *(.lowtext)
 *(.lowtext*)
                0x000000c8                __ctors_start = .
 *(.ctors)
                0x000000c8                __ctors_end = .
                0x000000c8                __dtors_start = .
 *(.dtors)
                0x000000c8                __dtors_end = .
 SORT(*)(.ctors)
 SORT(*)(.dtors)
 *(.init0)
 .init0         0x000000c8        0x0 C:/Program Files (x86)/Atmel/Studio/7.0/Packs/atmel/ATmega_DFP/1.2.209/gcc/dev/atmega169p/avr5/crtatmega169p.o
                0x000000c8                __init
 *(.init0)
 *(.init1)
 *(.init1)
 *(.init2)
 .init2         0x000000c8        0xc C:/Program Files (x86)/Atmel/Studio/7.0/Packs/atmel/ATmega_DFP/1.2.209/gcc/dev/atmega169p/avr5/crtatmega169p.o
 *(.init2)
 *(.init3)
 *(.init3)
 *(.init4)
 .init4         0x000000d4       0x16 c:/program files (x86)/atmel/studio/7.0/toolchain/avr8/avr8-gnu-toolchain/bin/../lib/gcc/avr/5.4.0/avr5\libgcc.a(_copy_data.o)
                0x000000d4                __do_copy_data
 .init4         0x000000ea       0x10 c:/program files (x86)/atmel/studio/7.0/toolchain/avr8/avr8-gnu-toolchain/bin/../lib/gcc/avr/5.4.0/avr5\libgcc.a(_clear_bss.o)
                0x000000ea                __do_clear_bss
 *(.init4)
 *(.init5)
 *(.init5)
 *(.init6)
 *(.init6)
 *(.init7)
 *(.init7)
 *(.init8)
 *(.init8)
 *(.init9)
 .init9         0x000000fa        0x8 C:/Program Files (x86)/Atmel/Studio/7.0/Packs/atmel/ATmega_DFP/1.2.209/gcc/dev/atmega169p/avr5/crtatmega169p.o
 *(.init9)
 *(.text)
 .text          0x00000102        0x4 C:/Program Files (x86)/Atmel/Studio/7.0/Packs/atmel/ATmega_DFP/1.2.209/gcc/dev/atmega169p/avr5/crtatmega169p.o
                0x00000102                __vector_1
                0x00000102                __vector_12
                0x00000102                __bad_interrupt
                0x00000102                __vector_6
                0x00000102                __vector_11
                0x00000102                __vector_13
                0x00000102                __vector_17
                0x00000102                __vector_19
                0x00000102                __vector_7
                0x00000102                __vector_4
                0x00000102                __vector_9
                0x00000102                __vector_21
                0x00000102                __vector_15
                0x00000102                __vector_8
                0x00000102                __vector_14
                0x00000102                __vector_10
                0x00000102                __vector_16
                0x00000102                __vector_18
                0x00000102                __vector_20
                0x00000106                . = ALIGN (0x2)
 *(.text.*)
 .text.ADC_Measure_Ub
                0x00000106       0x1e adc.o
                0x00000106                ADC_Measure_Ub
 .text.ADC_Measure_Temp
                0x00000124       0x42 adc.o
                0x00000124                ADC_Measure_Temp
 .text.ADC_Get_Temp_Degree
                0x00000166       0x66 adc.o
                0x00000166                ADC_Get_Temp_Degree
 .text.ADC_Get_Temp_Val
                0x000001cc       0x16 adc.o
                0x000001cc                ADC_Get_Temp_Val
 .text.ADC_Get_Bat_Voltage
                0x000001e2       0x58 adc.o
                0x000001e2                ADC_Get_Bat_Voltage
 .text.ADC_Get_Bat_Val
                0x0000023a       0x16 adc.o
                0x0000023a                ADC_Get_Bat_Val
 .text.ADC_Convert_To_Degree
                0x00000250      0x1ac adc.o
                0x00000250                ADC_Convert_To_Degree
 .text.ADC_Sample_Channel
                0x000003fc       0xc4 adc.o
                0x000003fc                ADC_Sample_Channel
 .text.update_average_temp
                0x000004c0      0x1d6 adc.o
                0x000004c0                update_average_temp
 .text.CTL_update
                0x00000696      0x1ba controller.o
                0x00000696                CTL_update
 .text.CTL_temp_change_inc
                0x00000850       0x4a controller.o
                0x00000850                CTL_temp_change_inc
 .text.testIntegratorRevert
                0x0000089a       0x74 controller.o
 .text.pid_Controller
                0x0000090e      0x4bc controller.o
 .text.EEPROM_read
                0x00000dca       0x56 eeprom.o
                0x00000dca                EEPROM_read
 .text.eeprom_timers_read_raw
                0x00000e20       0x70 eeprom.o
                0x00000e20                eeprom_timers_read_raw
 .text.e_meassure
                0x00000e90       0xd6 engine.o
                0x00000e90                e_meassure
 .text.e_Init   0x00000f66       0x14 engine.o
                0x00000f66                e_Init
 .text.e_resetTemp
                0x00000f7a       0x36 engine.o
                0x00000f7a                e_resetTemp
 .text.LCD_Init
                0x00000fb0       0x4c lcd.o
                0x00000fb0                LCD_Init
 .text.LCD_ContrastAdjust
                0x00000ffc       0x68 lcd.o
                0x00000ffc                LCD_ContrastAdjust
 .text.LCD_AllSegments
                0x00001064       0x96 lcd.o
                0x00001064                LCD_AllSegments
 .text.LCD_PrintChar
                0x000010fa       0xcc lcd.o
                0x000010fa                LCD_PrintChar
 .text.LCD_PrintHex
                0x000011c6       0x56 lcd.o
                0x000011c6                LCD_PrintHex
 .text.LCD_PrintDec
                0x0000121c       0x82 lcd.o
                0x0000121c                LCD_PrintDec
 .text.LCD_PrintDecW
                0x0000129e       0x94 lcd.o
                0x0000129e                LCD_PrintDecW
 .text.LCD_PrintHexW
                0x00001332       0x44 lcd.o
                0x00001332                LCD_PrintHexW
 .text.LCD_PrintTemp
                0x00001376      0x13c lcd.o
                0x00001376                LCD_PrintTemp
 .text.LCD_PrintTempInt
                0x000014b2      0x13e lcd.o
                0x000014b2                LCD_PrintTempInt
 .text.LCD_SetHourBarSeg
                0x000015f0       0x4a lcd.o
                0x000015f0                LCD_SetHourBarSeg
 .text.LCD_SetHourBarVal
                0x0000163a       0x52 lcd.o
                0x0000163a                LCD_SetHourBarVal
 .text.LCD_ClearNumbers
                0x0000168c       0x4e lcd.o
                0x0000168c                LCD_ClearNumbers
 .text.LCD_SetSeg
                0x000016da      0x144 lcd.o
                0x000016da                LCD_SetSeg
 .text.LCD_Update
                0x0000181e       0x16 lcd.o
                0x0000181e                LCD_Update
 .text.__vector_22
                0x00001834      0x206 lcd.o
                0x00001834                __vector_22
 .text.main     0x00001a3a      0x358 main.o
                0x00001a3a                main
 .text.init     0x00001d92       0x9c main.o
                0x00001d92                init
 .text.load_defauls
                0x00001e2e       0x9c main.o
                0x00001e2e                load_defauls
 .text.input_temp
                0x00001eca       0x74 main.o
                0x00001eca                input_temp
 .text.callback_settemp
                0x00001f3e       0x3c main.o
                0x00001f3e                callback_settemp
 .text.setautomode
                0x00001f7a       0x5c main.o
                0x00001f7a                setautomode
 .text.__vector_3
                0x00001fd6       0xd2 main.o
                0x00001fd6                __vector_3
 .text.delay    0x000020a8       0x68 main.o
                0x000020a8                delay
 .text.MOTOR_Init
                0x00002110       0x30 motor.o
                0x00002110                MOTOR_Init
 .text.MOTOR_ResetCalibration
                0x00002140       0x30 motor.o
                0x00002140                MOTOR_ResetCalibration
 .text.MOTOR_SetMountStatus
                0x00002170       0x26 motor.o
                0x00002170                MOTOR_SetMountStatus
 .text.MOTOR_On
                0x00002196       0x1a motor.o
                0x00002196                MOTOR_On
 .text.MOTOR_Goto
                0x000021b0       0xe0 motor.o
                0x000021b0                MOTOR_Goto
 .text.MOTOR_Calibrate
                0x00002290      0x21e motor.o
                0x00002290                MOTOR_Calibrate
 .text.MOTOR_Control
                0x000024ae      0x164 motor.o
                0x000024ae                MOTOR_Control
 .text.MOTOR_CheckBlocked
                0x00002612       0x40 motor.o
                0x00002612                MOTOR_CheckBlocked
 .text.__vector_2
                0x00002652       0xd4 motor.o
                0x00002652                __vector_2
 .text.RTC_Init
                0x00002726       0xd6 rtc.o
                0x00002726                RTC_Init
 .text.RTC_SetDay
                0x000027fc       0x2c rtc.o
                0x000027fc                RTC_SetDay
 .text.RTC_SetMonth
                0x00002828       0x2c rtc.o
                0x00002828                RTC_SetMonth
 .text.RTC_SetYear
                0x00002854       0x20 rtc.o
                0x00002854                RTC_SetYear
 .text.RTC_SetHour
                0x00002874       0x22 rtc.o
                0x00002874                RTC_SetHour
 .text.RTC_SetMinute
                0x00002896       0x22 rtc.o
                0x00002896                RTC_SetMinute
 .text.RTC_SetSecond
                0x000028b8       0x22 rtc.o
                0x000028b8                RTC_SetSecond
 .text.RTC_DowTimerSet
                0x000028da       0x42 rtc.o
                0x000028da                RTC_DowTimerSet
 .text.RTC_DowTimerGetActualIndex
                0x0000291c       0xd4 rtc.o
                0x0000291c                RTC_DowTimerGetActualIndex
 .text.RTC_DowTimerGetStartOfDay
                0x000029f0       0xd8 rtc.o
                0x000029f0                RTC_DowTimerGetStartOfDay
 .text.RTC_AddOneSecond
                0x00002ac8      0x148 rtc.o
                0x00002ac8                RTC_AddOneSecond
 .text.RTC_AddOneDay
                0x00002c10       0x9c rtc.o
                0x00002c10                RTC_AddOneDay
 .text.RTC_DaysOfMonth
                0x00002cac       0x4c rtc.o
                0x00002cac                RTC_DaysOfMonth
 .text.RTC_NoLeapyear
                0x00002cf8       0x3a rtc.o
                0x00002cf8                RTC_NoLeapyear
 .text.RTC_IsLastSunday
                0x00002d32       0x6c rtc.o
                0x00002d32                RTC_IsLastSunday
 .text.RTC_SetDayOfWeek
                0x00002d9e      0x11a rtc.o
                0x00002d9e                RTC_SetDayOfWeek
 .text.__vector_5
                0x00002eb8       0x80 rtc.o
                0x00002eb8                __vector_5
 .text.RTC_FindTimerRawIndex
                0x00002f38       0xe6 rtc.o
 .text.RTC_ActualTimerTemperature
                0x0000301e       0xce rtc.o
                0x0000301e                RTC_ActualTimerTemperature
 .text.libgcc.mul
                0x000030ec       0x20 c:/program files (x86)/atmel/studio/7.0/toolchain/avr8/avr8-gnu-toolchain/bin/../lib/gcc/avr/5.4.0/avr5\libgcc.a(_mulsi3.o)
                0x000030ec                __mulsi3
 .text.libgcc.div
                0x0000310c       0x28 c:/program files (x86)/atmel/studio/7.0/toolchain/avr8/avr8-gnu-toolchain/bin/../lib/gcc/avr/5.4.0/avr5\libgcc.a(_udivmodhi4.o)
                0x0000310c                __udivmodhi4
 .text.libgcc.div
                0x00003134       0x28 c:/program files (x86)/atmel/studio/7.0/toolchain/avr8/avr8-gnu-toolchain/bin/../lib/gcc/avr/5.4.0/avr5\libgcc.a(_divmodhi4.o)
                0x00003134                _div
                0x00003134                __divmodhi4
 .text.libgcc.div
                0x0000315c       0x44 c:/program files (x86)/atmel/studio/7.0/toolchain/avr8/avr8-gnu-toolchain/bin/../lib/gcc/avr/5.4.0/avr5\libgcc.a(_udivmodsi4.o)
                0x0000315c                __udivmodsi4
 .text.libgcc.div
                0x000031a0       0x2e c:/program files (x86)/atmel/studio/7.0/toolchain/avr8/avr8-gnu-toolchain/bin/../lib/gcc/avr/5.4.0/avr5\libgcc.a(_divmodsi4.o)
                0x000031a0                __divmodsi4
 .text.libgcc.div
                0x000031ce       0x10 c:/program files (x86)/atmel/studio/7.0/toolchain/avr8/avr8-gnu-toolchain/bin/../lib/gcc/avr/5.4.0/avr5\libgcc.a(_negsi2.o)
                0x000031ce                __negsi2
 .text.libgcc.mul
                0x000031de       0x1e c:/program files (x86)/atmel/studio/7.0/toolchain/avr8/avr8-gnu-toolchain/bin/../lib/gcc/avr/5.4.0/avr5\libgcc.a(_umulhisi3.o)
                0x000031de                __umulhisi3
 .text.libgcc.mul
                0x000031fc       0x16 c:/program files (x86)/atmel/studio/7.0/toolchain/avr8/avr8-gnu-toolchain/bin/../lib/gcc/avr/5.4.0/avr5\libgcc.a(_muluhisi3.o)
                0x000031fc                __muluhisi3
 .text.libgcc.div
                0x00003212       0x1c c:/program files (x86)/atmel/studio/7.0/toolchain/avr8/avr8-gnu-toolchain/bin/../lib/gcc/avr/5.4.0/avr5\libgcc.a(_udivdi3.o)
                0x00003212                __umoddi3
                0x00003216                __udivdi3
                0x00003218                __udivdi3_umoddi3
 .text.libgcc.div
                0x0000322e       0xa2 c:/program files (x86)/atmel/studio/7.0/toolchain/avr8/avr8-gnu-toolchain/bin/../lib/gcc/avr/5.4.0/avr5\libgcc.a(_udivmod64.o)
                0x0000322e                __udivmod64
 .text.libgcc   0x000032d0       0x12 c:/program files (x86)/atmel/studio/7.0/toolchain/avr8/avr8-gnu-toolchain/bin/../lib/gcc/avr/5.4.0/avr5\libgcc.a(_adddi3.o)
                0x000032d0                __adddi3
                0x000032e2                . = ALIGN (0x2)
 *(.fini9)
 .fini9         0x000032e2        0x0 c:/program files (x86)/atmel/studio/7.0/toolchain/avr8/avr8-gnu-toolchain/bin/../lib/gcc/avr/5.4.0/avr5\libgcc.a(_exit.o)
                0x000032e2                _exit
                0x000032e2                exit
 *(.fini9)
 *(.fini8)
 *(.fini8)
 *(.fini7)
 *(.fini7)
 *(.fini6)
 *(.fini6)
 *(.fini5)
 *(.fini5)
 *(.fini4)
 *(.fini4)
 *(.fini3)
 *(.fini3)
 *(.fini2)
 *(.fini2)
 *(.fini1)
 *(.fini1)
 *(.fini0)
 .fini0         0x000032e2        0x4 c:/program files (x86)/atmel/studio/7.0/toolchain/avr8/avr8-gnu-toolchain/bin/../lib/gcc/avr/5.4.0/avr5\libgcc.a(_exit.o)
 *(.fini0)
                0x000032e6                _etext = .

.data           0x00800100       0x24 load address 0x000032e6
                0x00800100                PROVIDE (__data_start, .)
 *(.data)
 *(.data*)
 .data.kz       0x00800100        0x1 adc.o
                0x00800100                kz
 .data.kx       0x00800101        0xe adc.o
                0x00800101                kx
 .data.ky       0x0080010f        0xe adc.o
                0x0080010f                ky
 .data.CTL_temp_wanted_last
                0x0080011d        0x1 controller.o
                0x0080011d                CTL_temp_wanted_last
 .data.CTL_mode_auto
                0x0080011e        0x1 controller.o
                0x0080011e                CTL_mode_auto
 .data.PID_update_timeout
                0x0080011f        0x2 controller.o
 .data.PID_force_update
                0x00800121        0x1 controller.o
                0x00800121                PID_force_update
 .data.timmers_patch_offset
                0x00800122        0x1 eeprom.o
                0x00800122                timmers_patch_offset
 *(.gnu.linkonce.d*)
 *(.rodata)
 *(.rodata*)
 *(.gnu.linkonce.r*)
                0x00800124                . = ALIGN (0x2)
 *fill*         0x00800123        0x1 
                0x00800124                _edata = .
                0x00800124                PROVIDE (__data_end, .)

.bss            0x00800124       0xd9
                0x00800124                PROVIDE (__bss_start, .)
 *(.bss)
 *(.bss*)
 .bss.averaging_pos
                0x00800124        0x2 adc.o
                0x00800124                averaging_pos
 .bss.average_temp_positions
                0x00800126        0x2 adc.o
                0x00800126                average_temp_positions
 .bss.CTL_temp_wanted
                0x00800128        0x1 controller.o
                0x00800128                CTL_temp_wanted
 .bss.CTL_temp_auto
                0x00800129        0x1 controller.o
                0x00800129                CTL_temp_auto
 .bss.CTL_mode_window
                0x0080012a        0x1 controller.o
                0x0080012a                CTL_mode_window
 .bss.sumError  0x0080012b        0x4 controller.o
                0x0080012b                sumError
 .bss.lastErrorSign
                0x0080012f        0x1 controller.o
 .bss.lastAbsError
                0x00800130        0x2 controller.o
 .bss.last2AbsError
                0x00800132        0x2 controller.o
 .bss.lastProcessValue
                0x00800134        0x2 controller.o
 .bss.lastTempChangeErrorAbs
                0x00800136        0x2 controller.o
 .bss.lastTempChangeSumError
                0x00800138        0x4 controller.o
 .bss.lastsec.2158
                0x0080013c        0x1 engine.o
 .bss.state.2159
                0x0080013d        0x1 engine.o
 *(COMMON)
 COMMON         0x0080013e       0x26 adc.o
                0x0080013e                ADC_Val_Temp
                0x00800140                ring_average
                0x00800142                average_temp_16s
                0x00800162                ADC_Val_Ub
 COMMON         0x00800164        0xd controller.o
                0x00800164                CTL_interatorCredit
                0x00800165                CTL_creditExpiration
                0x00800166                CTL_open_window_timeout
                0x00800168                RTC
                0x0080016f                valveHistory
                0x00800170                CTL_integratorBlock
 COMMON         0x00800171       0x2d eeprom.o
                0x00800171                timmers_patch_data
                0x00800173                config
 COMMON         0x0080019e        0x8 engine.o
                0x0080019e                st
 COMMON         0x008001a6       0x15 lcd.o
                0x008001a6                LCD_BlinkCounter
                0x008001a7                LCD_Bitplane
                0x008001a8                LCD_UpdateRequired
                0x008001a9                LCD_Data
 COMMON         0x008001bb        0xe main.o
                0x008001bb                m_reftemp
                0x008001bc                m_key_action
                0x008001bd                m_state_wheel
                0x008001be                m_state_keys_prev
                0x008001bf                m_speed
                0x008001c0                m_automatic_mode
                0x008001c1                m_state_wheel_prev
                0x008001c2                m_wheel_action
                0x008001c3                m_state_keys
                0x008001c4                m_reftemp_mem
                0x008001c6                serialNumber
                0x008001c8                m_wheel
 COMMON         0x008001c9        0xa motor.o
                0x008001c9                MOTOR_Mounted
                0x008001ca                MOTOR_PosMax
                0x008001cc                MOTOR_PosAct
                0x008001ce                MOTOR_Dir
                0x008001cf                MOTOR_PosStop
                0x008001d1                MOTOR_PosLast
 COMMON         0x008001d3       0x2a rtc.o
                0x008001d3                RTC_mm
                0x008001d4                RTC_DS
                0x008001d5                RTC_DOW
                0x008001d6                RTC_Ticks
                0x008001da                RTC_hh
                0x008001db                RTC_DD
                0x008001dc                RTC_Dow_Timer
                0x008001f8                RTC_DowTimerCallbackFunc
                0x008001fa                RTC_ss
                0x008001fb                RTC_MM
                0x008001fc                RTC_YY
                0x008001fd                PROVIDE (__bss_end, .)
                0x000032e6                __data_load_start = LOADADDR (.data)
                0x0000330a                __data_load_end = (__data_load_start + SIZEOF (.data))

.noinit         0x008001fd        0x0
                [!provide]                PROVIDE (__noinit_start, .)
 *(.noinit*)
                [!provide]                PROVIDE (__noinit_end, .)
                0x008001fd                _end = .
                [!provide]                PROVIDE (__heap_start, .)

.eeprom         0x00810000      0x12c
 *(.eeprom*)
 .eeprom        0x00810000      0x12c eeprom.o
                0x00810000                ee_timers
                0x00810040                ee_layout
                0x00810041                ee_reserved1
                0x00810042                ee_reserved2
                0x00810043                ee_reserved3
                0x00810044                ee_reserved2_60
                0x00810080                ee_config
                0x0081012c                __eeprom_end = .

.fuse
 *(.fuse)
 *(.lfuse)
 *(.hfuse)
 *(.efuse)

.lock
 *(.lock*)

.signature
 *(.signature*)

.user_signatures
 *(.user_signatures*)

.stab
 *(.stab)

.stabstr
 *(.stabstr)

.stab.excl
 *(.stab.excl)

.stab.exclstr
 *(.stab.exclstr)

.stab.index
 *(.stab.index)

.stab.indexstr
 *(.stab.indexstr)

.comment        0x00000000       0x30
 *(.comment)
 .comment       0x00000000       0x30 adc.o
                                 0x31 (size before relaxing)
 .comment       0x00000030       0x31 controller.o
 .comment       0x00000030       0x31 eeprom.o
 .comment       0x00000030       0x31 engine.o
 .comment       0x00000030       0x31 lcd.o
 .comment       0x00000030       0x31 main.o
 .comment       0x00000030       0x31 motor.o
 .comment       0x00000030       0x31 rtc.o

.note.gnu.avr.deviceinfo
                0x00000000       0x40
 .note.gnu.avr.deviceinfo
                0x00000000       0x40 C:/Program Files (x86)/Atmel/Studio/7.0/Packs/atmel/ATmega_DFP/1.2.209/gcc/dev/atmega169p/avr5/crtatmega169p.o

.note.gnu.build-id
 *(.note.gnu.build-id)

.debug
 *(.debug)

.line
 *(.line)

.debug_srcinfo
 *(.debug_srcinfo)

.debug_sfnames
 *(.debug_sfnames)

.debug_aranges  0x00000000      0x390
 *(.debug_aranges)
 .debug_aranges
                0x00000000       0x70 adc.o
 .debug_aranges
                0x00000070       0x40 controller.o
 .debug_aranges
                0x000000b0       0x50 eeprom.o
 .debug_aranges
                0x00000100       0x30 engine.o
 .debug_aranges
                0x00000130       0xc0 lcd.o
 .debug_aranges
                0x000001f0       0x58 main.o
 .debug_aranges
                0x00000248       0x80 motor.o
 .debug_aranges
                0x000002c8       0xc8 rtc.o

.debug_pubnames
 *(.debug_pubnames)

.debug_info     0x00000000     0x3382
 *(.debug_info .gnu.linkonce.wi.*)
 .debug_info    0x00000000      0x7b6 C:/Program Files (x86)/Atmel/Studio/7.0/Packs/atmel/ATmega_DFP/1.2.209/gcc/dev/atmega169p/avr5/crtatmega169p.o
 .debug_info    0x000007b6      0x35a adc.o
 .debug_info    0x00000b10      0x4e8 controller.o
 .debug_info    0x00000ff8      0x64a eeprom.o
 .debug_info    0x00001642      0x249 engine.o
 .debug_info    0x0000188b      0x80e lcd.o
 .debug_info    0x00002099      0x4cb main.o
 .debug_info    0x00002564      0x321 motor.o
 .debug_info    0x00002885      0xafd rtc.o

.debug_abbrev   0x00000000     0x13e9
 *(.debug_abbrev)
 .debug_abbrev  0x00000000      0x74b C:/Program Files (x86)/Atmel/Studio/7.0/Packs/atmel/ATmega_DFP/1.2.209/gcc/dev/atmega169p/avr5/crtatmega169p.o
 .debug_abbrev  0x0000074b      0x1c3 adc.o
 .debug_abbrev  0x0000090e      0x191 controller.o
 .debug_abbrev  0x00000a9f      0x168 eeprom.o
 .debug_abbrev  0x00000c07      0x107 engine.o
 .debug_abbrev  0x00000d0e      0x195 lcd.o
 .debug_abbrev  0x00000ea3      0x1c5 main.o
 .debug_abbrev  0x00001068      0x130 motor.o
 .debug_abbrev  0x00001198      0x251 rtc.o

.debug_line     0x00000000     0x27b8
 *(.debug_line .debug_line.* .debug_line_end)
 .debug_line    0x00000000      0x121 C:/Program Files (x86)/Atmel/Studio/7.0/Packs/atmel/ATmega_DFP/1.2.209/gcc/dev/atmega169p/avr5/crtatmega169p.o
 .debug_line    0x00000121      0x308 adc.o
 .debug_line    0x00000429      0x48c controller.o
 .debug_line    0x000008b5      0x29f eeprom.o
 .debug_line    0x00000b54      0x19d engine.o
 .debug_line    0x00000cf1      0x78b lcd.o
 .debug_line    0x0000147c      0x6a4 main.o
 .debug_line    0x00001b20      0x4fc motor.o
 .debug_line    0x0000201c      0x79c rtc.o

.debug_frame    0x00000000      0xd68
 *(.debug_frame)
 .debug_frame   0x00000000      0x1d8 adc.o
 .debug_frame   0x000001d8       0xd0 controller.o
 .debug_frame   0x000002a8      0x114 eeprom.o
 .debug_frame   0x000003bc       0x88 engine.o
 .debug_frame   0x00000444      0x2e4 lcd.o
 .debug_frame   0x00000728      0x130 main.o
 .debug_frame   0x00000858      0x1f8 motor.o
 .debug_frame   0x00000a50      0x318 rtc.o

.debug_str      0x00000000     0x1424
 *(.debug_str)
 .debug_str     0x00000000      0x2b3 C:/Program Files (x86)/Atmel/Studio/7.0/Packs/atmel/ATmega_DFP/1.2.209/gcc/dev/atmega169p/avr5/crtatmega169p.o
 .debug_str     0x000002b3      0x296 adc.o
                                0x2da (size before relaxing)
 .debug_str     0x00000549      0x245 controller.o
                                0x3ec (size before relaxing)
 .debug_str     0x0000078e      0x413 eeprom.o
                                0x5cd (size before relaxing)
 .debug_str     0x00000ba1       0x62 engine.o
                                0x1fa (size before relaxing)
 .debug_str     0x00000c03      0x248 lcd.o
                                0x3eb (size before relaxing)
 .debug_str     0x00000e4b      0x1ce main.o
                                0x3a0 (size before relaxing)
 .debug_str     0x00001019      0x15c motor.o
                                0x2f6 (size before relaxing)
 .debug_str     0x00001175      0x2af rtc.o
                                0x783 (size before relaxing)

.debug_loc      0x00000000     0x1bd0
 *(.debug_loc)
 .debug_loc     0x00000000      0x3cc adc.o
 .debug_loc     0x000003cc      0x1a8 controller.o
 .debug_loc     0x00000574      0x239 eeprom.o
 .debug_loc     0x000007ad       0xf2 engine.o
 .debug_loc     0x0000089f      0x60c lcd.o
 .debug_loc     0x00000eab      0x273 main.o
 .debug_loc     0x0000111e      0x3e9 motor.o
 .debug_loc     0x00001507      0x6c9 rtc.o

.debug_macinfo
 *(.debug_macinfo)

.debug_weaknames
 *(.debug_weaknames)

.debug_funcnames
 *(.debug_funcnames)

.debug_typenames
 *(.debug_typenames)

.debug_varnames
 *(.debug_varnames)

.debug_pubtypes
 *(.debug_pubtypes)

.debug_ranges   0x00000000      0x328
 *(.debug_ranges)
 .debug_ranges  0x00000000       0x60 adc.o
 .debug_ranges  0x00000060       0x30 controller.o
 .debug_ranges  0x00000090       0x40 eeprom.o
 .debug_ranges  0x000000d0       0x38 engine.o
 .debug_ranges  0x00000108       0xb0 lcd.o
 .debug_ranges  0x000001b8       0x48 main.o
 .debug_ranges  0x00000200       0x70 motor.o
 .debug_ranges  0x00000270       0xb8 rtc.o

.debug_macro
 *(.debug_macro)
OUTPUT(openHR20_custom.elf elf32-avr)
LOAD linker stubs
