Archive member included to satisfy reference by file (symbol)

c:/program files (x86)/atmel/studio/7.0/toolchain/avr8/avr8-gnu-toolchain/bin/../lib/gcc/avr/5.4.0/avr5\libgcc.a(_mulsi3.o)
                              adc.o (__mulsi3)
c:/program files (x86)/atmel/studio/7.0/toolchain/avr8/avr8-gnu-toolchain/bin/../lib/gcc/avr/5.4.0/avr5\libgcc.a(_udivmodhi4.o)
                              motor.o (__udivmodhi4)
c:/program files (x86)/atmel/studio/7.0/toolchain/avr8/avr8-gnu-toolchain/bin/../lib/gcc/avr/5.4.0/avr5\libgcc.a(_divmodhi4.o)
                              controller.o (__divmodhi4)
c:/program files (x86)/atmel/studio/7.0/toolchain/avr8/avr8-gnu-toolchain/bin/../lib/gcc/avr/5.4.0/avr5\libgcc.a(_udivmodsi4.o)
                              adc.o (__udivmodsi4)
c:/program files (x86)/atmel/studio/7.0/toolchain/avr8/avr8-gnu-toolchain/bin/../lib/gcc/avr/5.4.0/avr5\libgcc.a(_divmodsi4.o)
                              adc.o (__divmodsi4)
c:/program files (x86)/atmel/studio/7.0/toolchain/avr8/avr8-gnu-toolchain/bin/../lib/gcc/avr/5.4.0/avr5\libgcc.a(_negsi2.o)
                              c:/program files (x86)/atmel/studio/7.0/toolchain/avr8/avr8-gnu-toolchain/bin/../lib/gcc/avr/5.4.0/avr5\libgcc.a(_divmodsi4.o) (__negsi2)
c:/program files (x86)/atmel/studio/7.0/toolchain/avr8/avr8-gnu-toolchain/bin/../lib/gcc/avr/5.4.0/avr5\libgcc.a(_exit.o)
                              C:/Program Files (x86)/Atmel/Studio/7.0/Packs/atmel/ATmega_DFP/1.2.209/gcc/dev/atmega169p/avr5/crtatmega169p.o (exit)
c:/program files (x86)/atmel/studio/7.0/toolchain/avr8/avr8-gnu-toolchain/bin/../lib/gcc/avr/5.4.0/avr5\libgcc.a(_copy_data.o)
                              adc.o (__do_copy_data)
c:/program files (x86)/atmel/studio/7.0/toolchain/avr8/avr8-gnu-toolchain/bin/../lib/gcc/avr/5.4.0/avr5\libgcc.a(_clear_bss.o)
                              adc.o (__do_clear_bss)
c:/program files (x86)/atmel/studio/7.0/toolchain/avr8/avr8-gnu-toolchain/bin/../lib/gcc/avr/5.4.0/avr5\libgcc.a(_umulhisi3.o)
                              lcd.o (__umulhisi3)
c:/program files (x86)/atmel/studio/7.0/toolchain/avr8/avr8-gnu-toolchain/bin/../lib/gcc/avr/5.4.0/avr5\libgcc.a(_muluhisi3.o)
                              c:/program files (x86)/atmel/studio/7.0/toolchain/avr8/avr8-gnu-toolchain/bin/../lib/gcc/avr/5.4.0/avr5\libgcc.a(_mulsi3.o) (__muluhisi3)

Allocating common symbols
Common symbol       size              file

m_reftemp           0x1               main.o
MOTOR_Mounted       0x1               motor.o
m_key_action        0x1               main.o
m_state_wheel       0x1               main.o
m_state_keys_prev   0x1               main.o
LCD_BlinkCounter    0x1               lcd.o
ADC_Val_Temp        0x2               adc.o
MOTOR_PosMax        0x2               motor.o
m_speed             0x1               main.o
RTC_mm              0x1               rtc.o
m_automatic_mode    0x1               main.o
m_state_wheel_prev  0x1               main.o
MOTOR_PosAct        0x2               motor.o
m_wheel_action      0x1               main.o
ring_average        0x2               adc.o
CTL_interatorCredit
                    0x1               controller.o
LCD_Bitplane        0x1               lcd.o
CTL_creditExpiration
                    0x1               controller.o
RTC_DS              0x1               rtc.o
m_state_keys        0x1               main.o
RTC_DOW             0x1               rtc.o
RTC_Ticks           0x4               rtc.o
CTL_open_window_timeout
                    0x2               controller.o
m_reftemp_mem       0x2               main.o
MOTOR_Dir           0x1               motor.o
LCD_UpdateRequired  0x1               lcd.o
RTC_hh              0x1               rtc.o
RTC                 0x7               controller.o
MOTOR_PosStop       0x2               motor.o
serialNumber        0x2               main.o
RTC_DD              0x1               rtc.o
RTC_Dow_Timer       0x1c              rtc.o
LCD_Data            0x12              lcd.o
RTC_DowTimerCallbackFunc
                    0x2               rtc.o
RTC_ss              0x1               rtc.o
RTC_MM              0x1               rtc.o
ADC_Val_Ub          0x2               adc.o
RTC_YY              0x1               rtc.o
valveHistory        0x1               controller.o
m_wheel             0x1               main.o
MOTOR_PosLast       0x2               motor.o
CTL_integratorBlock
                    0x1               controller.o
st                  0x8               engine.o
timmers_patch_data  0x2               eeprom.o
config              0x2b              eeprom.o

Discarded input sections

 .data          0x00000000        0x0 C:/Program Files (x86)/Atmel/Studio/7.0/Packs/atmel/ATmega_DFP/1.2.209/gcc/dev/atmega169p/avr5/crtatmega169p.o
 .bss           0x00000000        0x0 C:/Program Files (x86)/Atmel/Studio/7.0/Packs/atmel/ATmega_DFP/1.2.209/gcc/dev/atmega169p/avr5/crtatmega169p.o
 .text          0x00000000        0x0 adc.o
 .data          0x00000000        0x0 adc.o
 .bss           0x00000000        0x0 adc.o
 .text.ADC_Init
                0x00000000       0x2c adc.o
 .text.ADC_Get_Temp_Val
                0x00000000       0x16 adc.o
 .text.ADC_Get_Bat_Voltage
                0x00000000       0x58 adc.o
 .text.ADC_Get_Bat_isOk
                0x00000000       0x1e adc.o
 .text.ADC_Get_Bat_Val
                0x00000000       0x16 adc.o
 .text          0x00000000        0x0 controller.o
 .data          0x00000000        0x0 controller.o
 .bss           0x00000000        0x0 controller.o
 .data.CTL_temp_wanted_last
                0x00000000        0x1 controller.o
 .bss.CTL_temp_auto
                0x00000000        0x1 controller.o
 .data.CTL_mode_auto
                0x00000000        0x1 controller.o
 .data.PID_update_timeout
                0x00000000        0x2 controller.o
 .bss.CTL_error
                0x00000000        0x1 controller.o
 .text.CTL_update
                0x00000000      0x1ba controller.o
 .bss.menu_temp_rewoke
                0x00000000        0x1 controller.o
 .text.CTL_change_mode
                0x00000000       0x96 controller.o
 .bss.sumError  0x00000000        0x4 controller.o
 .bss.lastErrorSign
                0x00000000        0x1 controller.o
 .bss.lastAbsError
                0x00000000        0x2 controller.o
 .bss.last2AbsError
                0x00000000        0x2 controller.o
 .bss.lastProcessValue
                0x00000000        0x2 controller.o
 .bss.lastTempChangeErrorAbs
                0x00000000        0x2 controller.o
 .bss.lastTempChangeSumError
                0x00000000        0x4 controller.o
 .text.testIntegratorRevert
                0x00000000       0x74 controller.o
 .text.pid_Controller
                0x00000000      0x4bc controller.o
 COMMON         0x00000000        0xd controller.o
 .text          0x00000000        0x0 eeprom.o
 .data          0x00000000        0x0 eeprom.o
 .bss           0x00000000        0x0 eeprom.o
 .text.EEPROM_read
                0x00000000       0x56 eeprom.o
 .text.config_read
                0x00000000       0x74 eeprom.o
 .text.EEPROM_write
                0x00000000       0x92 eeprom.o
 .text.eeprom_config_init
                0x00000000       0xbe eeprom.o
 .text.eeprom_config_save
                0x00000000       0xb8 eeprom.o
 .data.timmers_patch_offset
                0x00000000        0x1 eeprom.o
 .text.eeprom_timers_read_raw
                0x00000000       0x70 eeprom.o
 .text.eeprom_timers_write_raw
                0x00000000       0x68 eeprom.o
 COMMON         0x00000000       0x2d eeprom.o
 .text          0x00000000        0x0 engine.o
 .data          0x00000000        0x0 engine.o
 .bss           0x00000000        0x0 engine.o
 .text.e_meassure
                0x00000000       0xd6 engine.o
 .bss.lastsec.2156
                0x00000000        0x1 engine.o
 .bss.state.2157
                0x00000000        0x1 engine.o
 .text          0x00000000        0x0 lcd.o
 .data          0x00000000        0x0 lcd.o
 .bss           0x00000000        0x0 lcd.o
 .progmem.data.LCD_WeekdayTablePrgMem
                0x00000000       0x1c lcd.o
 .progmem.data.LCD_SegHourBarOffsetTablePrgMem
                0x00000000       0x18 lcd.o
 .text.LCD_PrintHex
                0x00000000       0x56 lcd.o
 .text.LCD_PrintDecW
                0x00000000       0x94 lcd.o
 .text.LCD_PrintHexW
                0x00000000       0x44 lcd.o
 .text.LCD_PrintTemp
                0x00000000      0x13c lcd.o
 .text.LCD_PrintTempInt
                0x00000000      0x13e lcd.o
 .text.LCD_PrintDayOfWeek
                0x00000000       0xb8 lcd.o
 .text.LCD_SetHourBarSeg
                0x00000000       0x4a lcd.o
 .text.LCD_SetHourBarBar
                0x00000000       0x52 lcd.o
 .text.LCD_SetHourBarVal
                0x00000000       0x52 lcd.o
 .text.LCD_ClearAll
                0x00000000       0x16 lcd.o
 .text.LCD_ClearHourBar
                0x00000000       0x1e lcd.o
 .text.LCD_ClearSymbols
                0x00000000       0x46 lcd.o
 .text.LCD_ClearNumbers
                0x00000000       0x4e lcd.o
 .text          0x00000000        0x0 main.o
 .data          0x00000000        0x0 main.o
 .bss           0x00000000        0x0 main.o
 .text.input_temp
                0x00000000       0x74 main.o
 .text.setautomode
                0x00000000       0x5c main.o
 .text          0x00000000        0x0 motor.o
 .data          0x00000000        0x0 motor.o
 .bss           0x00000000        0x0 motor.o
 .text.MOTOR_ResetCalibration
                0x00000000       0x30 motor.o
 .text.MOTOR_GetPosPercent
                0x00000000       0x64 motor.o
 .text.MOTOR_SetMountStatus
                0x00000000       0x26 motor.o
 .text.MOTOR_On
                0x00000000       0x1a motor.o
 .text.MOTOR_IsCalibrated
                0x00000000       0x20 motor.o
 .text.MOTOR_Goto
                0x00000000       0xe0 motor.o
 .text.MOTOR_Do_Calibrate
                0x00000000       0x1c motor.o
 .text.MOTOR_Calibrate
                0x00000000      0x21e motor.o
 .text.MOTOR_Stop
                0x00000000       0x18 motor.o
 .text.MOTOR_CheckBlocked
                0x00000000       0x40 motor.o
 .text          0x00000000        0x0 rtc.o
 .data          0x00000000        0x0 rtc.o
 .bss           0x00000000        0x0 rtc.o
 .text.RTC_GetTicks
                0x00000000       0x42 rtc.o
 .text.RTC_DowTimerGet
                0x00000000       0x38 rtc.o
 .text.RTC_DowTimerGetActualIndex
                0x00000000       0xd4 rtc.o
 .text.RTC_DowTimerGetStartOfDay
                0x00000000       0xd8 rtc.o
 .text.RTC_SetDate
                0x00000000       0x72 rtc.o
 .text.RTC_FindTimerRawIndex
                0x00000000       0xe6 rtc.o
 .text.RTC_ActualTimerTemperature
                0x00000000       0xce rtc.o
 .text          0x00000000        0x0 c:/program files (x86)/atmel/studio/7.0/toolchain/avr8/avr8-gnu-toolchain/bin/../lib/gcc/avr/5.4.0/avr5\libgcc.a(_mulsi3.o)
 .data          0x00000000        0x0 c:/program files (x86)/atmel/studio/7.0/toolchain/avr8/avr8-gnu-toolchain/bin/../lib/gcc/avr/5.4.0/avr5\libgcc.a(_mulsi3.o)
 .bss           0x00000000        0x0 c:/program files (x86)/atmel/studio/7.0/toolchain/avr8/avr8-gnu-toolchain/bin/../lib/gcc/avr/5.4.0/avr5\libgcc.a(_mulsi3.o)
 .text.libgcc.div
                0x00000000        0x0 c:/program files (x86)/atmel/studio/7.0/toolchain/avr8/avr8-gnu-toolchain/bin/../lib/gcc/avr/5.4.0/avr5\libgcc.a(_mulsi3.o)
 .text.libgcc   0x00000000        0x0 c:/program files (x86)/atmel/studio/7.0/toolchain/avr8/avr8-gnu-toolchain/bin/../lib/gcc/avr/5.4.0/avr5\libgcc.a(_mulsi3.o)
 .text.libgcc.prologue
                0x00000000        0x0 c:/program files (x86)/atmel/studio/7.0/toolchain/avr8/avr8-gnu-toolchain/bin/../lib/gcc/avr/5.4.0/avr5\libgcc.a(_mulsi3.o)
 .text.libgcc.builtins
                0x00000000        0x0 c:/program files (x86)/atmel/studio/7.0/toolchain/avr8/avr8-gnu-toolchain/bin/../lib/gcc/avr/5.4.0/avr5\libgcc.a(_mulsi3.o)
 .text.libgcc.fmul
                0x00000000        0x0 c:/program files (x86)/atmel/studio/7.0/toolchain/avr8/avr8-gnu-toolchain/bin/../lib/gcc/avr/5.4.0/avr5\libgcc.a(_mulsi3.o)
 .text.libgcc.fixed
                0x00000000        0x0 c:/program files (x86)/atmel/studio/7.0/toolchain/avr8/avr8-gnu-toolchain/bin/../lib/gcc/avr/5.4.0/avr5\libgcc.a(_mulsi3.o)
 .text          0x00000000        0x0 c:/program files (x86)/atmel/studio/7.0/toolchain/avr8/avr8-gnu-toolchain/bin/../lib/gcc/avr/5.4.0/avr5\libgcc.a(_udivmodhi4.o)
 .data          0x00000000        0x0 c:/program files (x86)/atmel/studio/7.0/toolchain/avr8/avr8-gnu-toolchain/bin/../lib/gcc/avr/5.4.0/avr5\libgcc.a(_udivmodhi4.o)
 .bss           0x00000000        0x0 c:/program files (x86)/atmel/studio/7.0/toolchain/avr8/avr8-gnu-toolchain/bin/../lib/gcc/avr/5.4.0/avr5\libgcc.a(_udivmodhi4.o)
 .text.libgcc.mul
                0x00000000        0x0 c:/program files (x86)/atmel/studio/7.0/toolchain/avr8/avr8-gnu-toolchain/bin/../lib/gcc/avr/5.4.0/avr5\libgcc.a(_udivmodhi4.o)
 .text.libgcc   0x00000000        0x0 c:/program files (x86)/atmel/studio/7.0/toolchain/avr8/avr8-gnu-toolchain/bin/../lib/gcc/avr/5.4.0/avr5\libgcc.a(_udivmodhi4.o)
 .text.libgcc.prologue
                0x00000000        0x0 c:/program files (x86)/atmel/studio/7.0/toolchain/avr8/avr8-gnu-toolchain/bin/../lib/gcc/avr/5.4.0/avr5\libgcc.a(_udivmodhi4.o)
 .text.libgcc.builtins
                0x00000000        0x0 c:/program files (x86)/atmel/studio/7.0/toolchain/avr8/avr8-gnu-toolchain/bin/../lib/gcc/avr/5.4.0/avr5\libgcc.a(_udivmodhi4.o)
 .text.libgcc.fmul
                0x00000000        0x0 c:/program files (x86)/atmel/studio/7.0/toolchain/avr8/avr8-gnu-toolchain/bin/../lib/gcc/avr/5.4.0/avr5\libgcc.a(_udivmodhi4.o)
 .text.libgcc.fixed
                0x00000000        0x0 c:/program files (x86)/atmel/studio/7.0/toolchain/avr8/avr8-gnu-toolchain/bin/../lib/gcc/avr/5.4.0/avr5\libgcc.a(_udivmodhi4.o)
 .text          0x00000000        0x0 c:/program files (x86)/atmel/studio/7.0/toolchain/avr8/avr8-gnu-toolchain/bin/../lib/gcc/avr/5.4.0/avr5\libgcc.a(_divmodhi4.o)
 .data          0x00000000        0x0 c:/program files (x86)/atmel/studio/7.0/toolchain/avr8/avr8-gnu-toolchain/bin/../lib/gcc/avr/5.4.0/avr5\libgcc.a(_divmodhi4.o)
 .bss           0x00000000        0x0 c:/program files (x86)/atmel/studio/7.0/toolchain/avr8/avr8-gnu-toolchain/bin/../lib/gcc/avr/5.4.0/avr5\libgcc.a(_divmodhi4.o)
 .text.libgcc.mul
                0x00000000        0x0 c:/program files (x86)/atmel/studio/7.0/toolchain/avr8/avr8-gnu-toolchain/bin/../lib/gcc/avr/5.4.0/avr5\libgcc.a(_divmodhi4.o)
 .text.libgcc   0x00000000        0x0 c:/program files (x86)/atmel/studio/7.0/toolchain/avr8/avr8-gnu-toolchain/bin/../lib/gcc/avr/5.4.0/avr5\libgcc.a(_divmodhi4.o)
 .text.libgcc.prologue
                0x00000000        0x0 c:/program files (x86)/atmel/studio/7.0/toolchain/avr8/avr8-gnu-toolchain/bin/../lib/gcc/avr/5.4.0/avr5\libgcc.a(_divmodhi4.o)
 .text.libgcc.builtins
                0x00000000        0x0 c:/program files (x86)/atmel/studio/7.0/toolchain/avr8/avr8-gnu-toolchain/bin/../lib/gcc/avr/5.4.0/avr5\libgcc.a(_divmodhi4.o)
 .text.libgcc.fmul
                0x00000000        0x0 c:/program files (x86)/atmel/studio/7.0/toolchain/avr8/avr8-gnu-toolchain/bin/../lib/gcc/avr/5.4.0/avr5\libgcc.a(_divmodhi4.o)
 .text.libgcc.fixed
                0x00000000        0x0 c:/program files (x86)/atmel/studio/7.0/toolchain/avr8/avr8-gnu-toolchain/bin/../lib/gcc/avr/5.4.0/avr5\libgcc.a(_divmodhi4.o)
 .text          0x00000000        0x0 c:/program files (x86)/atmel/studio/7.0/toolchain/avr8/avr8-gnu-toolchain/bin/../lib/gcc/avr/5.4.0/avr5\libgcc.a(_udivmodsi4.o)
 .data          0x00000000        0x0 c:/program files (x86)/atmel/studio/7.0/toolchain/avr8/avr8-gnu-toolchain/bin/../lib/gcc/avr/5.4.0/avr5\libgcc.a(_udivmodsi4.o)
 .bss           0x00000000        0x0 c:/program files (x86)/atmel/studio/7.0/toolchain/avr8/avr8-gnu-toolchain/bin/../lib/gcc/avr/5.4.0/avr5\libgcc.a(_udivmodsi4.o)
 .text.libgcc.mul
                0x00000000        0x0 c:/program files (x86)/atmel/studio/7.0/toolchain/avr8/avr8-gnu-toolchain/bin/../lib/gcc/avr/5.4.0/avr5\libgcc.a(_udivmodsi4.o)
 .text.libgcc   0x00000000        0x0 c:/program files (x86)/atmel/studio/7.0/toolchain/avr8/avr8-gnu-toolchain/bin/../lib/gcc/avr/5.4.0/avr5\libgcc.a(_udivmodsi4.o)
 .text.libgcc.prologue
                0x00000000        0x0 c:/program files (x86)/atmel/studio/7.0/toolchain/avr8/avr8-gnu-toolchain/bin/../lib/gcc/avr/5.4.0/avr5\libgcc.a(_udivmodsi4.o)
 .text.libgcc.builtins
                0x00000000        0x0 c:/program files (x86)/atmel/studio/7.0/toolchain/avr8/avr8-gnu-toolchain/bin/../lib/gcc/avr/5.4.0/avr5\libgcc.a(_udivmodsi4.o)
 .text.libgcc.fmul
                0x00000000        0x0 c:/program files (x86)/atmel/studio/7.0/toolchain/avr8/avr8-gnu-toolchain/bin/../lib/gcc/avr/5.4.0/avr5\libgcc.a(_udivmodsi4.o)
 .text.libgcc.fixed
                0x00000000        0x0 c:/program files (x86)/atmel/studio/7.0/toolchain/avr8/avr8-gnu-toolchain/bin/../lib/gcc/avr/5.4.0/avr5\libgcc.a(_udivmodsi4.o)
 .text          0x00000000        0x0 c:/program files (x86)/atmel/studio/7.0/toolchain/avr8/avr8-gnu-toolchain/bin/../lib/gcc/avr/5.4.0/avr5\libgcc.a(_divmodsi4.o)
 .data          0x00000000        0x0 c:/program files (x86)/atmel/studio/7.0/toolchain/avr8/avr8-gnu-toolchain/bin/../lib/gcc/avr/5.4.0/avr5\libgcc.a(_divmodsi4.o)
 .bss           0x00000000        0x0 c:/program files (x86)/atmel/studio/7.0/toolchain/avr8/avr8-gnu-toolchain/bin/../lib/gcc/avr/5.4.0/avr5\libgcc.a(_divmodsi4.o)
 .text.libgcc.mul
                0x00000000        0x0 c:/program files (x86)/atmel/studio/7.0/toolchain/avr8/avr8-gnu-toolchain/bin/../lib/gcc/avr/5.4.0/avr5\libgcc.a(_divmodsi4.o)
 .text.libgcc   0x00000000        0x0 c:/program files (x86)/atmel/studio/7.0/toolchain/avr8/avr8-gnu-toolchain/bin/../lib/gcc/avr/5.4.0/avr5\libgcc.a(_divmodsi4.o)
 .text.libgcc.prologue
                0x00000000        0x0 c:/program files (x86)/atmel/studio/7.0/toolchain/avr8/avr8-gnu-toolchain/bin/../lib/gcc/avr/5.4.0/avr5\libgcc.a(_divmodsi4.o)
 .text.libgcc.builtins
                0x00000000        0x0 c:/program files (x86)/atmel/studio/7.0/toolchain/avr8/avr8-gnu-toolchain/bin/../lib/gcc/avr/5.4.0/avr5\libgcc.a(_divmodsi4.o)
 .text.libgcc.fmul
                0x00000000        0x0 c:/program files (x86)/atmel/studio/7.0/toolchain/avr8/avr8-gnu-toolchain/bin/../lib/gcc/avr/5.4.0/avr5\libgcc.a(_divmodsi4.o)
 .text.libgcc.fixed
                0x00000000        0x0 c:/program files (x86)/atmel/studio/7.0/toolchain/avr8/avr8-gnu-toolchain/bin/../lib/gcc/avr/5.4.0/avr5\libgcc.a(_divmodsi4.o)
 .text          0x00000000        0x0 c:/program files (x86)/atmel/studio/7.0/toolchain/avr8/avr8-gnu-toolchain/bin/../lib/gcc/avr/5.4.0/avr5\libgcc.a(_negsi2.o)
 .data          0x00000000        0x0 c:/program files (x86)/atmel/studio/7.0/toolchain/avr8/avr8-gnu-toolchain/bin/../lib/gcc/avr/5.4.0/avr5\libgcc.a(_negsi2.o)
 .bss           0x00000000        0x0 c:/program files (x86)/atmel/studio/7.0/toolchain/avr8/avr8-gnu-toolchain/bin/../lib/gcc/avr/5.4.0/avr5\libgcc.a(_negsi2.o)
 .text.libgcc.mul
                0x00000000        0x0 c:/program files (x86)/atmel/studio/7.0/toolchain/avr8/avr8-gnu-toolchain/bin/../lib/gcc/avr/5.4.0/avr5\libgcc.a(_negsi2.o)
 .text.libgcc   0x00000000        0x0 c:/program files (x86)/atmel/studio/7.0/toolchain/avr8/avr8-gnu-toolchain/bin/../lib/gcc/avr/5.4.0/avr5\libgcc.a(_negsi2.o)
 .text.libgcc.prologue
                0x00000000        0x0 c:/program files (x86)/atmel/studio/7.0/toolchain/avr8/avr8-gnu-toolchain/bin/../lib/gcc/avr/5.4.0/avr5\libgcc.a(_negsi2.o)
 .text.libgcc.builtins
                0x00000000        0x0 c:/program files (x86)/atmel/studio/7.0/toolchain/avr8/avr8-gnu-toolchain/bin/../lib/gcc/avr/5.4.0/avr5\libgcc.a(_negsi2.o)
 .text.libgcc.fmul
                0x00000000        0x0 c:/program files (x86)/atmel/studio/7.0/toolchain/avr8/avr8-gnu-toolchain/bin/../lib/gcc/avr/5.4.0/avr5\libgcc.a(_negsi2.o)
 .text.libgcc.fixed
                0x00000000        0x0 c:/program files (x86)/atmel/studio/7.0/toolchain/avr8/avr8-gnu-toolchain/bin/../lib/gcc/avr/5.4.0/avr5\libgcc.a(_negsi2.o)
 .text          0x00000000        0x0 c:/program files (x86)/atmel/studio/7.0/toolchain/avr8/avr8-gnu-toolchain/bin/../lib/gcc/avr/5.4.0/avr5\libgcc.a(_exit.o)
 .data          0x00000000        0x0 c:/program files (x86)/atmel/studio/7.0/toolchain/avr8/avr8-gnu-toolchain/bin/../lib/gcc/avr/5.4.0/avr5\libgcc.a(_exit.o)
 .bss           0x00000000        0x0 c:/program files (x86)/atmel/studio/7.0/toolchain/avr8/avr8-gnu-toolchain/bin/../lib/gcc/avr/5.4.0/avr5\libgcc.a(_exit.o)
 .text.libgcc.mul
                0x00000000        0x0 c:/program files (x86)/atmel/studio/7.0/toolchain/avr8/avr8-gnu-toolchain/bin/../lib/gcc/avr/5.4.0/avr5\libgcc.a(_exit.o)
 .text.libgcc.div
                0x00000000        0x0 c:/program files (x86)/atmel/studio/7.0/toolchain/avr8/avr8-gnu-toolchain/bin/../lib/gcc/avr/5.4.0/avr5\libgcc.a(_exit.o)
 .text.libgcc   0x00000000        0x0 c:/program files (x86)/atmel/studio/7.0/toolchain/avr8/avr8-gnu-toolchain/bin/../lib/gcc/avr/5.4.0/avr5\libgcc.a(_exit.o)
 .text.libgcc.prologue
                0x00000000        0x0 c:/program files (x86)/atmel/studio/7.0/toolchain/avr8/avr8-gnu-toolchain/bin/../lib/gcc/avr/5.4.0/avr5\libgcc.a(_exit.o)
 .text.libgcc.builtins
                0x00000000        0x0 c:/program files (x86)/atmel/studio/7.0/toolchain/avr8/avr8-gnu-toolchain/bin/../lib/gcc/avr/5.4.0/avr5\libgcc.a(_exit.o)
 .text.libgcc.fmul
                0x00000000        0x0 c:/program files (x86)/atmel/studio/7.0/toolchain/avr8/avr8-gnu-toolchain/bin/../lib/gcc/avr/5.4.0/avr5\libgcc.a(_exit.o)
 .text.libgcc.fixed
                0x00000000        0x0 c:/program files (x86)/atmel/studio/7.0/toolchain/avr8/avr8-gnu-toolchain/bin/../lib/gcc/avr/5.4.0/avr5\libgcc.a(_exit.o)
 .text          0x00000000        0x0 c:/program files (x86)/atmel/studio/7.0/toolchain/avr8/avr8-gnu-toolchain/bin/../lib/gcc/avr/5.4.0/avr5\libgcc.a(_copy_data.o)
 .data          0x00000000        0x0 c:/program files (x86)/atmel/studio/7.0/toolchain/avr8/avr8-gnu-toolchain/bin/../lib/gcc/avr/5.4.0/avr5\libgcc.a(_copy_data.o)
 .bss           0x00000000        0x0 c:/program files (x86)/atmel/studio/7.0/toolchain/avr8/avr8-gnu-toolchain/bin/../lib/gcc/avr/5.4.0/avr5\libgcc.a(_copy_data.o)
 .text.libgcc.mul
                0x00000000        0x0 c:/program files (x86)/atmel/studio/7.0/toolchain/avr8/avr8-gnu-toolchain/bin/../lib/gcc/avr/5.4.0/avr5\libgcc.a(_copy_data.o)
 .text.libgcc.div
                0x00000000        0x0 c:/program files (x86)/atmel/studio/7.0/toolchain/avr8/avr8-gnu-toolchain/bin/../lib/gcc/avr/5.4.0/avr5\libgcc.a(_copy_data.o)
 .text.libgcc   0x00000000        0x0 c:/program files (x86)/atmel/studio/7.0/toolchain/avr8/avr8-gnu-toolchain/bin/../lib/gcc/avr/5.4.0/avr5\libgcc.a(_copy_data.o)
 .text.libgcc.prologue
                0x00000000        0x0 c:/program files (x86)/atmel/studio/7.0/toolchain/avr8/avr8-gnu-toolchain/bin/../lib/gcc/avr/5.4.0/avr5\libgcc.a(_copy_data.o)
 .text.libgcc.builtins
                0x00000000        0x0 c:/program files (x86)/atmel/studio/7.0/toolchain/avr8/avr8-gnu-toolchain/bin/../lib/gcc/avr/5.4.0/avr5\libgcc.a(_copy_data.o)
 .text.libgcc.fmul
                0x00000000        0x0 c:/program files (x86)/atmel/studio/7.0/toolchain/avr8/avr8-gnu-toolchain/bin/../lib/gcc/avr/5.4.0/avr5\libgcc.a(_copy_data.o)
 .text.libgcc.fixed
                0x00000000        0x0 c:/program files (x86)/atmel/studio/7.0/toolchain/avr8/avr8-gnu-toolchain/bin/../lib/gcc/avr/5.4.0/avr5\libgcc.a(_copy_data.o)
 .text          0x00000000        0x0 c:/program files (x86)/atmel/studio/7.0/toolchain/avr8/avr8-gnu-toolchain/bin/../lib/gcc/avr/5.4.0/avr5\libgcc.a(_clear_bss.o)
 .data          0x00000000        0x0 c:/program files (x86)/atmel/studio/7.0/toolchain/avr8/avr8-gnu-toolchain/bin/../lib/gcc/avr/5.4.0/avr5\libgcc.a(_clear_bss.o)
 .bss           0x00000000        0x0 c:/program files (x86)/atmel/studio/7.0/toolchain/avr8/avr8-gnu-toolchain/bin/../lib/gcc/avr/5.4.0/avr5\libgcc.a(_clear_bss.o)
 .text.libgcc.mul
                0x00000000        0x0 c:/program files (x86)/atmel/studio/7.0/toolchain/avr8/avr8-gnu-toolchain/bin/../lib/gcc/avr/5.4.0/avr5\libgcc.a(_clear_bss.o)
 .text.libgcc.div
                0x00000000        0x0 c:/program files (x86)/atmel/studio/7.0/toolchain/avr8/avr8-gnu-toolchain/bin/../lib/gcc/avr/5.4.0/avr5\libgcc.a(_clear_bss.o)
 .text.libgcc   0x00000000        0x0 c:/program files (x86)/atmel/studio/7.0/toolchain/avr8/avr8-gnu-toolchain/bin/../lib/gcc/avr/5.4.0/avr5\libgcc.a(_clear_bss.o)
 .text.libgcc.prologue
                0x00000000        0x0 c:/program files (x86)/atmel/studio/7.0/toolchain/avr8/avr8-gnu-toolchain/bin/../lib/gcc/avr/5.4.0/avr5\libgcc.a(_clear_bss.o)
 .text.libgcc.builtins
                0x00000000        0x0 c:/program files (x86)/atmel/studio/7.0/toolchain/avr8/avr8-gnu-toolchain/bin/../lib/gcc/avr/5.4.0/avr5\libgcc.a(_clear_bss.o)
 .text.libgcc.fmul
                0x00000000        0x0 c:/program files (x86)/atmel/studio/7.0/toolchain/avr8/avr8-gnu-toolchain/bin/../lib/gcc/avr/5.4.0/avr5\libgcc.a(_clear_bss.o)
 .text.libgcc.fixed
                0x00000000        0x0 c:/program files (x86)/atmel/studio/7.0/toolchain/avr8/avr8-gnu-toolchain/bin/../lib/gcc/avr/5.4.0/avr5\libgcc.a(_clear_bss.o)
 .text          0x00000000        0x0 c:/program files (x86)/atmel/studio/7.0/toolchain/avr8/avr8-gnu-toolchain/bin/../lib/gcc/avr/5.4.0/avr5\libgcc.a(_umulhisi3.o)
 .data          0x00000000        0x0 c:/program files (x86)/atmel/studio/7.0/toolchain/avr8/avr8-gnu-toolchain/bin/../lib/gcc/avr/5.4.0/avr5\libgcc.a(_umulhisi3.o)
 .bss           0x00000000        0x0 c:/program files (x86)/atmel/studio/7.0/toolchain/avr8/avr8-gnu-toolchain/bin/../lib/gcc/avr/5.4.0/avr5\libgcc.a(_umulhisi3.o)
 .text.libgcc.div
                0x00000000        0x0 c:/program files (x86)/atmel/studio/7.0/toolchain/avr8/avr8-gnu-toolchain/bin/../lib/gcc/avr/5.4.0/avr5\libgcc.a(_umulhisi3.o)
 .text.libgcc   0x00000000        0x0 c:/program files (x86)/atmel/studio/7.0/toolchain/avr8/avr8-gnu-toolchain/bin/../lib/gcc/avr/5.4.0/avr5\libgcc.a(_umulhisi3.o)
 .text.libgcc.prologue
                0x00000000        0x0 c:/program files (x86)/atmel/studio/7.0/toolchain/avr8/avr8-gnu-toolchain/bin/../lib/gcc/avr/5.4.0/avr5\libgcc.a(_umulhisi3.o)
 .text.libgcc.builtins
                0x00000000        0x0 c:/program files (x86)/atmel/studio/7.0/toolchain/avr8/avr8-gnu-toolchain/bin/../lib/gcc/avr/5.4.0/avr5\libgcc.a(_umulhisi3.o)
 .text.libgcc.fmul
                0x00000000        0x0 c:/program files (x86)/atmel/studio/7.0/toolchain/avr8/avr8-gnu-toolchain/bin/../lib/gcc/avr/5.4.0/avr5\libgcc.a(_umulhisi3.o)
 .text.libgcc.fixed
                0x00000000        0x0 c:/program files (x86)/atmel/studio/7.0/toolchain/avr8/avr8-gnu-toolchain/bin/../lib/gcc/avr/5.4.0/avr5\libgcc.a(_umulhisi3.o)
 .text          0x00000000        0x0 c:/program files (x86)/atmel/studio/7.0/toolchain/avr8/avr8-gnu-toolchain/bin/../lib/gcc/avr/5.4.0/avr5\libgcc.a(_muluhisi3.o)
 .data          0x00000000        0x0 c:/program files (x86)/atmel/studio/7.0/toolchain/avr8/avr8-gnu-toolchain/bin/../lib/gcc/avr/5.4.0/avr5\libgcc.a(_muluhisi3.o)
 .bss           0x00000000        0x0 c:/program files (x86)/atmel/studio/7.0/toolchain/avr8/avr8-gnu-toolchain/bin/../lib/gcc/avr/5.4.0/avr5\libgcc.a(_muluhisi3.o)
 .text.libgcc.div
                0x00000000        0x0 c:/program files (x86)/atmel/studio/7.0/toolchain/avr8/avr8-gnu-toolchain/bin/../lib/gcc/avr/5.4.0/avr5\libgcc.a(_muluhisi3.o)
 .text.libgcc   0x00000000        0x0 c:/program files (x86)/atmel/studio/7.0/toolchain/avr8/avr8-gnu-toolchain/bin/../lib/gcc/avr/5.4.0/avr5\libgcc.a(_muluhisi3.o)
 .text.libgcc.prologue
                0x00000000        0x0 c:/program files (x86)/atmel/studio/7.0/toolchain/avr8/avr8-gnu-toolchain/bin/../lib/gcc/avr/5.4.0/avr5\libgcc.a(_muluhisi3.o)
 .text.libgcc.builtins
                0x00000000        0x0 c:/program files (x86)/atmel/studio/7.0/toolchain/avr8/avr8-gnu-toolchain/bin/../lib/gcc/avr/5.4.0/avr5\libgcc.a(_muluhisi3.o)
 .text.libgcc.fmul
                0x00000000        0x0 c:/program files (x86)/atmel/studio/7.0/toolchain/avr8/avr8-gnu-toolchain/bin/../lib/gcc/avr/5.4.0/avr5\libgcc.a(_muluhisi3.o)
 .text.libgcc.fixed
                0x00000000        0x0 c:/program files (x86)/atmel/studio/7.0/toolchain/avr8/avr8-gnu-toolchain/bin/../lib/gcc/avr/5.4.0/avr5\libgcc.a(_muluhisi3.o)

Memory Configuration

Name             Origin             Length             Attributes
text             0x00000000         0x00020000         xr
data             0x00800060         0x0000ffa0         rw !x
eeprom           0x00810000         0x00010000         rw !x
fuse             0x00820000         0x00000003         rw !x
lock             0x00830000         0x00000400         rw !x
signature        0x00840000         0x00000400         rw !x
user_signatures  0x00850000         0x00000400         rw !x
*default*        0x00000000         0xffffffff

Linker script and memory map

Address of section .data set to 0x800100
LOAD C:/Program Files (x86)/Atmel/Studio/7.0/Packs/atmel/ATmega_DFP/1.2.209/gcc/dev/atmega169p/avr5/crtatmega169p.o
LOAD adc.o
LOAD controller.o
LOAD eeprom.o
LOAD engine.o
LOAD lcd.o
LOAD main.o
LOAD motor.o
LOAD rtc.o
START GROUP
LOAD c:/program files (x86)/atmel/studio/7.0/toolchain/avr8/avr8-gnu-toolchain/bin/../lib/gcc/avr/5.4.0/../../../../avr/lib/avr5\libm.a
END GROUP
START GROUP
LOAD c:/program files (x86)/atmel/studio/7.0/toolchain/avr8/avr8-gnu-toolchain/bin/../lib/gcc/avr/5.4.0/avr5\libgcc.a
LOAD c:/program files (x86)/atmel/studio/7.0/toolchain/avr8/avr8-gnu-toolchain/bin/../lib/gcc/avr/5.4.0/../../../../avr/lib/avr5\libm.a
LOAD c:/program files (x86)/atmel/studio/7.0/toolchain/avr8/avr8-gnu-toolchain/bin/../lib/gcc/avr/5.4.0/../../../../avr/lib/avr5\libc.a
LOAD C:/Program Files (x86)/Atmel/Studio/7.0/Packs/atmel/ATmega_DFP/1.2.209/gcc/dev/atmega169p/avr5\libatmega169p.a
END GROUP
                0x00020000                __TEXT_REGION_LENGTH__ = DEFINED (__TEXT_REGION_LENGTH__)?__TEXT_REGION_LENGTH__:0x20000
                0x0000ffa0                __DATA_REGION_LENGTH__ = DEFINED (__DATA_REGION_LENGTH__)?__DATA_REGION_LENGTH__:0xffa0
                0x00010000                __EEPROM_REGION_LENGTH__ = DEFINED (__EEPROM_REGION_LENGTH__)?__EEPROM_REGION_LENGTH__:0x10000
                [0x00000003]                __FUSE_REGION_LENGTH__ = DEFINED (__FUSE_REGION_LENGTH__)?__FUSE_REGION_LENGTH__:0x400
                0x00000400                __LOCK_REGION_LENGTH__ = DEFINED (__LOCK_REGION_LENGTH__)?__LOCK_REGION_LENGTH__:0x400
                0x00000400                __SIGNATURE_REGION_LENGTH__ = DEFINED (__SIGNATURE_REGION_LENGTH__)?__SIGNATURE_REGION_LENGTH__:0x400
                0x00000400                __USER_SIGNATURE_REGION_LENGTH__ = DEFINED (__USER_SIGNATURE_REGION_LENGTH__)?__USER_SIGNATURE_REGION_LENGTH__:0x400

.hash
 *(.hash)

.dynsym
 *(.dynsym)

.dynstr
 *(.dynstr)

.gnu.version
 *(.gnu.version)

.gnu.version_d
 *(.gnu.version_d)

.gnu.version_r
 *(.gnu.version_r)

.rel.init
 *(.rel.init)

.rela.init
 *(.rela.init)

.rel.text
 *(.rel.text)
 *(.rel.text.*)
 *(.rel.gnu.linkonce.t*)

.rela.text
 *(.rela.text)
 *(.rela.text.*)
 *(.rela.gnu.linkonce.t*)

.rel.fini
 *(.rel.fini)

.rela.fini
 *(.rela.fini)

.rel.rodata
 *(.rel.rodata)
 *(.rel.rodata.*)
 *(.rel.gnu.linkonce.r*)

.rela.rodata
 *(.rela.rodata)
 *(.rela.rodata.*)
 *(.rela.gnu.linkonce.r*)

.rel.data
 *(.rel.data)
 *(.rel.data.*)
 *(.rel.gnu.linkonce.d*)

.rela.data
 *(.rela.data)
 *(.rela.data.*)
 *(.rela.gnu.linkonce.d*)

.rel.ctors
 *(.rel.ctors)

.rela.ctors
 *(.rela.ctors)

.rel.dtors
 *(.rel.dtors)

.rela.dtors
 *(.rela.dtors)

.rel.got
 *(.rel.got)

.rela.got
 *(.rela.got)

.rel.bss
 *(.rel.bss)

.rela.bss
 *(.rela.bss)

.rel.plt
 *(.rel.plt)

.rela.plt
 *(.rela.plt)

.text           0x00000000     0x17e4
 *(.vectors)
 .vectors       0x00000000       0x5c C:/Program Files (x86)/Atmel/Studio/7.0/Packs/atmel/ATmega_DFP/1.2.209/gcc/dev/atmega169p/avr5/crtatmega169p.o
                0x00000000                __vector_default
                0x00000000                __vectors
 *(.vectors)
 *(.progmem.gcc*)
                0x0000005c                . = ALIGN (0x2)
                0x0000005c                __trampolines_start = .
 *(.trampolines)
 .trampolines   0x0000005c        0x0 linker stubs
 *(.trampolines*)
                0x0000005c                __trampolines_end = .
 *libprintf_flt.a:*(.progmem.data)
 *libc.a:*(.progmem.data)
 *(.progmem*)
 .progmem.data.LCD_CharTablePrgMem
                0x0000005c       0x24 lcd.o
                0x0000005c                LCD_CharTablePrgMem
 .progmem.data.LCD_FieldOffsetTablePrgMem
                0x00000080        0x4 lcd.o
                0x00000080                LCD_FieldOffsetTablePrgMem
 .progmem.data.LCD_SegOffsetTablePrgMem
                0x00000084        0x7 lcd.o
                0x00000084                LCD_SegOffsetTablePrgMem
 .progmem.data.RTC_DayOfMonthTablePrgMem
                0x0000008b        0xc rtc.o
                0x0000008b                RTC_DayOfMonthTablePrgMem
 .progmem.data.daysInYear
                0x00000097       0x18 rtc.o
                0x000000b0                . = ALIGN (0x2)
 *fill*         0x000000af        0x1 
 *(.jumptables)
 *(.jumptables*)
 *(.lowtext)
 *(.lowtext*)
                0x000000b0                __ctors_start = .
 *(.ctors)
                0x000000b0                __ctors_end = .
                0x000000b0                __dtors_start = .
 *(.dtors)
                0x000000b0                __dtors_end = .
 SORT(*)(.ctors)
 SORT(*)(.dtors)
 *(.init0)
 .init0         0x000000b0        0x0 C:/Program Files (x86)/Atmel/Studio/7.0/Packs/atmel/ATmega_DFP/1.2.209/gcc/dev/atmega169p/avr5/crtatmega169p.o
                0x000000b0                __init
 *(.init0)
 *(.init1)
 *(.init1)
 *(.init2)
 .init2         0x000000b0        0xc C:/Program Files (x86)/Atmel/Studio/7.0/Packs/atmel/ATmega_DFP/1.2.209/gcc/dev/atmega169p/avr5/crtatmega169p.o
 *(.init2)
 *(.init3)
 *(.init3)
 *(.init4)
 .init4         0x000000bc       0x16 c:/program files (x86)/atmel/studio/7.0/toolchain/avr8/avr8-gnu-toolchain/bin/../lib/gcc/avr/5.4.0/avr5\libgcc.a(_copy_data.o)
                0x000000bc                __do_copy_data
 .init4         0x000000d2       0x10 c:/program files (x86)/atmel/studio/7.0/toolchain/avr8/avr8-gnu-toolchain/bin/../lib/gcc/avr/5.4.0/avr5\libgcc.a(_clear_bss.o)
                0x000000d2                __do_clear_bss
 *(.init4)
 *(.init5)
 *(.init5)
 *(.init6)
 *(.init6)
 *(.init7)
 *(.init7)
 *(.init8)
 *(.init8)
 *(.init9)
 .init9         0x000000e2        0x8 C:/Program Files (x86)/Atmel/Studio/7.0/Packs/atmel/ATmega_DFP/1.2.209/gcc/dev/atmega169p/avr5/crtatmega169p.o
 *(.init9)
 *(.text)
 .text          0x000000ea        0x4 C:/Program Files (x86)/Atmel/Studio/7.0/Packs/atmel/ATmega_DFP/1.2.209/gcc/dev/atmega169p/avr5/crtatmega169p.o
                0x000000ea                __vector_1
                0x000000ea                __vector_12
                0x000000ea                __bad_interrupt
                0x000000ea                __vector_6
                0x000000ea                __vector_11
                0x000000ea                __vector_13
                0x000000ea                __vector_17
                0x000000ea                __vector_19
                0x000000ea                __vector_7
                0x000000ea                __vector_4
                0x000000ea                __vector_9
                0x000000ea                __vector_21
                0x000000ea                __vector_15
                0x000000ea                __vector_8
                0x000000ea                __vector_14
                0x000000ea                __vector_10
                0x000000ea                __vector_16
                0x000000ea                __vector_18
                0x000000ea                __vector_20
                0x000000ee                . = ALIGN (0x2)
 *(.text.*)
 .text.ADC_Measure_Ub
                0x000000ee       0x1e adc.o
                0x000000ee                ADC_Measure_Ub
 .text.ADC_Measure_Temp
                0x0000010c       0x42 adc.o
                0x0000010c                ADC_Measure_Temp
 .text.ADC_Get_Temp_Degree
                0x0000014e       0x66 adc.o
                0x0000014e                ADC_Get_Temp_Degree
 .text.ADC_Convert_To_Degree
                0x000001b4      0x1ac adc.o
                0x000001b4                ADC_Convert_To_Degree
 .text.ADC_Sample_Channel
                0x00000360       0xc4 adc.o
                0x00000360                ADC_Sample_Channel
 .text.CTL_temp_change_inc
                0x00000424       0x4a controller.o
                0x00000424                CTL_temp_change_inc
 .text.e_Init   0x0000046e       0x14 engine.o
                0x0000046e                e_Init
 .text.e_resetTemp
                0x00000482       0x36 engine.o
                0x00000482                e_resetTemp
 .text.LCD_Init
                0x000004b8       0x4c lcd.o
                0x000004b8                LCD_Init
 .text.LCD_ContrastAdjust
                0x00000504       0x68 lcd.o
                0x00000504                LCD_ContrastAdjust
 .text.LCD_AllSegments
                0x0000056c       0x96 lcd.o
                0x0000056c                LCD_AllSegments
 .text.LCD_PrintChar
                0x00000602       0xcc lcd.o
                0x00000602                LCD_PrintChar
 .text.LCD_PrintDec
                0x000006ce       0x82 lcd.o
                0x000006ce                LCD_PrintDec
 .text.LCD_SetSeg
                0x00000750      0x144 lcd.o
                0x00000750                LCD_SetSeg
 .text.LCD_Update
                0x00000894       0x16 lcd.o
                0x00000894                LCD_Update
 .text.__vector_22
                0x000008aa      0x206 lcd.o
                0x000008aa                __vector_22
 .text.main     0x00000ab0       0x8e main.o
                0x00000ab0                main
 .text.init     0x00000b3e       0x9c main.o
                0x00000b3e                init
 .text.load_defauls
                0x00000bda       0x9c main.o
                0x00000bda                load_defauls
 .text.callback_settemp
                0x00000c76       0x3c main.o
                0x00000c76                callback_settemp
 .text.__vector_3
                0x00000cb2       0xd2 main.o
                0x00000cb2                __vector_3
 .text.delay    0x00000d84       0x68 main.o
                0x00000d84                delay
 .text.MOTOR_Init
                0x00000dec       0x30 motor.o
                0x00000dec                MOTOR_Init
 .text.MOTOR_Control
                0x00000e1c      0x164 motor.o
                0x00000e1c                MOTOR_Control
 .text.__vector_2
                0x00000f80       0xd4 motor.o
                0x00000f80                __vector_2
 .text.RTC_Init
                0x00001054       0xd6 rtc.o
                0x00001054                RTC_Init
 .text.RTC_SetDay
                0x0000112a       0x2c rtc.o
                0x0000112a                RTC_SetDay
 .text.RTC_SetMonth
                0x00001156       0x2c rtc.o
                0x00001156                RTC_SetMonth
 .text.RTC_SetYear
                0x00001182       0x20 rtc.o
                0x00001182                RTC_SetYear
 .text.RTC_SetHour
                0x000011a2       0x22 rtc.o
                0x000011a2                RTC_SetHour
 .text.RTC_SetMinute
                0x000011c4       0x22 rtc.o
                0x000011c4                RTC_SetMinute
 .text.RTC_SetSecond
                0x000011e6       0x22 rtc.o
                0x000011e6                RTC_SetSecond
 .text.RTC_DowTimerSet
                0x00001208       0x42 rtc.o
                0x00001208                RTC_DowTimerSet
 .text.RTC_AddOneSecond
                0x0000124a      0x148 rtc.o
                0x0000124a                RTC_AddOneSecond
 .text.RTC_AddOneDay
                0x00001392       0x9c rtc.o
                0x00001392                RTC_AddOneDay
 .text.RTC_DaysOfMonth
                0x0000142e       0x4c rtc.o
                0x0000142e                RTC_DaysOfMonth
 .text.RTC_NoLeapyear
                0x0000147a       0x3a rtc.o
                0x0000147a                RTC_NoLeapyear
 .text.RTC_IsLastSunday
                0x000014b4       0x6c rtc.o
                0x000014b4                RTC_IsLastSunday
 .text.RTC_SetDayOfWeek
                0x00001520      0x11a rtc.o
                0x00001520                RTC_SetDayOfWeek
 .text.__vector_5
                0x0000163a       0x80 rtc.o
                0x0000163a                __vector_5
 .text.libgcc.mul
                0x000016ba       0x20 c:/program files (x86)/atmel/studio/7.0/toolchain/avr8/avr8-gnu-toolchain/bin/../lib/gcc/avr/5.4.0/avr5\libgcc.a(_mulsi3.o)
                0x000016ba                __mulsi3
 .text.libgcc.div
                0x000016da       0x28 c:/program files (x86)/atmel/studio/7.0/toolchain/avr8/avr8-gnu-toolchain/bin/../lib/gcc/avr/5.4.0/avr5\libgcc.a(_udivmodhi4.o)
                0x000016da                __udivmodhi4
 .text.libgcc.div
                0x00001702       0x28 c:/program files (x86)/atmel/studio/7.0/toolchain/avr8/avr8-gnu-toolchain/bin/../lib/gcc/avr/5.4.0/avr5\libgcc.a(_divmodhi4.o)
                0x00001702                _div
                0x00001702                __divmodhi4
 .text.libgcc.div
                0x0000172a       0x44 c:/program files (x86)/atmel/studio/7.0/toolchain/avr8/avr8-gnu-toolchain/bin/../lib/gcc/avr/5.4.0/avr5\libgcc.a(_udivmodsi4.o)
                0x0000172a                __udivmodsi4
 .text.libgcc.div
                0x0000176e       0x2e c:/program files (x86)/atmel/studio/7.0/toolchain/avr8/avr8-gnu-toolchain/bin/../lib/gcc/avr/5.4.0/avr5\libgcc.a(_divmodsi4.o)
                0x0000176e                __divmodsi4
 .text.libgcc.div
                0x0000179c       0x10 c:/program files (x86)/atmel/studio/7.0/toolchain/avr8/avr8-gnu-toolchain/bin/../lib/gcc/avr/5.4.0/avr5\libgcc.a(_negsi2.o)
                0x0000179c                __negsi2
 .text.libgcc.mul
                0x000017ac       0x1e c:/program files (x86)/atmel/studio/7.0/toolchain/avr8/avr8-gnu-toolchain/bin/../lib/gcc/avr/5.4.0/avr5\libgcc.a(_umulhisi3.o)
                0x000017ac                __umulhisi3
 .text.libgcc.mul
                0x000017ca       0x16 c:/program files (x86)/atmel/studio/7.0/toolchain/avr8/avr8-gnu-toolchain/bin/../lib/gcc/avr/5.4.0/avr5\libgcc.a(_muluhisi3.o)
                0x000017ca                __muluhisi3
                0x000017e0                . = ALIGN (0x2)
 *(.fini9)
 .fini9         0x000017e0        0x0 c:/program files (x86)/atmel/studio/7.0/toolchain/avr8/avr8-gnu-toolchain/bin/../lib/gcc/avr/5.4.0/avr5\libgcc.a(_exit.o)
                0x000017e0                _exit
                0x000017e0                exit
 *(.fini9)
 *(.fini8)
 *(.fini8)
 *(.fini7)
 *(.fini7)
 *(.fini6)
 *(.fini6)
 *(.fini5)
 *(.fini5)
 *(.fini4)
 *(.fini4)
 *(.fini3)
 *(.fini3)
 *(.fini2)
 *(.fini2)
 *(.fini1)
 *(.fini1)
 *(.fini0)
 .fini0         0x000017e0        0x4 c:/program files (x86)/atmel/studio/7.0/toolchain/avr8/avr8-gnu-toolchain/bin/../lib/gcc/avr/5.4.0/avr5\libgcc.a(_exit.o)
 *(.fini0)
                0x000017e4                _etext = .

.data           0x00800100       0x1e load address 0x000017e4
                0x00800100                PROVIDE (__data_start, .)
 *(.data)
 *(.data*)
 .data.kz       0x00800100        0x1 adc.o
                0x00800100                kz
 .data.kx       0x00800101        0xe adc.o
                0x00800101                kx
 .data.ky       0x0080010f        0xe adc.o
                0x0080010f                ky
 .data.PID_force_update
                0x0080011d        0x1 controller.o
                0x0080011d                PID_force_update
 *(.gnu.linkonce.d*)
 *(.rodata)
 *(.rodata*)
 *(.gnu.linkonce.r*)
                0x0080011e                . = ALIGN (0x2)
                0x0080011e                _edata = .
                0x0080011e                PROVIDE (__data_end, .)

.bss            0x0080011e       0x67
                0x0080011e                PROVIDE (__bss_start, .)
 *(.bss)
 *(.bss*)
 .bss.CTL_temp_wanted
                0x0080011e        0x1 controller.o
                0x0080011e                CTL_temp_wanted
 .bss.CTL_mode_window
                0x0080011f        0x1 controller.o
                0x0080011f                CTL_mode_window
 *(COMMON)
 COMMON         0x00800120        0x6 adc.o
                0x00800120                ADC_Val_Temp
                0x00800122                ring_average
                0x00800124                ADC_Val_Ub
 COMMON         0x00800126        0x8 engine.o
                0x00800126                st
 COMMON         0x0080012e       0x15 lcd.o
                0x0080012e                LCD_BlinkCounter
                0x0080012f                LCD_Bitplane
                0x00800130                LCD_UpdateRequired
                0x00800131                LCD_Data
 COMMON         0x00800143        0xe main.o
                0x00800143                m_reftemp
                0x00800144                m_key_action
                0x00800145                m_state_wheel
                0x00800146                m_state_keys_prev
                0x00800147                m_speed
                0x00800148                m_automatic_mode
                0x00800149                m_state_wheel_prev
                0x0080014a                m_wheel_action
                0x0080014b                m_state_keys
                0x0080014c                m_reftemp_mem
                0x0080014e                serialNumber
                0x00800150                m_wheel
 COMMON         0x00800151        0xa motor.o
                0x00800151                MOTOR_Mounted
                0x00800152                MOTOR_PosMax
                0x00800154                MOTOR_PosAct
                0x00800156                MOTOR_Dir
                0x00800157                MOTOR_PosStop
                0x00800159                MOTOR_PosLast
 COMMON         0x0080015b       0x2a rtc.o
                0x0080015b                RTC_mm
                0x0080015c                RTC_DS
                0x0080015d                RTC_DOW
                0x0080015e                RTC_Ticks
                0x00800162                RTC_hh
                0x00800163                RTC_DD
                0x00800164                RTC_Dow_Timer
                0x00800180                RTC_DowTimerCallbackFunc
                0x00800182                RTC_ss
                0x00800183                RTC_MM
                0x00800184                RTC_YY
                0x00800185                PROVIDE (__bss_end, .)
                0x000017e4                __data_load_start = LOADADDR (.data)
                0x00001802                __data_load_end = (__data_load_start + SIZEOF (.data))

.noinit         0x00800185        0x0
                [!provide]                PROVIDE (__noinit_start, .)
 *(.noinit*)
                [!provide]                PROVIDE (__noinit_end, .)
                0x00800185                _end = .
                [!provide]                PROVIDE (__heap_start, .)

.eeprom         0x00810000      0x12c
 *(.eeprom*)
 .eeprom        0x00810000      0x12c eeprom.o
                0x00810000                ee_timers
                0x00810040                ee_layout
                0x00810041                ee_reserved1
                0x00810042                ee_reserved2
                0x00810043                ee_reserved3
                0x00810044                ee_reserved2_60
                0x00810080                ee_config
                0x0081012c                __eeprom_end = .

.fuse
 *(.fuse)
 *(.lfuse)
 *(.hfuse)
 *(.efuse)

.lock
 *(.lock*)

.signature
 *(.signature*)

.user_signatures
 *(.user_signatures*)

.stab
 *(.stab)

.stabstr
 *(.stabstr)

.stab.excl
 *(.stab.excl)

.stab.exclstr
 *(.stab.exclstr)

.stab.index
 *(.stab.index)

.stab.indexstr
 *(.stab.indexstr)

.comment        0x00000000       0x30
 *(.comment)
 .comment       0x00000000       0x30 adc.o
                                 0x31 (size before relaxing)
 .comment       0x00000030       0x31 controller.o
 .comment       0x00000030       0x31 eeprom.o
 .comment       0x00000030       0x31 engine.o
 .comment       0x00000030       0x31 lcd.o
 .comment       0x00000030       0x31 main.o
 .comment       0x00000030       0x31 motor.o
 .comment       0x00000030       0x31 rtc.o

.note.gnu.avr.deviceinfo
                0x00000000       0x40
 .note.gnu.avr.deviceinfo
                0x00000000       0x40 C:/Program Files (x86)/Atmel/Studio/7.0/Packs/atmel/ATmega_DFP/1.2.209/gcc/dev/atmega169p/avr5/crtatmega169p.o

.note.gnu.build-id
 *(.note.gnu.build-id)

.debug
 *(.debug)

.line
 *(.line)

.debug_srcinfo
 *(.debug_srcinfo)

.debug_sfnames
 *(.debug_sfnames)

.debug_aranges  0x00000000      0x388
 *(.debug_aranges)
 .debug_aranges
                0x00000000       0x68 adc.o
 .debug_aranges
                0x00000068       0x40 controller.o
 .debug_aranges
                0x000000a8       0x50 eeprom.o
 .debug_aranges
                0x000000f8       0x30 engine.o
 .debug_aranges
                0x00000128       0xc0 lcd.o
 .debug_aranges
                0x000001e8       0x58 main.o
 .debug_aranges
                0x00000240       0x80 motor.o
 .debug_aranges
                0x000002c0       0xc8 rtc.o

.debug_pubnames
 *(.debug_pubnames)

.debug_info     0x00000000     0x32db
 *(.debug_info .gnu.linkonce.wi.*)
 .debug_info    0x00000000      0x7b6 C:/Program Files (x86)/Atmel/Studio/7.0/Packs/atmel/ATmega_DFP/1.2.209/gcc/dev/atmega169p/avr5/crtatmega169p.o
 .debug_info    0x000007b6      0x2ce adc.o
 .debug_info    0x00000a84      0x4e8 controller.o
 .debug_info    0x00000f6c      0x64a eeprom.o
 .debug_info    0x000015b6      0x249 engine.o
 .debug_info    0x000017ff      0x80e lcd.o
 .debug_info    0x0000200d      0x4b0 main.o
 .debug_info    0x000024bd      0x321 motor.o
 .debug_info    0x000027de      0xafd rtc.o

.debug_abbrev   0x00000000     0x13bb
 *(.debug_abbrev)
 .debug_abbrev  0x00000000      0x74b C:/Program Files (x86)/Atmel/Studio/7.0/Packs/atmel/ATmega_DFP/1.2.209/gcc/dev/atmega169p/avr5/crtatmega169p.o
 .debug_abbrev  0x0000074b      0x19e adc.o
 .debug_abbrev  0x000008e9      0x191 controller.o
 .debug_abbrev  0x00000a7a      0x168 eeprom.o
 .debug_abbrev  0x00000be2      0x107 engine.o
 .debug_abbrev  0x00000ce9      0x195 lcd.o
 .debug_abbrev  0x00000e7e      0x1bc main.o
 .debug_abbrev  0x0000103a      0x130 motor.o
 .debug_abbrev  0x0000116a      0x251 rtc.o

.debug_line     0x00000000     0x2549
 *(.debug_line .debug_line.* .debug_line_end)
 .debug_line    0x00000000      0x121 C:/Program Files (x86)/Atmel/Studio/7.0/Packs/atmel/ATmega_DFP/1.2.209/gcc/dev/atmega169p/avr5/crtatmega169p.o
 .debug_line    0x00000121      0x2a1 adc.o
 .debug_line    0x000003c2      0x48c controller.o
 .debug_line    0x0000084e      0x29f eeprom.o
 .debug_line    0x00000aed      0x19d engine.o
 .debug_line    0x00000c8a      0x78b lcd.o
 .debug_line    0x00001415      0x49c main.o
 .debug_line    0x000018b1      0x4fc motor.o
 .debug_line    0x00001dad      0x79c rtc.o

.debug_frame    0x00000000      0xcf8
 *(.debug_frame)
 .debug_frame   0x00000000      0x168 adc.o
 .debug_frame   0x00000168       0xd0 controller.o
 .debug_frame   0x00000238      0x114 eeprom.o
 .debug_frame   0x0000034c       0x88 engine.o
 .debug_frame   0x000003d4      0x2e4 lcd.o
 .debug_frame   0x000006b8      0x130 main.o
 .debug_frame   0x000007e8      0x1f8 motor.o
 .debug_frame   0x000009e0      0x318 rtc.o

.debug_str      0x00000000     0x13b2
 *(.debug_str)
 .debug_str     0x00000000      0x2b3 C:/Program Files (x86)/Atmel/Studio/7.0/Packs/atmel/ATmega_DFP/1.2.209/gcc/dev/atmega169p/avr5/crtatmega169p.o
 .debug_str     0x000002b3      0x24c adc.o
                                0x290 (size before relaxing)
 .debug_str     0x000004ff      0x245 controller.o
                                0x3ec (size before relaxing)
 .debug_str     0x00000744      0x413 eeprom.o
                                0x5cd (size before relaxing)
 .debug_str     0x00000b57       0x62 engine.o
                                0x1fa (size before relaxing)
 .debug_str     0x00000bb9      0x248 lcd.o
                                0x3eb (size before relaxing)
 .debug_str     0x00000e01      0x1b6 main.o
                                0x388 (size before relaxing)
 .debug_str     0x00000fb7      0x14c motor.o
                                0x2f6 (size before relaxing)
 .debug_str     0x00001103      0x2af rtc.o
                                0x783 (size before relaxing)

.debug_loc      0x00000000     0x1ab9
 *(.debug_loc)
 .debug_loc     0x00000000      0x2b5 adc.o
 .debug_loc     0x000002b5      0x1a8 controller.o
 .debug_loc     0x0000045d      0x239 eeprom.o
 .debug_loc     0x00000696       0xf2 engine.o
 .debug_loc     0x00000788      0x60c lcd.o
 .debug_loc     0x00000d94      0x273 main.o
 .debug_loc     0x00001007      0x3e9 motor.o
 .debug_loc     0x000013f0      0x6c9 rtc.o

.debug_macinfo
 *(.debug_macinfo)

.debug_weaknames
 *(.debug_weaknames)

.debug_funcnames
 *(.debug_funcnames)

.debug_typenames
 *(.debug_typenames)

.debug_varnames
 *(.debug_varnames)

.debug_pubtypes
 *(.debug_pubtypes)

.debug_ranges   0x00000000      0x320
 *(.debug_ranges)
 .debug_ranges  0x00000000       0x58 adc.o
 .debug_ranges  0x00000058       0x30 controller.o
 .debug_ranges  0x00000088       0x40 eeprom.o
 .debug_ranges  0x000000c8       0x38 engine.o
 .debug_ranges  0x00000100       0xb0 lcd.o
 .debug_ranges  0x000001b0       0x48 main.o
 .debug_ranges  0x000001f8       0x70 motor.o
 .debug_ranges  0x00000268       0xb8 rtc.o

.debug_macro
 *(.debug_macro)
OUTPUT(openHR20.elf elf32-avr)
LOAD linker stubs
