Archive member included because of file (symbol)

/usr/lib/gcc/avr/4.3.5/avr5/libgcc.a(_mulsi3.o)
                              rfm_int_hww/controller.o (__mulsi3)
/usr/lib/gcc/avr/4.3.5/avr5/libgcc.a(_udivmodqi4.o)
                              rfm_int_hww/com.o (__udivmodqi4)
/usr/lib/gcc/avr/4.3.5/avr5/libgcc.a(_divmodqi4.o)
                              rfm_int_hww/menu.o (__divmodqi4)
/usr/lib/gcc/avr/4.3.5/avr5/libgcc.a(_udivmodhi4.o)
                              rfm_int_hww/motor.o (__udivmodhi4)
/usr/lib/gcc/avr/4.3.5/avr5/libgcc.a(_divmodhi4.o)
                              rfm_int_hww/motor.o (__divmodhi4)
/usr/lib/gcc/avr/4.3.5/avr5/libgcc.a(_udivmodsi4.o)
                              rfm_int_hww/adc.o (__udivmodsi4)
/usr/lib/gcc/avr/4.3.5/avr5/libgcc.a(_divmodsi4.o)
                              rfm_int_hww/adc.o (__divmodsi4)
/usr/lib/gcc/avr/4.3.5/avr5/libgcc.a(_prologue.o)
                              rfm_int_hww/com.o (__prologue_saves__)
/usr/lib/gcc/avr/4.3.5/avr5/libgcc.a(_epilogue.o)
                              rfm_int_hww/com.o (__epilogue_restores__)
/usr/lib/gcc/avr/4.3.5/avr5/libgcc.a(_exit.o)
                              /usr/lib/gcc/avr/4.3.5/../../../avr/lib/avr5/crtm169p.o (exit)
/usr/lib/gcc/avr/4.3.5/avr5/libgcc.a(_tablejump.o)
                              rfm_int_hww/com.o (__tablejump2__)
/usr/lib/gcc/avr/4.3.5/avr5/libgcc.a(_copy_data.o)
                              rfm_int_hww/motor.o (__do_copy_data)
/usr/lib/gcc/avr/4.3.5/avr5/libgcc.a(_clear_bss.o)
                              rfm_int_hww/motor.o (__do_clear_bss)
/usr/lib/gcc/avr/4.3.5/../../../avr/lib/avr5/libc.a(memcpy_P.o)
                              rfm_int_hww/wireless.o (memcpy_P)
/usr/lib/gcc/avr/4.3.5/../../../avr/lib/avr5/libc.a(memcpy.o)
                              rfm_int_hww/wireless.o (memcpy)

Allocating common symbols
Common symbol       size              file

MOTOR_counter       0x4               rfm_int_hww/motor.o
wl_force_flags      0x4               rfm_int_hww/wireless.o
hourbar_buff        0x4               rfm_int_hww/menu.o
RTC_DS              0x1               rfm_int_hww/rtc.o
menu_state          0x1               rfm_int_hww/menu.o
Keys                0x28              rfm_int_hww/wireless.o
ring_buf_temp_avgs_pos
                    0x1               rfm_int_hww/adc.o
MOTOR_Dir           0x1               rfm_int_hww/motor.o
wl_force_addr2      0x1               rfm_int_hww/wireless.o
state_wheel_prev    0x1               rfm_int_hww/keyboard.o
wl_force_addr1      0x1               rfm_int_hww/wireless.o
LCD_Data            0x12              rfm_int_hww/lcd.o
ring_buf_temp_avgs  0x40              rfm_int_hww/adc.o
rfm_framebuf        0x50              rfm_int_hww/rfm.o
timmers_patch_data  0x2               rfm_int_hww/eeprom.o
config              0x30              rfm_int_hww/eeprom.o

Memory Configuration

Name             Origin             Length             Attributes
text             0x0000000000000000 0x0000000000020000 xr
data             0x0000000000800060 0x000000000000ffa0 rw !x
eeprom           0x0000000000810000 0x0000000000010000 rw !x
fuse             0x0000000000820000 0x0000000000000400 rw !x
lock             0x0000000000830000 0x0000000000000400 rw !x
signature        0x0000000000840000 0x0000000000000400 rw !x
*default*        0x0000000000000000 0xffffffffffffffff

Linker script and memory map

Address of section .data set to 0x800100
LOAD /usr/lib/gcc/avr/4.3.5/../../../avr/lib/avr5/crtm169p.o
LOAD rfm_int_hww/motor.o
LOAD rfm_int_hww/controller.o
LOAD rfm_int_hww/rs232_485_hw.o
LOAD rfm_int_hww/watch.o
LOAD rfm_int_hww/com.o
LOAD rfm_int_hww/wireless.o
LOAD rfm_int_hww/rfm.o
LOAD rfm_int_hww/cmac.o
LOAD rfm_int_hww/xtea-asm.o
LOAD rfm_int_hww/rtc.o
LOAD rfm_int_hww/main.o
LOAD rfm_int_hww/keyboard.o
LOAD rfm_int_hww/adc.o
LOAD rfm_int_hww/eeprom.o
LOAD rfm_int_hww/menu.o
LOAD rfm_int_hww/lcd.o
LOAD /usr/lib/gcc/avr/4.3.5/../../../avr/lib/avr5/libm.a
LOAD /usr/lib/gcc/avr/4.3.5/avr5/libgcc.a
LOAD /usr/lib/gcc/avr/4.3.5/../../../avr/lib/avr5/libc.a
LOAD /usr/lib/gcc/avr/4.3.5/avr5/libgcc.a

.hash
 *(.hash)

.dynsym
 *(.dynsym)

.dynstr
 *(.dynstr)

.gnu.version
 *(.gnu.version)

.gnu.version_d
 *(.gnu.version_d)

.gnu.version_r
 *(.gnu.version_r)

.rel.init
 *(.rel.init)

.rela.init
 *(.rela.init)

.rel.text
 *(.rel.text)
 *(.rel.text.*)
 *(.rel.gnu.linkonce.t*)

.rela.text
 *(.rela.text)
 *(.rela.text.*)
 *(.rela.gnu.linkonce.t*)

.rel.fini
 *(.rel.fini)

.rela.fini
 *(.rela.fini)

.rel.rodata
 *(.rel.rodata)
 *(.rel.rodata.*)
 *(.rel.gnu.linkonce.r*)

.rela.rodata
 *(.rela.rodata)
 *(.rela.rodata.*)
 *(.rela.gnu.linkonce.r*)

.rel.data
 *(.rel.data)
 *(.rel.data.*)
 *(.rel.gnu.linkonce.d*)

.rela.data
 *(.rela.data)
 *(.rela.data.*)
 *(.rela.gnu.linkonce.d*)

.rel.ctors
 *(.rel.ctors)

.rela.ctors
 *(.rela.ctors)

.rel.dtors
 *(.rel.dtors)

.rela.dtors
 *(.rela.dtors)

.rel.got
 *(.rel.got)

.rela.got
 *(.rela.got)

.rel.bss
 *(.rel.bss)

.rela.bss
 *(.rela.bss)

.rel.plt
 *(.rel.plt)

.rela.plt
 *(.rela.plt)

.text           0x0000000000000000     0x3bf6
 *(.vectors)
 .vectors       0x0000000000000000       0x5c /usr/lib/gcc/avr/4.3.5/../../../avr/lib/avr5/crtm169p.o
                0x0000000000000000                __vectors
                0x0000000000000000                __vector_default
 *(.vectors)
 *(.progmem.gcc*)
 .progmem.gcc_sw_table
                0x000000000000005c       0x60 rfm_int_hww/com.o
 .progmem.gcc_sw_table
                0x00000000000000bc       0x5c rfm_int_hww/menu.o
 *(.progmem*)
 .progmem.data  0x0000000000000118       0x1c rfm_int_hww/watch.o
 .progmem.data  0x0000000000000134       0x5c rfm_int_hww/com.o
 .progmem.data  0x0000000000000190        0xc rfm_int_hww/wireless.o
 .progmem.data  0x000000000000019c       0x24 rfm_int_hww/rtc.o
                0x000000000000019c                RTC_DayOfMonthTablePrgMem
 .progmem.data  0x00000000000001c0       0x9b rfm_int_hww/lcd.o
                0x00000000000001c0                LCD_CharTablePrgMem
                0x00000000000001e8                LCD_StringTable
                0x0000000000000238                LCD_FieldOffsetTablePrgMem
                0x000000000000023c                LCD_SegOffsetTablePrgMem
                0x0000000000000243                LCD_SegHourBarOffsetTablePrgMem
                0x000000000000025c                . = ALIGN (0x2)
 *fill*         0x000000000000025b        0x1 00
                0x000000000000025c                __trampolines_start = .
 *(.trampolines)
 .trampolines   0x000000000000025c        0x0 linker stubs
 *(.trampolines*)
                0x000000000000025c                __trampolines_end = .
 *(.jumptables)
 *(.jumptables*)
 *(.lowtext)
 *(.lowtext*)
                0x000000000000025c                __ctors_start = .
 *(.ctors)
                0x000000000000025c                __ctors_end = .
                0x000000000000025c                __dtors_start = .
 *(.dtors)
                0x000000000000025c                __dtors_end = .
 SORT(*)(.ctors)
 SORT(*)(.dtors)
 *(.init0)
 .init0         0x000000000000025c        0x0 /usr/lib/gcc/avr/4.3.5/../../../avr/lib/avr5/crtm169p.o
                0x000000000000025c                __init
 *(.init0)
 *(.init1)
 *(.init1)
 *(.init2)
 .init2         0x000000000000025c        0xc /usr/lib/gcc/avr/4.3.5/../../../avr/lib/avr5/crtm169p.o
 *(.init2)
 *(.init3)
 *(.init3)
 *(.init4)
 .init4         0x0000000000000268       0x16 /usr/lib/gcc/avr/4.3.5/avr5/libgcc.a(_copy_data.o)
                0x0000000000000268                __do_copy_data
 .init4         0x000000000000027e       0x10 /usr/lib/gcc/avr/4.3.5/avr5/libgcc.a(_clear_bss.o)
                0x000000000000027e                __do_clear_bss
 *(.init4)
 *(.init5)
 *(.init5)
 *(.init6)
 *(.init6)
 *(.init7)
 *(.init7)
 *(.init8)
 *(.init8)
 *(.init9)
 .init9         0x000000000000028e        0x8 /usr/lib/gcc/avr/4.3.5/../../../avr/lib/avr5/crtm169p.o
 *(.init9)
 *(.text)
 .text          0x0000000000000296        0x2 /usr/lib/gcc/avr/4.3.5/../../../avr/lib/avr5/crtm169p.o
                0x0000000000000296                __vector_1
                0x0000000000000296                __vector_12
                0x0000000000000296                __bad_interrupt
                0x0000000000000296                __vector_6
                0x0000000000000296                __vector_17
                0x0000000000000296                __vector_7
                0x0000000000000296                __vector_9
                0x0000000000000296                __vector_21
                0x0000000000000296                __vector_8
                0x0000000000000296                __vector_10
                0x0000000000000296                __vector_16
                0x0000000000000296                __vector_18
                0x0000000000000296                __vector_20
 .text          0x0000000000000298      0x70e rfm_int_hww/motor.o
                0x0000000000000298                MOTOR_GetPosPercent
                0x00000000000003ec                MOTOR_Goto
                0x0000000000000484                MOTOR_timer_pulse
                0x000000000000051e                __vector_11
                0x00000000000005b4                __vector_2
                0x00000000000007dc                MOTOR_timer_stop
                0x0000000000000908                MOTOR_updateCalibration
 .text          0x00000000000009a6      0x430 rfm_int_hww/controller.o
                0x00000000000009a6                CTL_temp_change_inc
                0x00000000000009ce                CTL_change_mode
                0x0000000000000a2e                CTL_update
 .text          0x0000000000000dd6      0x144 rfm_int_hww/rs232_485_hw.o
                0x0000000000000dd6                __vector_15
                0x0000000000000e00                RS_Init
                0x0000000000000e22                RS_startSend
                0x0000000000000e4e                __vector_14
                0x0000000000000ebc                __vector_13
 .text          0x0000000000000f1a       0x30 rfm_int_hww/watch.o
                0x0000000000000f1a                watch
 .text          0x0000000000000f4a      0x752 rfm_int_hww/com.o
                0x0000000000000f4a                COM_putchar
                0x0000000000000f7e                COM_tx_char_isr
                0x0000000000000fa2                COM_rx_char_isr
                0x000000000000117c                COM_flush
                0x000000000000118c                COM_print_debug
                0x0000000000001318                COM_wireless_command_parse
                0x00000000000014be                COM_commad_parse
                0x0000000000001694                COM_init
 .text          0x000000000000169c      0x5b6 rfm_int_hww/wireless.o
                0x00000000000016ba                wireless_putchar
                0x00000000000016f8                wirelesTimeSyncCheck
                0x0000000000001874                wirelessReceivePacket
                0x0000000000001ad6                crypto_init
                0x0000000000001b70                wirelessTimer
                0x0000000000001c02                wirelessSendDone
 .text          0x0000000000001c52       0x62 rfm_int_hww/rfm.o
                0x0000000000001c52                rfm_spi16
                0x0000000000001c7e                RFM_init
 .text          0x0000000000001cb4      0x118 rfm_int_hww/cmac.o
                0x0000000000001cb4                cmac_calc
 .text          0x0000000000001dcc       0xfc rfm_int_hww/xtea-asm.o
                0x0000000000001dcc                xtea_enc
 .text          0x0000000000001ec8      0x5c8 rfm_int_hww/rtc.o
                0x0000000000001ec8                RTC_SetHour
                0x0000000000001ed6                RTC_SetMinute
                0x0000000000001ee4                RTC_SetSecond
                0x0000000000001ef2                RTC_timer_set
                0x0000000000001f6a                __vector_5
                0x0000000000001f84                __vector_4
                0x00000000000020e8                RTC_ActualTimerTemperature
                0x000000000000215e                RTC_DowTimerGetHourBar
                0x00000000000021f2                RTC_AddOneSecond
                0x00000000000023b0                RTC_SetYear
                0x00000000000023b6                RTC_SetMonth
                0x00000000000023c6                RTC_SetDay
                0x00000000000023fc                RTC_Init
                0x0000000000002432                RTC_DowTimerGet
                0x0000000000002458                RTC_DowTimerSet
 .text          0x0000000000002490      0x348 rfm_int_hww/main.o
                0x0000000000002490                main
 .text          0x00000000000027d8      0x23c rfm_int_hww/keyboard.o
                0x00000000000027d8                task_keyboard_long_press_detect
                0x0000000000002890                mont_contact_pooling
                0x00000000000028d6                __vector_3
                0x0000000000002904                task_keyboard
 .text          0x0000000000002a14      0x28e rfm_int_hww/adc.o
                0x0000000000002aec                start_task_ADC
                0x0000000000002b0e                task_ADC
                0x0000000000002c9e                __vector_19
 .text          0x0000000000002ca2      0x182 rfm_int_hww/eeprom.o
                0x0000000000002ca2                EEPROM_read
                0x0000000000002cb0                config_read
                0x0000000000002cf8                eeprom_config_save
                0x0000000000002d58                eeprom_config_init
                0x0000000000002dac                eeprom_timers_read_raw
                0x0000000000002df8                eeprom_timers_write_raw
 .text          0x0000000000002e24      0x7d4 rfm_int_hww/menu.o
                0x0000000000002e6a                menu_view
                0x000000000000316e                menu_controller
 .text          0x00000000000035f8      0x424 rfm_int_hww/lcd.o
                0x00000000000035f8                LCD_AllSegments
                0x000000000000362c                LCD_Init
                0x000000000000365a                LCD_HourBarBitmap
                0x0000000000003690                LCD_SetSeg
                0x0000000000003720                LCD_SetHourBarSeg
                0x000000000000372e                LCD_PrintChar
                0x000000000000378a                LCD_PrintDec
                0x00000000000037be                LCD_PrintDecW
                0x00000000000037fa                LCD_PrintDec3
                0x0000000000003844                LCD_PrintTempInt
                0x00000000000038a2                LCD_PrintHex
                0x00000000000038cc                LCD_PrintHexW
                0x00000000000038ea                LCD_PrintStringID
                0x0000000000003928                LCD_PrintTemp
                0x0000000000003984                task_lcd_update
                0x0000000000003a18                __vector_22
 .text          0x0000000000003a1c        0x0 /usr/lib/gcc/avr/4.3.5/avr5/libgcc.a(_mulsi3.o)
 .text          0x0000000000003a1c        0x0 /usr/lib/gcc/avr/4.3.5/avr5/libgcc.a(_udivmodqi4.o)
 .text          0x0000000000003a1c        0x0 /usr/lib/gcc/avr/4.3.5/avr5/libgcc.a(_divmodqi4.o)
 .text          0x0000000000003a1c        0x0 /usr/lib/gcc/avr/4.3.5/avr5/libgcc.a(_udivmodhi4.o)
 .text          0x0000000000003a1c        0x0 /usr/lib/gcc/avr/4.3.5/avr5/libgcc.a(_divmodhi4.o)
 .text          0x0000000000003a1c        0x0 /usr/lib/gcc/avr/4.3.5/avr5/libgcc.a(_udivmodsi4.o)
 .text          0x0000000000003a1c        0x0 /usr/lib/gcc/avr/4.3.5/avr5/libgcc.a(_divmodsi4.o)
 .text          0x0000000000003a1c        0x0 /usr/lib/gcc/avr/4.3.5/avr5/libgcc.a(_prologue.o)
 .text          0x0000000000003a1c        0x0 /usr/lib/gcc/avr/4.3.5/avr5/libgcc.a(_epilogue.o)
 .text          0x0000000000003a1c        0x0 /usr/lib/gcc/avr/4.3.5/avr5/libgcc.a(_exit.o)
 .text          0x0000000000003a1c        0x0 /usr/lib/gcc/avr/4.3.5/avr5/libgcc.a(_tablejump.o)
 .text          0x0000000000003a1c        0x0 /usr/lib/gcc/avr/4.3.5/avr5/libgcc.a(_copy_data.o)
 .text          0x0000000000003a1c        0x0 /usr/lib/gcc/avr/4.3.5/avr5/libgcc.a(_clear_bss.o)
 .text          0x0000000000003a1c        0x0 /usr/lib/gcc/avr/4.3.5/../../../avr/lib/avr5/libc.a(memcpy_P.o)
 .text          0x0000000000003a1c        0x0 /usr/lib/gcc/avr/4.3.5/../../../avr/lib/avr5/libc.a(memcpy.o)
                0x0000000000003a1c                . = ALIGN (0x2)
 *(.text.*)
 .text.libgcc   0x0000000000003a1c       0x3e /usr/lib/gcc/avr/4.3.5/avr5/libgcc.a(_mulsi3.o)
                0x0000000000003a1c                __mulsi3
 .text.libgcc   0x0000000000003a5a       0x18 /usr/lib/gcc/avr/4.3.5/avr5/libgcc.a(_udivmodqi4.o)
                0x0000000000003a5a                __udivmodqi4
 .text.libgcc   0x0000000000003a72       0x1a /usr/lib/gcc/avr/4.3.5/avr5/libgcc.a(_divmodqi4.o)
                0x0000000000003a72                __divmodqi4
 .text.libgcc   0x0000000000003a8c       0x28 /usr/lib/gcc/avr/4.3.5/avr5/libgcc.a(_udivmodhi4.o)
                0x0000000000003a8c                __udivmodhi4
 .text.libgcc   0x0000000000003ab4       0x26 /usr/lib/gcc/avr/4.3.5/avr5/libgcc.a(_divmodhi4.o)
                0x0000000000003ab4                __divmodhi4
                0x0000000000003ab4                _div
 .text.libgcc   0x0000000000003ada       0x44 /usr/lib/gcc/avr/4.3.5/avr5/libgcc.a(_udivmodsi4.o)
                0x0000000000003ada                __udivmodsi4
 .text.libgcc   0x0000000000003b1e       0x36 /usr/lib/gcc/avr/4.3.5/avr5/libgcc.a(_divmodsi4.o)
                0x0000000000003b1e                __divmodsi4
 .text.libgcc   0x0000000000003b54       0x38 /usr/lib/gcc/avr/4.3.5/avr5/libgcc.a(_prologue.o)
                0x0000000000003b54                __prologue_saves__
 .text.libgcc   0x0000000000003b8c       0x36 /usr/lib/gcc/avr/4.3.5/avr5/libgcc.a(_epilogue.o)
                0x0000000000003b8c                __epilogue_restores__
 .text.libgcc   0x0000000000003bc2        0x0 /usr/lib/gcc/avr/4.3.5/avr5/libgcc.a(_exit.o)
 .text.libgcc   0x0000000000003bc2        0xc /usr/lib/gcc/avr/4.3.5/avr5/libgcc.a(_tablejump.o)
                0x0000000000003bc2                __tablejump2__
                0x0000000000003bc6                __tablejump__
 .text.libgcc   0x0000000000003bce        0x0 /usr/lib/gcc/avr/4.3.5/avr5/libgcc.a(_copy_data.o)
 .text.libgcc   0x0000000000003bce        0x0 /usr/lib/gcc/avr/4.3.5/avr5/libgcc.a(_clear_bss.o)
 .text.avr-libc
                0x0000000000003bce       0x12 /usr/lib/gcc/avr/4.3.5/../../../avr/lib/avr5/libc.a(memcpy_P.o)
                0x0000000000003bce                memcpy_P
 .text.avr-libc
                0x0000000000003be0       0x12 /usr/lib/gcc/avr/4.3.5/../../../avr/lib/avr5/libc.a(memcpy.o)
                0x0000000000003be0                memcpy
                0x0000000000003bf2                . = ALIGN (0x2)
 *(.fini9)
 .fini9         0x0000000000003bf2        0x0 /usr/lib/gcc/avr/4.3.5/avr5/libgcc.a(_exit.o)
                0x0000000000003bf2                exit
                0x0000000000003bf2                _exit
 *(.fini9)
 *(.fini8)
 *(.fini8)
 *(.fini7)
 *(.fini7)
 *(.fini6)
 *(.fini6)
 *(.fini5)
 *(.fini5)
 *(.fini4)
 *(.fini4)
 *(.fini3)
 *(.fini3)
 *(.fini2)
 *(.fini2)
 *(.fini1)
 *(.fini1)
 *(.fini0)
 .fini0         0x0000000000003bf2        0x4 /usr/lib/gcc/avr/4.3.5/avr5/libgcc.a(_exit.o)
 *(.fini0)
                0x0000000000003bf6                _etext = .

.data           0x0000000000800100       0x18 load address 0x0000000000003bf6
                0x0000000000800100                PROVIDE (__data_start, .)
 *(.data)
 .data          0x0000000000800100        0x0 /usr/lib/gcc/avr/4.3.5/../../../avr/lib/avr5/crtm169p.o
 .data          0x0000000000800100        0x0 rfm_int_hww/motor.o
 .data          0x0000000000800100        0x0 rfm_int_hww/controller.o
 .data          0x0000000000800100        0x0 rfm_int_hww/rs232_485_hw.o
 .data          0x0000000000800100        0x0 rfm_int_hww/watch.o
 .data          0x0000000000800100        0x0 rfm_int_hww/com.o
 .data          0x0000000000800100        0x0 rfm_int_hww/wireless.o
 .data          0x0000000000800100        0x0 rfm_int_hww/rfm.o
 .data          0x0000000000800100        0x0 rfm_int_hww/cmac.o
 .data          0x0000000000800100        0x0 rfm_int_hww/xtea-asm.o
 .data          0x0000000000800100        0x0 rfm_int_hww/rtc.o
 .data          0x0000000000800100        0x0 rfm_int_hww/main.o
 .data          0x0000000000800100        0x0 rfm_int_hww/keyboard.o
 .data          0x0000000000800100        0x0 rfm_int_hww/adc.o
 .data          0x0000000000800100        0x0 rfm_int_hww/eeprom.o
 .data          0x0000000000800100        0x0 rfm_int_hww/menu.o
 .data          0x0000000000800100        0x0 rfm_int_hww/lcd.o
 .data          0x0000000000800100        0x0 /usr/lib/gcc/avr/4.3.5/avr5/libgcc.a(_mulsi3.o)
 .data          0x0000000000800100        0x0 /usr/lib/gcc/avr/4.3.5/avr5/libgcc.a(_udivmodqi4.o)
 .data          0x0000000000800100        0x0 /usr/lib/gcc/avr/4.3.5/avr5/libgcc.a(_divmodqi4.o)
 .data          0x0000000000800100        0x0 /usr/lib/gcc/avr/4.3.5/avr5/libgcc.a(_udivmodhi4.o)
 .data          0x0000000000800100        0x0 /usr/lib/gcc/avr/4.3.5/avr5/libgcc.a(_divmodhi4.o)
 .data          0x0000000000800100        0x0 /usr/lib/gcc/avr/4.3.5/avr5/libgcc.a(_udivmodsi4.o)
 .data          0x0000000000800100        0x0 /usr/lib/gcc/avr/4.3.5/avr5/libgcc.a(_divmodsi4.o)
 .data          0x0000000000800100        0x0 /usr/lib/gcc/avr/4.3.5/avr5/libgcc.a(_prologue.o)
 .data          0x0000000000800100        0x0 /usr/lib/gcc/avr/4.3.5/avr5/libgcc.a(_epilogue.o)
 .data          0x0000000000800100        0x0 /usr/lib/gcc/avr/4.3.5/avr5/libgcc.a(_exit.o)
 .data          0x0000000000800100        0x0 /usr/lib/gcc/avr/4.3.5/avr5/libgcc.a(_tablejump.o)
 .data          0x0000000000800100        0x0 /usr/lib/gcc/avr/4.3.5/avr5/libgcc.a(_copy_data.o)
 .data          0x0000000000800100        0x0 /usr/lib/gcc/avr/4.3.5/avr5/libgcc.a(_clear_bss.o)
 .data          0x0000000000800100        0x0 /usr/lib/gcc/avr/4.3.5/../../../avr/lib/avr5/libc.a(memcpy_P.o)
 .data          0x0000000000800100        0x0 /usr/lib/gcc/avr/4.3.5/../../../avr/lib/avr5/libc.a(memcpy.o)
 *(.data*)
 .data.MOTOR_calibration_step
                0x0000000000800100        0x1 rfm_int_hww/motor.o
                0x0000000000800100                MOTOR_calibration_step
 .data.motor_diag_ignore
                0x0000000000800101        0x1 rfm_int_hww/motor.o
 .data.MOTOR_wait_for_new_calibration
                0x0000000000800102        0x1 rfm_int_hww/motor.o
 .data.CTL_temp_wanted_last
                0x0000000000800103        0x1 rfm_int_hww/controller.o
                0x0000000000800103                CTL_temp_wanted_last
 .data.CTL_mode_auto
                0x0000000000800104        0x1 rfm_int_hww/controller.o
                0x0000000000800104                CTL_mode_auto
 .data.PID_force_update
                0x0000000000800105        0x1 rfm_int_hww/controller.o
                0x0000000000800105                PID_force_update
 .data.PID_update_timeout
                0x0000000000800106        0x2 rfm_int_hww/controller.o
 .data.window_timer
                0x0000000000800108        0x1 rfm_int_hww/controller.o
 .data.rfm_framesize
                0x0000000000800109        0x1 rfm_int_hww/rfm.o
                0x0000000000800109                rfm_framesize
 .data.RTC      0x000000000080010a        0x8 rfm_int_hww/rtc.o
                0x000000000080010a                RTC
 .data.kb_timeout
                0x0000000000800112        0x1 rfm_int_hww/keyboard.o
                0x0000000000800112                kb_timeout
 .data.ring_used
                0x0000000000800113        0x1 rfm_int_hww/adc.o
 .data.timmers_patch_offset
                0x0000000000800114        0x1 rfm_int_hww/eeprom.o
                0x0000000000800114                timmers_patch_offset
 .data.menu_auto_update_timeout
                0x0000000000800115        0x1 rfm_int_hww/menu.o
                0x0000000000800115                menu_auto_update_timeout
 .data.service_idx
                0x0000000000800116        0x1 rfm_int_hww/menu.o
 .data.LCD_used_bitplanes
                0x0000000000800117        0x1 rfm_int_hww/lcd.o
                0x0000000000800117                LCD_used_bitplanes
 *(.rodata)
 *(.rodata*)
 *(.gnu.linkonce.d*)
                0x0000000000800118                . = ALIGN (0x2)
                0x0000000000800118                _edata = .
                0x0000000000800118                PROVIDE (__data_end, .)

.bss            0x0000000000800118      0x285
                0x0000000000800118                PROVIDE (__bss_start, .)
 *(.bss)
 .bss           0x0000000000800118        0x0 /usr/lib/gcc/avr/4.3.5/../../../avr/lib/avr5/crtm169p.o
 .bss           0x0000000000800118        0x0 rfm_int_hww/motor.o
 .bss           0x0000000000800118        0x0 rfm_int_hww/controller.o
 .bss           0x0000000000800118        0x0 rfm_int_hww/rs232_485_hw.o
 .bss           0x0000000000800118        0x0 rfm_int_hww/watch.o
 .bss           0x0000000000800118        0x0 rfm_int_hww/com.o
 .bss           0x0000000000800118        0x0 rfm_int_hww/wireless.o
 .bss           0x0000000000800118        0x0 rfm_int_hww/rfm.o
 .bss           0x0000000000800118        0x0 rfm_int_hww/cmac.o
 .bss           0x0000000000800118        0x0 rfm_int_hww/xtea-asm.o
 .bss           0x0000000000800118        0x0 rfm_int_hww/rtc.o
 .bss           0x0000000000800118        0x0 rfm_int_hww/main.o
 .bss           0x0000000000800118        0x0 rfm_int_hww/keyboard.o
 .bss           0x0000000000800118        0x0 rfm_int_hww/adc.o
 .bss           0x0000000000800118        0x0 rfm_int_hww/eeprom.o
 .bss           0x0000000000800118        0x0 rfm_int_hww/menu.o
 .bss           0x0000000000800118        0x0 rfm_int_hww/lcd.o
 .bss           0x0000000000800118        0x0 /usr/lib/gcc/avr/4.3.5/avr5/libgcc.a(_mulsi3.o)
 .bss           0x0000000000800118        0x0 /usr/lib/gcc/avr/4.3.5/avr5/libgcc.a(_udivmodqi4.o)
 .bss           0x0000000000800118        0x0 /usr/lib/gcc/avr/4.3.5/avr5/libgcc.a(_divmodqi4.o)
 .bss           0x0000000000800118        0x0 /usr/lib/gcc/avr/4.3.5/avr5/libgcc.a(_udivmodhi4.o)
 .bss           0x0000000000800118        0x0 /usr/lib/gcc/avr/4.3.5/avr5/libgcc.a(_divmodhi4.o)
 .bss           0x0000000000800118        0x0 /usr/lib/gcc/avr/4.3.5/avr5/libgcc.a(_udivmodsi4.o)
 .bss           0x0000000000800118        0x0 /usr/lib/gcc/avr/4.3.5/avr5/libgcc.a(_divmodsi4.o)
 .bss           0x0000000000800118        0x0 /usr/lib/gcc/avr/4.3.5/avr5/libgcc.a(_prologue.o)
 .bss           0x0000000000800118        0x0 /usr/lib/gcc/avr/4.3.5/avr5/libgcc.a(_epilogue.o)
 .bss           0x0000000000800118        0x0 /usr/lib/gcc/avr/4.3.5/avr5/libgcc.a(_exit.o)
 .bss           0x0000000000800118        0x0 /usr/lib/gcc/avr/4.3.5/avr5/libgcc.a(_tablejump.o)
 .bss           0x0000000000800118        0x0 /usr/lib/gcc/avr/4.3.5/avr5/libgcc.a(_copy_data.o)
 .bss           0x0000000000800118        0x0 /usr/lib/gcc/avr/4.3.5/avr5/libgcc.a(_clear_bss.o)
 .bss           0x0000000000800118        0x0 /usr/lib/gcc/avr/4.3.5/../../../avr/lib/avr5/libc.a(memcpy_P.o)
 .bss           0x0000000000800118        0x0 /usr/lib/gcc/avr/4.3.5/../../../avr/lib/avr5/libc.a(memcpy.o)
 *(.bss*)
 .bss.MOTOR_PosAct
                0x0000000000800118        0x2 rfm_int_hww/motor.o
                0x0000000000800118                MOTOR_PosAct
 .bss.MOTOR_PosMax
                0x000000000080011a        0x2 rfm_int_hww/motor.o
                0x000000000080011a                MOTOR_PosMax
 .bss.motor_diag
                0x000000000080011c        0x2 rfm_int_hww/motor.o
                0x000000000080011c                motor_diag
 .bss.MOTOR_PosOvershoot
                0x000000000080011e        0x1 rfm_int_hww/motor.o
                0x000000000080011e                MOTOR_PosOvershoot
 .bss.motor_diag_cnt
                0x000000000080011f        0x2 rfm_int_hww/motor.o
 .bss.motor_timer
                0x0000000000800121        0x2 rfm_int_hww/motor.o
 .bss.pine_last
                0x0000000000800123        0x1 rfm_int_hww/motor.o
 .bss.last_eye_change
                0x0000000000800124        0x2 rfm_int_hww/motor.o
 .bss.longest_low_eye
                0x0000000000800126        0x2 rfm_int_hww/motor.o
 .bss.MOTOR_PosStop
                0x0000000000800128        0x2 rfm_int_hww/motor.o
 .bss.MOTOR_Dir_Counter
                0x000000000080012a        0x1 rfm_int_hww/motor.o
 .bss.motor_max_time_for_impulse
                0x000000000080012b        0x2 rfm_int_hww/motor.o
 .bss.CTL_temp_wanted
                0x000000000080012d        0x1 rfm_int_hww/controller.o
                0x000000000080012d                CTL_temp_wanted
 .bss.CTL_temp_auto
                0x000000000080012e        0x1 rfm_int_hww/controller.o
                0x000000000080012e                CTL_temp_auto
 .bss.CTL_mode_window
                0x000000000080012f        0x1 rfm_int_hww/controller.o
                0x000000000080012f                CTL_mode_window
 .bss.CTL_error
                0x0000000000800130        0x1 rfm_int_hww/controller.o
                0x0000000000800130                CTL_error
 .bss.sumError  0x0000000000800131        0x2 rfm_int_hww/controller.o
                0x0000000000800131                sumError
 .bss.lastProcessValue
                0x0000000000800133        0x2 rfm_int_hww/controller.o
 .bss.menu_temp_rewoke
                0x0000000000800135        0x1 rfm_int_hww/controller.o
 .bss.rx_buff_in
                0x0000000000800136        0x1 rfm_int_hww/com.o
 .bss.rx_buff_out
                0x0000000000800137        0x1 rfm_int_hww/com.o
 .bss.tx_buff_in
                0x0000000000800138        0x1 rfm_int_hww/com.o
 .bss.tx_buff_out
                0x0000000000800139        0x1 rfm_int_hww/com.o
 .bss.tx_buff   0x000000000080013a       0x80 rfm_int_hww/com.o
 .bss.rx_buff   0x00000000008001ba       0x20 rfm_int_hww/com.o
 .bss.COM_requests
                0x00000000008001da        0x1 rfm_int_hww/com.o
 .bss.com_hex   0x00000000008001db        0x3 rfm_int_hww/com.o
 .bss.wireless_buf_ptr
                0x00000000008001de        0x1 rfm_int_hww/wireless.o
                0x00000000008001de                wireless_buf_ptr
 .bss.wirelessTimerCase
                0x00000000008001df        0x1 rfm_int_hww/wireless.o
                0x00000000008001df                wirelessTimerCase
 .bss.time_sync_tmo
                0x00000000008001e0        0x1 rfm_int_hww/wireless.o
                0x00000000008001e0                time_sync_tmo
 .bss.wl_skip_sync
                0x00000000008001e1        0x1 rfm_int_hww/wireless.o
                0x00000000008001e1                wl_skip_sync
 .bss.wireless_async
                0x00000000008001e2        0x1 rfm_int_hww/wireless.o
                0x00000000008001e2                wireless_async
 .bss.wireless_framebuf
                0x00000000008001e3       0x46 rfm_int_hww/wireless.o
 .bss.rfm_framepos
                0x0000000000800229        0x1 rfm_int_hww/rfm.o
                0x0000000000800229                rfm_framepos
 .bss.rfm_mode  0x000000000080022a        0x1 rfm_int_hww/rfm.o
                0x000000000080022a                rfm_mode
 .bss.RTC_timer_todo
                0x000000000080022b        0x1 rfm_int_hww/rtc.o
                0x000000000080022b                RTC_timer_todo
 .bss.RTC_timer_done
                0x000000000080022c        0x1 rfm_int_hww/rtc.o
                0x000000000080022c                RTC_timer_done
 .bss.RTC_timer_time
                0x000000000080022d        0x2 rfm_int_hww/rtc.o
 .bss.valve_wanted
                0x000000000080022f        0x1 rfm_int_hww/main.o
                0x000000000080022f                valve_wanted
 .bss.kb_events
                0x0000000000800230        0x2 rfm_int_hww/keyboard.o
                0x0000000000800230                kb_events
 .bss.keys      0x0000000000800232        0x1 rfm_int_hww/keyboard.o
 .bss.allow_rewoke
                0x0000000000800233        0x1 rfm_int_hww/keyboard.o
 .bss.state_front_prev
                0x0000000000800234        0x1 rfm_int_hww/keyboard.o
 .bss.long_press
                0x0000000000800235        0x1 rfm_int_hww/keyboard.o
 .bss.long_quiet
                0x0000000000800236        0x1 rfm_int_hww/keyboard.o
 .bss.sleep_with_ADC
                0x0000000000800237        0x1 rfm_int_hww/adc.o
                0x0000000000800237                sleep_with_ADC
 .bss.ring_average
                0x0000000000800238        0x4 rfm_int_hww/adc.o
                0x0000000000800238                ring_average
 .bss.dummy_adc
                0x000000000080023c        0x2 rfm_int_hww/adc.o
 .bss.ring_sum  0x000000000080023e        0x8 rfm_int_hww/adc.o
 .bss.ring_pos  0x0000000000800246        0x1 rfm_int_hww/adc.o
 .bss.state_ADC
                0x0000000000800247        0x1 rfm_int_hww/adc.o
 .bss.ring_buf  0x0000000000800248       0x3c rfm_int_hww/adc.o
 .bss.service_watch_n
                0x0000000000800284        0x1 rfm_int_hww/menu.o
 .bss.locked    0x0000000000800285        0x1 rfm_int_hww/menu.o
 .bss.menu_set_dow
                0x0000000000800286        0x1 rfm_int_hww/menu.o
 .bss.menu_set_time
                0x0000000000800287        0x2 rfm_int_hww/menu.o
 .bss.menu_set_mode
                0x0000000000800289        0x1 rfm_int_hww/menu.o
 .bss.menu_set_slot
                0x000000000080028a        0x1 rfm_int_hww/menu.o
 .bss.LCD_force_update
                0x000000000080028b        0x1 rfm_int_hww/lcd.o
                0x000000000080028b                LCD_force_update
 .bss.LCD_BlinkCounter
                0x000000000080028c        0x1 rfm_int_hww/lcd.o
 .bss.LCD_Bitplane
                0x000000000080028d        0x1 rfm_int_hww/lcd.o
 *(COMMON)
 COMMON         0x000000000080028e        0x5 rfm_int_hww/motor.o
                0x000000000080028e                MOTOR_counter
                0x0000000000800292                MOTOR_Dir
 COMMON         0x0000000000800293       0x2e rfm_int_hww/wireless.o
                0x0000000000800293                wl_force_flags
                0x0000000000800297                Keys
                0x00000000008002bf                wl_force_addr2
                0x00000000008002c0                wl_force_addr1
 COMMON         0x00000000008002c1       0x50 rfm_int_hww/rfm.o
                0x00000000008002c1                rfm_framebuf
 COMMON         0x0000000000800311        0x1 rfm_int_hww/rtc.o
                0x0000000000800311                RTC_DS
 COMMON         0x0000000000800312        0x1 rfm_int_hww/keyboard.o
                0x0000000000800312                state_wheel_prev
 COMMON         0x0000000000800313       0x41 rfm_int_hww/adc.o
                0x0000000000800313                ring_buf_temp_avgs_pos
                0x0000000000800314                ring_buf_temp_avgs
 COMMON         0x0000000000800354       0x32 rfm_int_hww/eeprom.o
                0x0000000000800354                timmers_patch_data
                0x0000000000800356                config
 COMMON         0x0000000000800386        0x5 rfm_int_hww/menu.o
                0x0000000000800386                hourbar_buff
                0x000000000080038a                menu_state
 COMMON         0x000000000080038b       0x12 rfm_int_hww/lcd.o
                0x000000000080038b                LCD_Data
                0x000000000080039d                PROVIDE (__bss_end, .)
                0x0000000000003bf6                __data_load_start = LOADADDR (.data)
                0x0000000000003c0e                __data_load_end = (__data_load_start + SIZEOF (.data))

.noinit         0x000000000080039d        0x0
                0x000000000080039d                PROVIDE (__noinit_start, .)
 *(.noinit*)
                0x000000000080039d                PROVIDE (__noinit_end, .)
                0x000000000080039d                _end = .
                0x000000000080039d                PROVIDE (__heap_start, .)

.eeprom         0x0000000000810000      0x180
 *(.eeprom*)
 .eeprom        0x0000000000810000      0x180 rfm_int_hww/eeprom.o
                0x0000000000810000                ee_reserved1
                0x0000000000810001                ee_reserved2
                0x0000000000810002                ee_reserved3
                0x0000000000810003                ee_layout
                0x0000000000810004                ee_timers
                0x0000000000810084                ee_reserved2_60
                0x00000000008100c0                ee_config
                0x0000000000810180                __eeprom_end = .

.fuse           0x0000000000820000        0x3
 *(.fuse)
 .fuse          0x0000000000820000        0x3 rfm_int_hww/main.o
                0x0000000000820000                __fuse
 *(.lfuse)
 *(.hfuse)
 *(.efuse)

.lock
 *(.lock*)

.signature
 *(.signature*)

.stab           0x0000000000000000      0xdbc
 *(.stab)
 .stab          0x0000000000000000      0x6b4 /usr/lib/gcc/avr/4.3.5/../../../avr/lib/avr5/crtm169p.o
 .stab          0x00000000000006b4      0x600 rfm_int_hww/xtea-asm.o
                                        0x60c (size before relaxing)
 .stab          0x0000000000000cb4       0x84 /usr/lib/gcc/avr/4.3.5/../../../avr/lib/avr5/libc.a(memcpy_P.o)
                                         0x90 (size before relaxing)
 .stab          0x0000000000000d38       0x84 /usr/lib/gcc/avr/4.3.5/../../../avr/lib/avr5/libc.a(memcpy.o)
                                         0x90 (size before relaxing)

.stabstr        0x0000000000000000       0xd9
 *(.stabstr)
 .stabstr       0x0000000000000000       0xd9 /usr/lib/gcc/avr/4.3.5/../../../avr/lib/avr5/crtm169p.o

.stab.excl
 *(.stab.excl)

.stab.exclstr
 *(.stab.exclstr)

.stab.index
 *(.stab.index)

.stab.indexstr
 *(.stab.indexstr)

.comment
 *(.comment)

.debug
 *(.debug)

.line
 *(.line)

.debug_srcinfo
 *(.debug_srcinfo)

.debug_sfnames
 *(.debug_sfnames)

.debug_aranges  0x0000000000000000      0x1e0
 *(.debug_aranges)
 .debug_aranges
                0x0000000000000000       0x20 rfm_int_hww/motor.o
 .debug_aranges
                0x0000000000000020       0x20 rfm_int_hww/controller.o
 .debug_aranges
                0x0000000000000040       0x20 rfm_int_hww/rs232_485_hw.o
 .debug_aranges
                0x0000000000000060       0x20 rfm_int_hww/watch.o
 .debug_aranges
                0x0000000000000080       0x20 rfm_int_hww/com.o
 .debug_aranges
                0x00000000000000a0       0x20 rfm_int_hww/wireless.o
 .debug_aranges
                0x00000000000000c0       0x20 rfm_int_hww/rfm.o
 .debug_aranges
                0x00000000000000e0       0x20 rfm_int_hww/cmac.o
 .debug_aranges
                0x0000000000000100       0x20 rfm_int_hww/rtc.o
 .debug_aranges
                0x0000000000000120       0x20 rfm_int_hww/main.o
 .debug_aranges
                0x0000000000000140       0x20 rfm_int_hww/keyboard.o
 .debug_aranges
                0x0000000000000160       0x20 rfm_int_hww/adc.o
 .debug_aranges
                0x0000000000000180       0x20 rfm_int_hww/eeprom.o
 .debug_aranges
                0x00000000000001a0       0x20 rfm_int_hww/menu.o
 .debug_aranges
                0x00000000000001c0       0x20 rfm_int_hww/lcd.o

.debug_pubnames
                0x0000000000000000      0xba3
 *(.debug_pubnames)
 .debug_pubnames
                0x0000000000000000      0x122 rfm_int_hww/motor.o
 .debug_pubnames
                0x0000000000000122       0xe2 rfm_int_hww/controller.o
 .debug_pubnames
                0x0000000000000204       0x5f rfm_int_hww/rs232_485_hw.o
 .debug_pubnames
                0x0000000000000263       0x2d rfm_int_hww/watch.o
 .debug_pubnames
                0x0000000000000290       0xad rfm_int_hww/com.o
 .debug_pubnames
                0x000000000000033d      0x134 rfm_int_hww/wireless.o
 .debug_pubnames
                0x0000000000000471       0x6e rfm_int_hww/rfm.o
 .debug_pubnames
                0x00000000000004df       0x20 rfm_int_hww/cmac.o
 .debug_pubnames
                0x00000000000004ff      0x181 rfm_int_hww/rtc.o
 .debug_pubnames
                0x0000000000000680       0x37 rfm_int_hww/main.o
 .debug_pubnames
                0x00000000000006b7       0xa2 rfm_int_hww/keyboard.o
 .debug_pubnames
                0x0000000000000759       0x98 rfm_int_hww/adc.o
 .debug_pubnames
                0x00000000000007f1      0x143 rfm_int_hww/eeprom.o
 .debug_pubnames
                0x0000000000000934       0x71 rfm_int_hww/menu.o
 .debug_pubnames
                0x00000000000009a5      0x1fe rfm_int_hww/lcd.o

.debug_info     0x0000000000000000     0x54ad
 *(.debug_info)
 .debug_info    0x0000000000000000      0x74a rfm_int_hww/motor.o
 .debug_info    0x000000000000074a      0x623 rfm_int_hww/controller.o
 .debug_info    0x0000000000000d6d       0xf9 rfm_int_hww/rs232_485_hw.o
 .debug_info    0x0000000000000e66      0x1d4 rfm_int_hww/watch.o
 .debug_info    0x000000000000103a      0xa76 rfm_int_hww/com.o
 .debug_info    0x0000000000001ab0      0x6e6 rfm_int_hww/wireless.o
 .debug_info    0x0000000000002196      0x166 rfm_int_hww/rfm.o
 .debug_info    0x00000000000022fc      0x17e rfm_int_hww/cmac.o
 .debug_info    0x000000000000247a      0xb56 rfm_int_hww/rtc.o
 .debug_info    0x0000000000002fd0      0x621 rfm_int_hww/main.o
 .debug_info    0x00000000000035f1      0x1f0 rfm_int_hww/keyboard.o
 .debug_info    0x00000000000037e1      0x551 rfm_int_hww/adc.o
 .debug_info    0x0000000000003d32      0x5b8 rfm_int_hww/eeprom.o
 .debug_info    0x00000000000042ea      0x82a rfm_int_hww/menu.o
 .debug_info    0x0000000000004b14      0x999 rfm_int_hww/lcd.o
 *(.gnu.linkonce.wi.*)

.debug_abbrev   0x0000000000000000     0x189b
 *(.debug_abbrev)
 .debug_abbrev  0x0000000000000000      0x1fd rfm_int_hww/motor.o
 .debug_abbrev  0x00000000000001fd      0x1db rfm_int_hww/controller.o
 .debug_abbrev  0x00000000000003d8       0x88 rfm_int_hww/rs232_485_hw.o
 .debug_abbrev  0x0000000000000460       0xd4 rfm_int_hww/watch.o
 .debug_abbrev  0x0000000000000534      0x28e rfm_int_hww/com.o
 .debug_abbrev  0x00000000000007c2      0x1fe rfm_int_hww/wireless.o
 .debug_abbrev  0x00000000000009c0       0xe1 rfm_int_hww/rfm.o
 .debug_abbrev  0x0000000000000aa1       0xed rfm_int_hww/cmac.o
 .debug_abbrev  0x0000000000000b8e      0x336 rfm_int_hww/rtc.o
 .debug_abbrev  0x0000000000000ec4      0x170 rfm_int_hww/main.o
 .debug_abbrev  0x0000000000001034      0x103 rfm_int_hww/keyboard.o
 .debug_abbrev  0x0000000000001137      0x19e rfm_int_hww/adc.o
 .debug_abbrev  0x00000000000012d5      0x194 rfm_int_hww/eeprom.o
 .debug_abbrev  0x0000000000001469      0x25a rfm_int_hww/menu.o
 .debug_abbrev  0x00000000000016c3      0x1d8 rfm_int_hww/lcd.o

.debug_line     0x0000000000000000     0x3baa
 *(.debug_line)
 .debug_line    0x0000000000000000      0x668 rfm_int_hww/motor.o
 .debug_line    0x0000000000000668      0x390 rfm_int_hww/controller.o
 .debug_line    0x00000000000009f8      0x187 rfm_int_hww/rs232_485_hw.o
 .debug_line    0x0000000000000b7f       0xdd rfm_int_hww/watch.o
 .debug_line    0x0000000000000c5c      0x83b rfm_int_hww/com.o
 .debug_line    0x0000000000001497      0x5f1 rfm_int_hww/wireless.o
 .debug_line    0x0000000000001a88      0x182 rfm_int_hww/rfm.o
 .debug_line    0x0000000000001c0a      0x174 rfm_int_hww/cmac.o
 .debug_line    0x0000000000001d7e      0x5f3 rfm_int_hww/rtc.o
 .debug_line    0x0000000000002371      0x50d rfm_int_hww/main.o
 .debug_line    0x000000000000287e      0x2bb rfm_int_hww/keyboard.o
 .debug_line    0x0000000000002b39      0x1f1 rfm_int_hww/adc.o
 .debug_line    0x0000000000002d2a      0x284 rfm_int_hww/eeprom.o
 .debug_line    0x0000000000002fae      0x76c rfm_int_hww/menu.o
 .debug_line    0x000000000000371a      0x490 rfm_int_hww/lcd.o

.debug_frame    0x0000000000000000      0x710
 *(.debug_frame)
 .debug_frame   0x0000000000000000       0x90 rfm_int_hww/motor.o
 .debug_frame   0x0000000000000090       0x40 rfm_int_hww/controller.o
 .debug_frame   0x00000000000000d0       0x60 rfm_int_hww/rs232_485_hw.o
 .debug_frame   0x0000000000000130       0x20 rfm_int_hww/watch.o
 .debug_frame   0x0000000000000150      0x120 rfm_int_hww/com.o
 .debug_frame   0x0000000000000270       0x90 rfm_int_hww/wireless.o
 .debug_frame   0x0000000000000300       0x30 rfm_int_hww/rfm.o
 .debug_frame   0x0000000000000330       0x20 rfm_int_hww/cmac.o
 .debug_frame   0x0000000000000350      0x120 rfm_int_hww/rtc.o
 .debug_frame   0x0000000000000470       0x20 rfm_int_hww/main.o
 .debug_frame   0x0000000000000490       0x50 rfm_int_hww/keyboard.o
 .debug_frame   0x00000000000004e0       0x50 rfm_int_hww/adc.o
 .debug_frame   0x0000000000000530       0x80 rfm_int_hww/eeprom.o
 .debug_frame   0x00000000000005b0       0x50 rfm_int_hww/menu.o
 .debug_frame   0x0000000000000600      0x110 rfm_int_hww/lcd.o

.debug_str      0x0000000000000000     0x1528
 *(.debug_str)
 .debug_str     0x0000000000000000      0x5ec rfm_int_hww/motor.o
                                        0x64f (size before relaxing)
 .debug_str     0x00000000000005ec      0x184 rfm_int_hww/controller.o
                                        0x51d (size before relaxing)
 .debug_str     0x0000000000000770       0x51 rfm_int_hww/rs232_485_hw.o
                                        0x111 (size before relaxing)
 .debug_str     0x00000000000007c1       0x24 rfm_int_hww/watch.o
                                        0x1b0 (size before relaxing)
 .debug_str     0x00000000000007e5      0x180 rfm_int_hww/com.o
                                        0x5c8 (size before relaxing)
 .debug_str     0x0000000000000965      0x19e rfm_int_hww/wireless.o
                                        0x5d6 (size before relaxing)
 .debug_str     0x0000000000000b03       0x20 rfm_int_hww/rfm.o
                                        0x172 (size before relaxing)
 .debug_str     0x0000000000000b23       0x29 rfm_int_hww/cmac.o
                                         0xf8 (size before relaxing)
 .debug_str     0x0000000000000b4c      0x25c rfm_int_hww/rtc.o
                                        0x668 (size before relaxing)
 .debug_str     0x0000000000000da8       0x83 rfm_int_hww/main.o
                                        0x5cc (size before relaxing)
 .debug_str     0x0000000000000e2b       0xab rfm_int_hww/keyboard.o
                                        0x1bf (size before relaxing)
 .debug_str     0x0000000000000ed6       0xdb rfm_int_hww/adc.o
                                        0x489 (size before relaxing)
 .debug_str     0x0000000000000fb1      0x12d rfm_int_hww/eeprom.o
                                        0x4cc (size before relaxing)
 .debug_str     0x00000000000010de      0x27c rfm_int_hww/menu.o
                                        0x716 (size before relaxing)
 .debug_str     0x000000000000135a      0x1ce rfm_int_hww/lcd.o
                                        0x594 (size before relaxing)

.debug_loc      0x0000000000000000     0x1edd
 *(.debug_loc)
 .debug_loc     0x0000000000000000      0x1ff rfm_int_hww/motor.o
 .debug_loc     0x00000000000001ff      0x38a rfm_int_hww/controller.o
 .debug_loc     0x0000000000000589       0x1e rfm_int_hww/rs232_485_hw.o
 .debug_loc     0x00000000000005a7       0x1e rfm_int_hww/watch.o
 .debug_loc     0x00000000000005c5      0x58d rfm_int_hww/com.o
 .debug_loc     0x0000000000000b52      0x199 rfm_int_hww/wireless.o
 .debug_loc     0x0000000000000ceb       0x30 rfm_int_hww/rfm.o
 .debug_loc     0x0000000000000d1b      0x178 rfm_int_hww/cmac.o
 .debug_loc     0x0000000000000e93      0x4fc rfm_int_hww/rtc.o
 .debug_loc     0x000000000000138f       0x52 rfm_int_hww/main.o
 .debug_loc     0x00000000000013e1       0x26 rfm_int_hww/keyboard.o
 .debug_loc     0x0000000000001407       0xb9 rfm_int_hww/adc.o
 .debug_loc     0x00000000000014c0      0x156 rfm_int_hww/eeprom.o
 .debug_loc     0x0000000000001616      0x3f2 rfm_int_hww/menu.o
 .debug_loc     0x0000000000001a08      0x4d5 rfm_int_hww/lcd.o

.debug_macinfo
 *(.debug_macinfo)
OUTPUT(../bin/rfm_int_hww/hr20.elf elf32-avr)
LOAD linker stubs

.debug_ranges   0x0000000000000000       0x30
 .debug_ranges  0x0000000000000000       0x18 rfm_int_hww/eeprom.o
 .debug_ranges  0x0000000000000018       0x18 rfm_int_hww/menu.o

Cross Reference Table

Symbol                                            File
COM_commad_parse                                  rfm_int_hww/com.o
                                                  rfm_int_hww/main.o
COM_flush                                         rfm_int_hww/com.o
COM_init                                          rfm_int_hww/com.o
                                                  rfm_int_hww/main.o
COM_print_debug                                   rfm_int_hww/com.o
                                                  rfm_int_hww/controller.o
COM_putchar                                       rfm_int_hww/com.o
COM_rx_char_isr                                   rfm_int_hww/com.o
                                                  rfm_int_hww/rs232_485_hw.o
COM_tx_char_isr                                   rfm_int_hww/com.o
                                                  rfm_int_hww/rs232_485_hw.o
COM_wireless_command_parse                        rfm_int_hww/com.o
                                                  rfm_int_hww/wireless.o
CTL_change_mode                                   rfm_int_hww/controller.o
                                                  rfm_int_hww/menu.o
                                                  rfm_int_hww/com.o
CTL_error                                         rfm_int_hww/controller.o
                                                  rfm_int_hww/menu.o
                                                  rfm_int_hww/keyboard.o
                                                  rfm_int_hww/main.o
                                                  rfm_int_hww/wireless.o
                                                  rfm_int_hww/com.o
                                                  rfm_int_hww/motor.o
CTL_mode_auto                                     rfm_int_hww/controller.o
                                                  rfm_int_hww/menu.o
                                                  rfm_int_hww/com.o
                                                  rfm_int_hww/watch.o
CTL_mode_window                                   rfm_int_hww/controller.o
                                                  rfm_int_hww/menu.o
                                                  rfm_int_hww/com.o
                                                  rfm_int_hww/watch.o
CTL_temp_auto                                     rfm_int_hww/controller.o
                                                  rfm_int_hww/menu.o
                                                  rfm_int_hww/com.o
                                                  rfm_int_hww/watch.o
CTL_temp_change_inc                               rfm_int_hww/controller.o
                                                  rfm_int_hww/menu.o
CTL_temp_wanted                                   rfm_int_hww/controller.o
                                                  rfm_int_hww/menu.o
                                                  rfm_int_hww/com.o
                                                  rfm_int_hww/watch.o
CTL_temp_wanted_last                              rfm_int_hww/controller.o
                                                  rfm_int_hww/com.o
                                                  rfm_int_hww/watch.o
CTL_update                                        rfm_int_hww/controller.o
                                                  rfm_int_hww/main.o
EEPROM_read                                       rfm_int_hww/eeprom.o
                                                  rfm_int_hww/main.o
Keys                                              rfm_int_hww/cmac.o
                                                  rfm_int_hww/wireless.o
LCD_AllSegments                                   rfm_int_hww/lcd.o
                                                  rfm_int_hww/menu.o
LCD_CharTablePrgMem                               rfm_int_hww/lcd.o
LCD_Data                                          rfm_int_hww/lcd.o
LCD_FieldOffsetTablePrgMem                        rfm_int_hww/lcd.o
LCD_HourBarBitmap                                 rfm_int_hww/lcd.o
                                                  rfm_int_hww/menu.o
LCD_Init                                          rfm_int_hww/lcd.o
                                                  rfm_int_hww/menu.o
                                                  rfm_int_hww/main.o
LCD_PrintChar                                     rfm_int_hww/lcd.o
                                                  rfm_int_hww/menu.o
LCD_PrintDec                                      rfm_int_hww/lcd.o
                                                  rfm_int_hww/menu.o
LCD_PrintDec3                                     rfm_int_hww/lcd.o
                                                  rfm_int_hww/menu.o
LCD_PrintDecW                                     rfm_int_hww/lcd.o
                                                  rfm_int_hww/menu.o
LCD_PrintHex                                      rfm_int_hww/lcd.o
                                                  rfm_int_hww/menu.o
LCD_PrintHexW                                     rfm_int_hww/lcd.o
                                                  rfm_int_hww/menu.o
LCD_PrintStringID                                 rfm_int_hww/lcd.o
                                                  rfm_int_hww/menu.o
                                                  rfm_int_hww/main.o
LCD_PrintTemp                                     rfm_int_hww/lcd.o
                                                  rfm_int_hww/menu.o
LCD_PrintTempInt                                  rfm_int_hww/lcd.o
                                                  rfm_int_hww/menu.o
LCD_SegHourBarOffsetTablePrgMem                   rfm_int_hww/lcd.o
LCD_SegOffsetTablePrgMem                          rfm_int_hww/lcd.o
LCD_SetHourBarSeg                                 rfm_int_hww/lcd.o
                                                  rfm_int_hww/menu.o
LCD_SetSeg                                        rfm_int_hww/lcd.o
                                                  rfm_int_hww/menu.o
LCD_StringTable                                   rfm_int_hww/lcd.o
LCD_force_update                                  rfm_int_hww/lcd.o
                                                  rfm_int_hww/main.o
LCD_used_bitplanes                                rfm_int_hww/lcd.o
MOTOR_Dir                                         rfm_int_hww/main.o
                                                  rfm_int_hww/motor.o
MOTOR_GetPosPercent                               rfm_int_hww/motor.o
                                                  rfm_int_hww/menu.o
MOTOR_Goto                                        rfm_int_hww/motor.o
                                                  rfm_int_hww/main.o
MOTOR_PosAct                                      rfm_int_hww/motor.o
                                                  rfm_int_hww/watch.o
MOTOR_PosMax                                      rfm_int_hww/motor.o
                                                  rfm_int_hww/watch.o
MOTOR_PosOvershoot                                rfm_int_hww/motor.o
                                                  rfm_int_hww/watch.o
MOTOR_calibration_step                            rfm_int_hww/motor.o
                                                  rfm_int_hww/menu.o
MOTOR_counter                                     rfm_int_hww/watch.o
                                                  rfm_int_hww/motor.o
MOTOR_timer_pulse                                 rfm_int_hww/motor.o
                                                  rfm_int_hww/main.o
MOTOR_timer_stop                                  rfm_int_hww/motor.o
                                                  rfm_int_hww/main.o
MOTOR_updateCalibration                           rfm_int_hww/motor.o
                                                  rfm_int_hww/main.o
PID_force_update                                  rfm_int_hww/controller.o
                                                  rfm_int_hww/com.o
RFM_init                                          rfm_int_hww/rfm.o
                                                  rfm_int_hww/main.o
RS_Init                                           rfm_int_hww/rs232_485_hw.o
                                                  rfm_int_hww/com.o
RS_startSend                                      rfm_int_hww/rs232_485_hw.o
                                                  rfm_int_hww/com.o
RTC                                               rfm_int_hww/rtc.o
                                                  rfm_int_hww/menu.o
                                                  rfm_int_hww/main.o
                                                  rfm_int_hww/wireless.o
                                                  rfm_int_hww/com.o
RTC_ActualTimerTemperature                        rfm_int_hww/rtc.o
                                                  rfm_int_hww/controller.o
RTC_AddOneSecond                                  rfm_int_hww/rtc.o
                                                  rfm_int_hww/main.o
RTC_DS                                            rfm_int_hww/rtc.o
RTC_DayOfMonthTablePrgMem                         rfm_int_hww/rtc.o
RTC_DowTimerGet                                   rfm_int_hww/rtc.o
                                                  rfm_int_hww/menu.o
RTC_DowTimerGetHourBar                            rfm_int_hww/rtc.o
                                                  rfm_int_hww/menu.o
RTC_DowTimerSet                                   rfm_int_hww/rtc.o
                                                  rfm_int_hww/menu.o
                                                  rfm_int_hww/com.o
RTC_Init                                          rfm_int_hww/rtc.o
                                                  rfm_int_hww/main.o
RTC_SetDay                                        rfm_int_hww/rtc.o
                                                  rfm_int_hww/menu.o
                                                  rfm_int_hww/wireless.o
                                                  rfm_int_hww/com.o
RTC_SetHour                                       rfm_int_hww/rtc.o
                                                  rfm_int_hww/menu.o
                                                  rfm_int_hww/wireless.o
                                                  rfm_int_hww/com.o
RTC_SetMinute                                     rfm_int_hww/rtc.o
                                                  rfm_int_hww/menu.o
                                                  rfm_int_hww/wireless.o
                                                  rfm_int_hww/com.o
RTC_SetMonth                                      rfm_int_hww/rtc.o
                                                  rfm_int_hww/menu.o
                                                  rfm_int_hww/wireless.o
                                                  rfm_int_hww/com.o
RTC_SetSecond                                     rfm_int_hww/rtc.o
                                                  rfm_int_hww/menu.o
                                                  rfm_int_hww/wireless.o
                                                  rfm_int_hww/com.o
RTC_SetYear                                       rfm_int_hww/rtc.o
                                                  rfm_int_hww/menu.o
                                                  rfm_int_hww/wireless.o
                                                  rfm_int_hww/com.o
RTC_timer_done                                    rfm_int_hww/rtc.o
                                                  rfm_int_hww/main.o
                                                  rfm_int_hww/wireless.o
RTC_timer_set                                     rfm_int_hww/rtc.o
                                                  rfm_int_hww/keyboard.o
                                                  rfm_int_hww/main.o
                                                  rfm_int_hww/wireless.o
RTC_timer_todo                                    rfm_int_hww/rtc.o
                                                  rfm_int_hww/wireless.o
__bad_interrupt                                   /usr/lib/gcc/avr/4.3.5/../../../avr/lib/avr5/crtm169p.o
__bss_end                                         /usr/lib/gcc/avr/4.3.5/avr5/libgcc.a(_clear_bss.o)
__bss_start                                       /usr/lib/gcc/avr/4.3.5/avr5/libgcc.a(_clear_bss.o)
__data_end                                        /usr/lib/gcc/avr/4.3.5/avr5/libgcc.a(_copy_data.o)
__data_load_start                                 /usr/lib/gcc/avr/4.3.5/avr5/libgcc.a(_copy_data.o)
__data_start                                      /usr/lib/gcc/avr/4.3.5/avr5/libgcc.a(_copy_data.o)
__divmodhi4                                       /usr/lib/gcc/avr/4.3.5/avr5/libgcc.a(_divmodhi4.o)
                                                  rfm_int_hww/lcd.o
                                                  rfm_int_hww/menu.o
                                                  rfm_int_hww/adc.o
                                                  rfm_int_hww/rtc.o
                                                  rfm_int_hww/wireless.o
                                                  rfm_int_hww/controller.o
                                                  rfm_int_hww/motor.o
__divmodqi4                                       /usr/lib/gcc/avr/4.3.5/avr5/libgcc.a(_divmodqi4.o)
                                                  rfm_int_hww/menu.o
__divmodsi4                                       /usr/lib/gcc/avr/4.3.5/avr5/libgcc.a(_divmodsi4.o)
                                                  rfm_int_hww/adc.o
__do_clear_bss                                    /usr/lib/gcc/avr/4.3.5/avr5/libgcc.a(_clear_bss.o)
                                                  rfm_int_hww/lcd.o
                                                  rfm_int_hww/menu.o
                                                  rfm_int_hww/eeprom.o
                                                  rfm_int_hww/adc.o
                                                  rfm_int_hww/keyboard.o
                                                  rfm_int_hww/main.o
                                                  rfm_int_hww/rtc.o
                                                  rfm_int_hww/rfm.o
                                                  rfm_int_hww/wireless.o
                                                  rfm_int_hww/com.o
                                                  rfm_int_hww/watch.o
                                                  rfm_int_hww/controller.o
                                                  rfm_int_hww/motor.o
__do_copy_data                                    /usr/lib/gcc/avr/4.3.5/avr5/libgcc.a(_copy_data.o)
                                                  rfm_int_hww/lcd.o
                                                  rfm_int_hww/menu.o
                                                  rfm_int_hww/eeprom.o
                                                  rfm_int_hww/adc.o
                                                  rfm_int_hww/keyboard.o
                                                  rfm_int_hww/rtc.o
                                                  rfm_int_hww/rfm.o
                                                  rfm_int_hww/com.o
                                                  rfm_int_hww/controller.o
                                                  rfm_int_hww/motor.o
__epilogue_restores__                             /usr/lib/gcc/avr/4.3.5/avr5/libgcc.a(_epilogue.o)
                                                  rfm_int_hww/lcd.o
                                                  rfm_int_hww/eeprom.o
                                                  rfm_int_hww/adc.o
                                                  rfm_int_hww/rtc.o
                                                  rfm_int_hww/cmac.o
                                                  rfm_int_hww/wireless.o
                                                  rfm_int_hww/com.o
__fuse                                            rfm_int_hww/main.o
__heap_end                                        /usr/lib/gcc/avr/4.3.5/../../../avr/lib/avr5/crtm169p.o
__init                                            /usr/lib/gcc/avr/4.3.5/../../../avr/lib/avr5/crtm169p.o
__mulsi3                                          /usr/lib/gcc/avr/4.3.5/avr5/libgcc.a(_mulsi3.o)
                                                  rfm_int_hww/adc.o
                                                  rfm_int_hww/controller.o
__prologue_saves__                                /usr/lib/gcc/avr/4.3.5/avr5/libgcc.a(_prologue.o)
                                                  rfm_int_hww/adc.o
                                                  rfm_int_hww/rtc.o
                                                  rfm_int_hww/cmac.o
                                                  rfm_int_hww/wireless.o
                                                  rfm_int_hww/com.o
__stack                                           /usr/lib/gcc/avr/4.3.5/../../../avr/lib/avr5/crtm169p.o
__tablejump2__                                    /usr/lib/gcc/avr/4.3.5/avr5/libgcc.a(_tablejump.o)
                                                  rfm_int_hww/menu.o
                                                  rfm_int_hww/com.o
__tablejump__                                     /usr/lib/gcc/avr/4.3.5/avr5/libgcc.a(_tablejump.o)
__udivmodhi4                                      /usr/lib/gcc/avr/4.3.5/avr5/libgcc.a(_udivmodhi4.o)
                                                  /usr/lib/gcc/avr/4.3.5/avr5/libgcc.a(_divmodhi4.o)
                                                  rfm_int_hww/lcd.o
                                                  rfm_int_hww/menu.o
                                                  rfm_int_hww/rtc.o
                                                  rfm_int_hww/com.o
                                                  rfm_int_hww/motor.o
__udivmodqi4                                      /usr/lib/gcc/avr/4.3.5/avr5/libgcc.a(_udivmodqi4.o)
                                                  /usr/lib/gcc/avr/4.3.5/avr5/libgcc.a(_divmodqi4.o)
                                                  rfm_int_hww/lcd.o
                                                  rfm_int_hww/menu.o
                                                  rfm_int_hww/main.o
                                                  rfm_int_hww/rtc.o
                                                  rfm_int_hww/com.o
__udivmodsi4                                      /usr/lib/gcc/avr/4.3.5/avr5/libgcc.a(_udivmodsi4.o)
                                                  /usr/lib/gcc/avr/4.3.5/avr5/libgcc.a(_divmodsi4.o)
                                                  rfm_int_hww/adc.o
__vector_1                                        /usr/lib/gcc/avr/4.3.5/../../../avr/lib/avr5/crtm169p.o
__vector_10                                       /usr/lib/gcc/avr/4.3.5/../../../avr/lib/avr5/crtm169p.o
__vector_11                                       rfm_int_hww/motor.o
                                                  /usr/lib/gcc/avr/4.3.5/../../../avr/lib/avr5/crtm169p.o
__vector_12                                       /usr/lib/gcc/avr/4.3.5/../../../avr/lib/avr5/crtm169p.o
__vector_13                                       rfm_int_hww/rs232_485_hw.o
                                                  /usr/lib/gcc/avr/4.3.5/../../../avr/lib/avr5/crtm169p.o
__vector_14                                       rfm_int_hww/rs232_485_hw.o
                                                  /usr/lib/gcc/avr/4.3.5/../../../avr/lib/avr5/crtm169p.o
__vector_15                                       rfm_int_hww/rs232_485_hw.o
                                                  /usr/lib/gcc/avr/4.3.5/../../../avr/lib/avr5/crtm169p.o
__vector_16                                       /usr/lib/gcc/avr/4.3.5/../../../avr/lib/avr5/crtm169p.o
__vector_17                                       /usr/lib/gcc/avr/4.3.5/../../../avr/lib/avr5/crtm169p.o
__vector_18                                       /usr/lib/gcc/avr/4.3.5/../../../avr/lib/avr5/crtm169p.o
__vector_19                                       rfm_int_hww/adc.o
                                                  /usr/lib/gcc/avr/4.3.5/../../../avr/lib/avr5/crtm169p.o
__vector_2                                        rfm_int_hww/motor.o
                                                  /usr/lib/gcc/avr/4.3.5/../../../avr/lib/avr5/crtm169p.o
                                                  rfm_int_hww/main.o
                                                  rfm_int_hww/wireless.o
__vector_20                                       /usr/lib/gcc/avr/4.3.5/../../../avr/lib/avr5/crtm169p.o
__vector_21                                       /usr/lib/gcc/avr/4.3.5/../../../avr/lib/avr5/crtm169p.o
__vector_22                                       rfm_int_hww/lcd.o
                                                  /usr/lib/gcc/avr/4.3.5/../../../avr/lib/avr5/crtm169p.o
__vector_3                                        rfm_int_hww/keyboard.o
                                                  /usr/lib/gcc/avr/4.3.5/../../../avr/lib/avr5/crtm169p.o
__vector_4                                        rfm_int_hww/rtc.o
                                                  /usr/lib/gcc/avr/4.3.5/../../../avr/lib/avr5/crtm169p.o
__vector_5                                        rfm_int_hww/rtc.o
                                                  /usr/lib/gcc/avr/4.3.5/../../../avr/lib/avr5/crtm169p.o
__vector_6                                        /usr/lib/gcc/avr/4.3.5/../../../avr/lib/avr5/crtm169p.o
__vector_7                                        /usr/lib/gcc/avr/4.3.5/../../../avr/lib/avr5/crtm169p.o
__vector_8                                        /usr/lib/gcc/avr/4.3.5/../../../avr/lib/avr5/crtm169p.o
__vector_9                                        /usr/lib/gcc/avr/4.3.5/../../../avr/lib/avr5/crtm169p.o
__vector_default                                  /usr/lib/gcc/avr/4.3.5/../../../avr/lib/avr5/crtm169p.o
__vectors                                         /usr/lib/gcc/avr/4.3.5/../../../avr/lib/avr5/crtm169p.o
_div                                              /usr/lib/gcc/avr/4.3.5/avr5/libgcc.a(_divmodhi4.o)
_exit                                             /usr/lib/gcc/avr/4.3.5/avr5/libgcc.a(_exit.o)
cmac_calc                                         rfm_int_hww/cmac.o
                                                  rfm_int_hww/wireless.o
config                                            rfm_int_hww/lcd.o
                                                  rfm_int_hww/menu.o
                                                  rfm_int_hww/eeprom.o
                                                  rfm_int_hww/adc.o
                                                  rfm_int_hww/main.o
                                                  rfm_int_hww/rtc.o
                                                  rfm_int_hww/wireless.o
                                                  rfm_int_hww/com.o
                                                  rfm_int_hww/controller.o
                                                  rfm_int_hww/motor.o
config_read                                       rfm_int_hww/eeprom.o
                                                  rfm_int_hww/menu.o
crypto_init                                       rfm_int_hww/wireless.o
                                                  rfm_int_hww/main.o
ee_config                                         rfm_int_hww/eeprom.o
ee_layout                                         rfm_int_hww/eeprom.o
                                                  rfm_int_hww/main.o
ee_reserved1                                      rfm_int_hww/eeprom.o
ee_reserved2                                      rfm_int_hww/eeprom.o
ee_reserved2_60                                   rfm_int_hww/eeprom.o
ee_reserved3                                      rfm_int_hww/eeprom.o
ee_timers                                         rfm_int_hww/eeprom.o
eeprom_config_init                                rfm_int_hww/eeprom.o
                                                  rfm_int_hww/main.o
eeprom_config_save                                rfm_int_hww/eeprom.o
                                                  rfm_int_hww/menu.o
                                                  rfm_int_hww/com.o
                                                  rfm_int_hww/motor.o
eeprom_timers_read_raw                            rfm_int_hww/eeprom.o
                                                  rfm_int_hww/rtc.o
                                                  rfm_int_hww/com.o
eeprom_timers_write_raw                           rfm_int_hww/eeprom.o
                                                  rfm_int_hww/rtc.o
exit                                              /usr/lib/gcc/avr/4.3.5/avr5/libgcc.a(_exit.o)
                                                  /usr/lib/gcc/avr/4.3.5/../../../avr/lib/avr5/crtm169p.o
hourbar_buff                                      rfm_int_hww/menu.o
                                                  rfm_int_hww/rtc.o
kb_events                                         rfm_int_hww/keyboard.o
                                                  rfm_int_hww/menu.o
                                                  rfm_int_hww/main.o
kb_timeout                                        rfm_int_hww/keyboard.o
                                                  rfm_int_hww/rtc.o
main                                              rfm_int_hww/main.o
                                                  /usr/lib/gcc/avr/4.3.5/../../../avr/lib/avr5/crtm169p.o
memcpy                                            /usr/lib/gcc/avr/4.3.5/../../../avr/lib/avr5/libc.a(memcpy.o)
                                                  rfm_int_hww/cmac.o
                                                  rfm_int_hww/wireless.o
memcpy_P                                          /usr/lib/gcc/avr/4.3.5/../../../avr/lib/avr5/libc.a(memcpy_P.o)
                                                  rfm_int_hww/wireless.o
menu_auto_update_timeout                          rfm_int_hww/menu.o
                                                  rfm_int_hww/main.o
menu_controller                                   rfm_int_hww/menu.o
                                                  rfm_int_hww/main.o
menu_state                                        rfm_int_hww/menu.o
menu_view                                         rfm_int_hww/menu.o
                                                  rfm_int_hww/main.o
mont_contact_pooling                              rfm_int_hww/keyboard.o
                                                  rfm_int_hww/main.o
motor_diag                                        rfm_int_hww/motor.o
                                                  rfm_int_hww/watch.o
rfm_framebuf                                      rfm_int_hww/rfm.o
                                                  rfm_int_hww/wireless.o
                                                  rfm_int_hww/motor.o
rfm_framepos                                      rfm_int_hww/rfm.o
                                                  rfm_int_hww/wireless.o
                                                  rfm_int_hww/motor.o
rfm_framesize                                     rfm_int_hww/rfm.o
                                                  rfm_int_hww/wireless.o
                                                  rfm_int_hww/motor.o
rfm_mode                                          rfm_int_hww/rfm.o
                                                  rfm_int_hww/main.o
                                                  rfm_int_hww/wireless.o
                                                  rfm_int_hww/motor.o
rfm_spi16                                         rfm_int_hww/rfm.o
                                                  rfm_int_hww/main.o
                                                  rfm_int_hww/wireless.o
                                                  rfm_int_hww/motor.o
ring_average                                      rfm_int_hww/adc.o
                                                  rfm_int_hww/menu.o
                                                  rfm_int_hww/main.o
                                                  rfm_int_hww/com.o
                                                  rfm_int_hww/watch.o
                                                  rfm_int_hww/controller.o
                                                  rfm_int_hww/motor.o
ring_buf_temp_avgs                                rfm_int_hww/adc.o
ring_buf_temp_avgs_pos                            rfm_int_hww/adc.o
sleep_with_ADC                                    rfm_int_hww/adc.o
                                                  rfm_int_hww/main.o
start_task_ADC                                    rfm_int_hww/adc.o
                                                  rfm_int_hww/main.o
state_wheel_prev                                  rfm_int_hww/keyboard.o
                                                  rfm_int_hww/main.o
sumError                                          rfm_int_hww/controller.o
                                                  rfm_int_hww/keyboard.o
                                                  rfm_int_hww/main.o
                                                  rfm_int_hww/com.o
                                                  rfm_int_hww/watch.o
task_ADC                                          rfm_int_hww/adc.o
                                                  rfm_int_hww/main.o
task_keyboard                                     rfm_int_hww/keyboard.o
                                                  rfm_int_hww/main.o
task_keyboard_long_press_detect                   rfm_int_hww/keyboard.o
                                                  rfm_int_hww/main.o
task_lcd_update                                   rfm_int_hww/lcd.o
                                                  rfm_int_hww/main.o
time_sync_tmo                                     rfm_int_hww/wireless.o
                                                  rfm_int_hww/main.o
timmers_patch_data                                rfm_int_hww/menu.o
                                                  rfm_int_hww/eeprom.o
timmers_patch_offset                              rfm_int_hww/eeprom.o
                                                  rfm_int_hww/menu.o
valve_wanted                                      rfm_int_hww/main.o
                                                  rfm_int_hww/com.o
watch                                             rfm_int_hww/watch.o
                                                  rfm_int_hww/menu.o
                                                  rfm_int_hww/com.o
wirelesTimeSyncCheck                              rfm_int_hww/wireless.o
                                                  rfm_int_hww/main.o
wirelessReceivePacket                             rfm_int_hww/wireless.o
                                                  rfm_int_hww/main.o
wirelessSendDone                                  rfm_int_hww/wireless.o
                                                  rfm_int_hww/main.o
wirelessTimer                                     rfm_int_hww/wireless.o
                                                  rfm_int_hww/main.o
wirelessTimerCase                                 rfm_int_hww/wireless.o
                                                  rfm_int_hww/main.o
wireless_async                                    rfm_int_hww/wireless.o
                                                  rfm_int_hww/com.o
wireless_buf_ptr                                  rfm_int_hww/wireless.o
                                                  rfm_int_hww/main.o
wireless_putchar                                  rfm_int_hww/wireless.o
                                                  rfm_int_hww/com.o
wl_force_addr1                                    rfm_int_hww/main.o
                                                  rfm_int_hww/wireless.o
wl_force_addr2                                    rfm_int_hww/main.o
                                                  rfm_int_hww/wireless.o
wl_force_flags                                    rfm_int_hww/main.o
                                                  rfm_int_hww/wireless.o
wl_skip_sync                                      rfm_int_hww/wireless.o
                                                  rfm_int_hww/main.o
xtea_enc                                          rfm_int_hww/xtea-asm.o
                                                  rfm_int_hww/cmac.o
                                                  rfm_int_hww/wireless.o
